###############################################################################
#
# IAR ELF Linker V8.11.2.13589/W32 for ARM                07/Sep/2023  16:06:17
# Copyright 2007-2017 IAR Systems AB.
#
#    Output file  =  
#        C:\Users\Administrator\Desktop\amp_freertos_test\fsbl-v1.0\SDK\fsbl_platform\FreeRTOS\Debug\Exe\FreeRTOS.out
#    Map file     =  
#        C:\Users\Administrator\Desktop\amp_freertos_test\fsbl-v1.0\SDK\fsbl_platform\FreeRTOS\Debug\List\FreeRTOS.map
#    Command line =  
#        -f C:\Users\ADMINI~1\AppData\Local\Temp\EW144E.tmp
#        (C:\Users\Administrator\Desktop\amp_freertos_test\fsbl-v1.0\SDK\fsbl_platform\FreeRTOS\Debug\Obj\cache.o
#        C:\Users\Administrator\Desktop\amp_freertos_test\fsbl-v1.0\SDK\fsbl_platform\FreeRTOS\Debug\Obj\croutine.o
#        C:\Users\Administrator\Desktop\amp_freertos_test\fsbl-v1.0\SDK\fsbl_platform\FreeRTOS\Debug\Obj\cstartup.o
#        C:\Users\Administrator\Desktop\amp_freertos_test\fsbl-v1.0\SDK\fsbl_platform\FreeRTOS\Debug\Obj\event_groups.o
#        C:\Users\Administrator\Desktop\amp_freertos_test\fsbl-v1.0\SDK\fsbl_platform\FreeRTOS\Debug\Obj\exception_handler.o
#        C:\Users\Administrator\Desktop\amp_freertos_test\fsbl-v1.0\SDK\fsbl_platform\FreeRTOS\Debug\Obj\fmsh_common.o
#        C:\Users\Administrator\Desktop\amp_freertos_test\fsbl-v1.0\SDK\fsbl_platform\FreeRTOS\Debug\Obj\fmsh_gic.o
#        C:\Users\Administrator\Desktop\amp_freertos_test\fsbl-v1.0\SDK\fsbl_platform\FreeRTOS\Debug\Obj\fmsh_gic_intr.o
#        C:\Users\Administrator\Desktop\amp_freertos_test\fsbl-v1.0\SDK\fsbl_platform\FreeRTOS\Debug\Obj\fmsh_gic_sinit.o
#        C:\Users\Administrator\Desktop\amp_freertos_test\fsbl-v1.0\SDK\fsbl_platform\FreeRTOS\Debug\Obj\fmsh_gpio.o
#        C:\Users\Administrator\Desktop\amp_freertos_test\fsbl-v1.0\SDK\fsbl_platform\FreeRTOS\Debug\Obj\fmsh_gpio_g.o
#        C:\Users\Administrator\Desktop\amp_freertos_test\fsbl-v1.0\SDK\fsbl_platform\FreeRTOS\Debug\Obj\fmsh_gpio_sinit.o
#        C:\Users\Administrator\Desktop\amp_freertos_test\fsbl-v1.0\SDK\fsbl_platform\FreeRTOS\Debug\Obj\fmsh_gtc.o
#        C:\Users\Administrator\Desktop\amp_freertos_test\fsbl-v1.0\SDK\fsbl_platform\FreeRTOS\Debug\Obj\fmsh_gtc_g.o
#        C:\Users\Administrator\Desktop\amp_freertos_test\fsbl-v1.0\SDK\fsbl_platform\FreeRTOS\Debug\Obj\fmsh_gtc_sinit.o
#        C:\Users\Administrator\Desktop\amp_freertos_test\fsbl-v1.0\SDK\fsbl_platform\FreeRTOS\Debug\Obj\fmsh_print.o
#        C:\Users\Administrator\Desktop\amp_freertos_test\fsbl-v1.0\SDK\fsbl_platform\FreeRTOS\Debug\Obj\fmsh_ttc.o
#        C:\Users\Administrator\Desktop\amp_freertos_test\fsbl-v1.0\SDK\fsbl_platform\FreeRTOS\Debug\Obj\fmsh_ttc_g.o
#        C:\Users\Administrator\Desktop\amp_freertos_test\fsbl-v1.0\SDK\fsbl_platform\FreeRTOS\Debug\Obj\fmsh_ttc_sinit.o
#        C:\Users\Administrator\Desktop\amp_freertos_test\fsbl-v1.0\SDK\fsbl_platform\FreeRTOS\Debug\Obj\fmsh_uart.o
#        C:\Users\Administrator\Desktop\amp_freertos_test\fsbl-v1.0\SDK\fsbl_platform\FreeRTOS\Debug\Obj\fmsh_uart_g.o
#        C:\Users\Administrator\Desktop\amp_freertos_test\fsbl-v1.0\SDK\fsbl_platform\FreeRTOS\Debug\Obj\fmsh_uart_sinit.o
#        C:\Users\Administrator\Desktop\amp_freertos_test\fsbl-v1.0\SDK\fsbl_platform\FreeRTOS\Debug\Obj\FreeRTOS_asm_vectors.o
#        C:\Users\Administrator\Desktop\amp_freertos_test\fsbl-v1.0\SDK\fsbl_platform\FreeRTOS\Debug\Obj\FreeRTOS_tick_config.o
#        C:\Users\Administrator\Desktop\amp_freertos_test\fsbl-v1.0\SDK\fsbl_platform\FreeRTOS\Debug\Obj\heap_4.o
#        C:\Users\Administrator\Desktop\amp_freertos_test\fsbl-v1.0\SDK\fsbl_platform\FreeRTOS\Debug\Obj\led_flash.o
#        C:\Users\Administrator\Desktop\amp_freertos_test\fsbl-v1.0\SDK\fsbl_platform\FreeRTOS\Debug\Obj\list.o
#        C:\Users\Administrator\Desktop\amp_freertos_test\fsbl-v1.0\SDK\fsbl_platform\FreeRTOS\Debug\Obj\main.o
#        C:\Users\Administrator\Desktop\amp_freertos_test\fsbl-v1.0\SDK\fsbl_platform\FreeRTOS\Debug\Obj\mmu_table.o
#        C:\Users\Administrator\Desktop\amp_freertos_test\fsbl-v1.0\SDK\fsbl_platform\FreeRTOS\Debug\Obj\platform.o
#        C:\Users\Administrator\Desktop\amp_freertos_test\fsbl-v1.0\SDK\fsbl_platform\FreeRTOS\Debug\Obj\port.o
#        C:\Users\Administrator\Desktop\amp_freertos_test\fsbl-v1.0\SDK\fsbl_platform\FreeRTOS\Debug\Obj\portASM.o
#        C:\Users\Administrator\Desktop\amp_freertos_test\fsbl-v1.0\SDK\fsbl_platform\FreeRTOS\Debug\Obj\ps_init.o
#        C:\Users\Administrator\Desktop\amp_freertos_test\fsbl-v1.0\SDK\fsbl_platform\FreeRTOS\Debug\Obj\queue.o
#        C:\Users\Administrator\Desktop\amp_freertos_test\fsbl-v1.0\SDK\fsbl_platform\FreeRTOS\Debug\Obj\stream_buffer.o
#        C:\Users\Administrator\Desktop\amp_freertos_test\fsbl-v1.0\SDK\fsbl_platform\FreeRTOS\Debug\Obj\tasks.o
#        C:\Users\Administrator\Desktop\amp_freertos_test\fsbl-v1.0\SDK\fsbl_platform\FreeRTOS\Debug\Obj\timers.o
#        --redirect _Printf=_PrintfFullNoMb --redirect _Scanf=_ScanfFullNoMb -o
#        C:\Users\Administrator\Desktop\amp_freertos_test\fsbl-v1.0\SDK\fsbl_platform\FreeRTOS\Debug\Exe\FreeRTOS.out
#        --map
#        C:\Users\Administrator\Desktop\amp_freertos_test\fsbl-v1.0\SDK\fsbl_platform\FreeRTOS\Debug\List\FreeRTOS.map
#        --config
#        C:\Users\Administrator\Desktop\amp_freertos_test\fsbl-v1.0\SDK\fsbl_platform\FreeRTOS\a7_sram_ddj.icf
#        --semihosting=iar_breakpoint --entry resetHandler --vfe --text_out
#        locale)
#
###############################################################################

*******************************************************************************
*** RUNTIME MODEL ATTRIBUTES
***

CppFlavor       = *
__SystemLibrary = DLib
__dlib_version  = 6


*******************************************************************************
*** HEAP SELECTION
***

The basic heap was selected because no calls to memory allocation
functions were found in the application outside of system library
functions, and there are calls to deallocation functions in the
application.


*******************************************************************************
*** PLACEMENT SUMMARY
***

"P1":  place in [from 0x30004000 to 0x300040ff] { section .vectors };
"P2":  place in [from 0x30004100 to 0x300041ff] { section .freertos_vectors };
"P3":  place in [from 0x30000000 to 0x30003fff] { section .mmu_tbl };
"P4":  place in [from 0x30004200 to 0x3fffffff] { ro };
"P5":  place in [from 0x30004200 to 0x3fffffff] { section .cstartup };
define block IRQ_STACK with size = 512, alignment = 8 { };
define block FIQ_STACK with size = 512, alignment = 8 { };
define block ABT_STACK with size = 512, alignment = 8 { };
define block UND_STACK with size = 512, alignment = 8 { };
define block CSTACK with size = 16K, alignment = 8 { };
define block HEAP with size = 1K, alignment = 8 { };
"P6":  place in [from 0x30004200 to 0x3fffffff] {
          rw, block IRQ_STACK, block FIQ_STACK, block ABT_STACK,
          block UND_STACK, block CSTACK, block HEAP };
initialize by copy with packing = copy, complex ranges { rw };

  Section            Kind        Address     Size  Object
  -------            ----        -------     ----  ------
"P3":                                      0x4000
  .mmu_tbl           ro code  0x30000000   0x4000  mmu_table.o [1]
                            - 0x30004000   0x4000

"P1":                                        0xe0
  .vectors           ro code  0x30004000     0xe0  cstartup.o [1]
                            - 0x300040e0     0xe0

"P2":                                        0x74
  .freertos_vectors  ro code  0x30004100     0x74  FreeRTOS_asm_vectors.o [1]
                            - 0x30004174     0x74

"P4-P6", part 1 of 3:                      0x7978
  .text              ro code  0x30004200   0x109c  tasks.o [1]
  .text              ro code  0x3000529c    0x1bc  main.o [1]
  .text              ro code  0x30005458    0x424  heap_4.o [1]
  .text              ro code  0x3000587c     0x74  ABImemset.o [5]
  .text              ro code  0x300058f0    0x114  list.o [1]
  .text              ro code  0x30005a04    0x390  port.o [1]
  .text              ro code  0x30005d94    0x77c  timers.o [1]
  .text              ro code  0x30006510     0x44  fmsh_gtc.o [1]
  .text              ro code  0x30006554    0x298  cache.o [1]
  .text              ro code  0x300067ec     0x94  platform.o [1]
  .text              ro code  0x30006880     0xa0  fmsh_print.o [1]
  .text              ro code  0x30006920     0xc0  led_flash.o [1]
  .text              ro code  0x300069e0     0x3c  fmsh_gic_sinit.o [1]
  .text              ro code  0x30006a1c    0x454  fmsh_gic.o [1]
  .text              ro code  0x30006e70     0x54  fmsh_gtc_sinit.o [1]
  .text              ro code  0x30006ec4    0x13c  FreeRTOS_tick_config.o [1]
  .text              ro code  0x30007000    0x2a8  portASM.o [1]
  .text              ro code  0x300072a8    0xbd4  queue.o [1]
  .text              ro code  0x30007e7c     0x54  fmsh_uart_sinit.o [1]
  .text              ro code  0x30007ed0    0x80c  fmsh_uart.o [1]
  .text              ro code  0x300086dc     0x3e  vsnprint.o [3]
  .text              ro code  0x3000871a     0x1a  xsnprout.o [3]
  .text              ro code  0x30008734     0x54  strlen.o [5]
  .text              ro code  0x30008788     0x54  fmsh_gpio_sinit.o [1]
  .text              ro code  0x300087dc    0x210  fmsh_gpio.o [1]
  .text              ro code  0x300089ec     0xe8  fmsh_common.o [1]
  .text              ro code  0x30008ad4     0x54  fmsh_ttc_sinit.o [1]
  .text              ro code  0x30008b28    0x354  fmsh_ttc.o [1]
  .text              ro code  0x30008e7c     0xd4  ABImemcpy.o [5]
  .text              ro code  0x30008f50     0x62  round.o [4]
  .text              ro code  0x30008fb2    0xe20  xprintffull_nomb.o [3]
  .text              ro code  0x30009dd2     0x2a  printf.o [3]
  .text              ro code  0x30009dfc      0x6  abort.o [3]
  .rodata            const    0x30009e02      0x2  xprintffull_nomb.o [3]
  .text              ro code  0x30009e04     0x52  DblToU64.o [4]
  .text              ro code  0x30009e58     0x20  strchr.o [5]
  .text              ro code  0x30009e78     0x2e  xfail_s.o [3]
  .text              ro code  0x30009ea8     0x94  memchr.o [5]
  .text              ro code  0x30009f3c    0x130  I64DivMod.o [5]
  .text              ro code  0x3000a06c     0x12  DblMul.o [4]
  .text              ro code  0x3000a080     0x70  frexp.o [4]
  .text              ro code  0x3000a0f0     0x2e  DblCmpLe.o [4]
  .text              ro code  0x3000a120     0x2e  DblCmpGe.o [4]
  .text              ro code  0x3000a150    0x104  ldexp.o [4]
  .text              ro code  0x3000a254      0xe  DblToS32.o [4]
  .text              ro code  0x3000a262      0xe  S32ToDbl.o [4]
  .text              ro code  0x3000a270     0x12  DblSub.o [4]
  .text              ro code  0x3000a282     0x12  DblDiv.o [4]
  .text              ro code  0x3000a294      0xe  DblToU32.o [4]
  .text              ro code  0x3000a2a2      0xe  U32ToDbl.o [4]
  .text              ro code  0x3000a2b0    0x1a8  I32DivMod.o [5]
  .text              ro code  0x3000a458     0x16  exit.o [6]
  .text              ro code  0x3000a470      0x4  I64DivZer.o [5]
  .text              ro code  0x3000a474      0x4  IntDivZer.o [5]
  .text              ro code  0x3000a478     0x76  iarttio.o [6]
  .text              ro code  0x3000a4ee      0x2  iar_semihosting.o [6]
  .text              ro code  0x3000a4f0      0xa  XShttio.o [3]
  .text              ro code  0x3000a4fc    0x158  exception_handler.o [1]
  .cstartup          ro code  0x3000a654    0x134  cstartup.o [1]
  .rodata            const    0x3000a788     0x7c  FreeRTOS_tick_config.o [1]
  .rodata            const    0x3000a804     0x7c  port.o [1]
  .rodata            const    0x3000a880     0x78  fmsh_gpio.o [1]
  .rodata            const    0x3000a8f8     0x78  fmsh_uart.o [1]
  .rodata            const    0x3000a970     0x78  heap_4.o [1]
  .rodata            const    0x3000a9e8     0x74  fmsh_gic.o [1]
  .rodata            const    0x3000aa5c     0x74  fmsh_ttc.o [1]
  .rodata            const    0x3000aad0     0x6c  main.o [1]
  .rodata            const    0x3000ab3c     0x68  queue.o [1]
  .rodata            const    0x3000aba4     0x68  tasks.o [1]
  .rodata            const    0x3000ac0c     0x68  timers.o [1]
  .rodata            const    0x3000ac74     0x4c  exception_handler.o [1]
  .rodata            const    0x3000acc0     0x4c  xprintffull_nomb.o [3]
  .text              ro code  0x3000ad0c     0x40  zero_init3.o [5]
  .rodata            const    0x3000ad4c     0x3c  exception_handler.o [1]
  .rodata            const    0x3000ad88     0x3c  exception_handler.o [1]
  .rodata            const    0x3000adc4     0x34  exception_handler.o [1]
  .text              ro code  0x3000adf8     0x30  data_init.o [5]
  .rodata            const    0x3000ae28     0x2c  exception_handler.o [1]
  .rodata            const    0x3000ae54     0x2c  exception_handler.o [1]
  .rodata            const    0x3000ae80     0x2c  exception_handler.o [1]
  .rodata            const    0x3000aeac     0x2c  exception_handler.o [1]
  .rodata            const    0x3000aed8     0x2c  exception_handler.o [1]
  .text              ro code  0x3000af04     0x2c  cmain.o [5]
  .text              ro code  0x3000af30      0x4  low_level_init.o [3]
  Veneer             ro code  0x3000af34      0x8  - Linker created -
  .text              ro code  0x3000af3c      0x4  exit.o [3]
  .text              ro code  0x3000af40     0x10  cexit.o [5]
  .text              ro code  0x3000af50     0x2c  copy_init3.o [5]
  .text              ro code  0x3000af7c     0x28  fpinit.o [4]
  .rodata            const    0x3000afa4     0x24  exception_handler.o [1]
  .rodata            const    0x3000afc8     0x24  exception_handler.o [1]
  .rodata            const    0x3000afec     0x24  fmsh_common.o [1]
  .text              ro code  0x3000b010     0x24  iarwrite.o [6]
  .text              ro code  0x3000b034     0x22  iarwstd.o [6]
  .iar.init_table    const    0x3000b058     0x24  - Linker created -
  .rodata            const    0x3000b07c     0x20  exception_handler.o [1]
  .rodata            const    0x3000b09c     0x20  xfail_s.o [3]
  .text              ro code  0x3000b0bc     0x20  putchar.o [3]
  .text              ro code  0x3000b0dc      0xc  write.o [6]
  .text              ro code  0x3000b0e8     0x14  dwrite.o [6]
  .rodata            const    0x3000b0fc     0x1c  exception_handler.o [1]
  .rodata            const    0x3000b118     0x1c  exception_handler.o [1]
  .rodata            const    0x3000b134     0x1c  exception_handler.o [1]
  .rodata            const    0x3000b150     0x1c  exception_handler.o [1]
  .rodata            const    0x3000b16c     0x1c  exception_handler.o [1]
  .rodata            const    0x3000b188     0x1c  led_flash.o [1]
  .rodata            const    0x3000b1a4     0x1c  main.o [1]
  .rodata            const    0x3000b1c0     0x18  exception_handler.o [1]
  .rodata            const    0x3000b1d8     0x18  exception_handler.o [1]
  .rodata            const    0x3000b1f0     0x18  exception_handler.o [1]
  .rodata            const    0x3000b208     0x18  exception_handler.o [1]
  .text              ro code  0x3000b220     0x16  xprout.o [3]
  .rodata            const    0x3000b238     0x14  exception_handler.o [1]
  .rodata            const    0x3000b24c     0x14  exception_handler.o [1]
  .rodata            const    0x3000b260     0x14  exception_handler.o [1]
  .rodata            const    0x3000b274     0x14  exception_handler.o [1]
  .rodata            const    0x3000b288     0x10  exception_handler.o [1]
  .rodata            const    0x3000b298     0x10  xprintffull_nomb.o [3]
  .rodata            const    0x3000b2a8      0xc  exception_handler.o [1]
  .rodata            const    0x3000b2b4      0xc  led_flash.o [1]
  .rodata            const    0x3000b2c0      0x8  tasks.o [1]
  .rodata            const    0x3000b2c8      0x8  timers.o [1]
  .rodata            const    0x3000b2d0      0x8  timers.o [1]
  .rodata            const    0x3000b2d8      0x8  xprintffull_nomb.o [3]
  .rodata            const    0x3000b2e0      0x4  heap_4.o [1]
  .rodata            const    0x3000b2e4      0x4  iarttio.o [6]
  .rodata            const    0x3000b2e8      0x0  zero_init3.o [5]
  .rodata            const    0x3000b2e8      0x0  copy_init3.o [5]
  P4-P6 s0                    0x3000b2e8    0x448  <Init block>
    .data            inited   0x3000b2e8    0x2ec  fmsh_gic_sinit.o [1]
    .data            inited   0x3000b5d4     0xb8  exception_handler.o [1]
    .data            inited   0x3000b68c     0x38  exception_handler.o [1]
    .data            inited   0x3000b6c4     0x20  fmsh_gpio_g.o [1]
    .data            inited   0x3000b6e4     0x20  fmsh_uart_g.o [1]
    .data            inited   0x3000b704     0x10  fmsh_ttc_g.o [1]
    .data            inited   0x3000b714      0x8  fmsh_gtc_g.o [1]
    .data            inited   0x3000b71c      0x8  XShttio.o [3]
    .data            inited   0x3000b724      0x4  FreeRTOS_tick_config.o [1]
    .data            inited   0x3000b728      0x4  led_flash.o [1]
    .data            inited   0x3000b72c      0x4  port.o [1]
  Initializer bytes  const    0x3000b730    0x448  <for P4-P6 s0>
                            - 0x3000bb78   0x7978

"P4-P6", part 2 of 3:                     0x10f9c
  .bss               zero     0x3000bb78  0x10000  heap_4.o [1]
  .bss               zero     0x3001bb78    0x7d0  main.o [1]
  .bss               zero     0x3001c348    0x3e8  main.o [1]
  .bss               zero     0x3001c730     0x8c  tasks.o [1]
  .bss               zero     0x3001c7bc     0x74  platform.o [1]
  .bss               zero     0x3001c830     0x5c  main.o [1]
  .bss               zero     0x3001c88c     0x5c  main.o [1]
  .bss               zero     0x3001c8e8     0x54  timers.o [1]
  .bss               zero     0x3001c93c     0x50  timers.o [1]
  .bss               zero     0x3001c98c     0x40  queue.o [1]
  .bss               zero     0x3001c9cc     0x20  FreeRTOS_tick_config.o [1]
  .bss               zero     0x3001c9ec     0x14  tasks.o [1]
  .bss               zero     0x3001ca00     0x14  tasks.o [1]
  .bss               zero     0x3001ca14     0x14  tasks.o [1]
  .bss               zero     0x3001ca28     0x14  tasks.o [1]
  .bss               zero     0x3001ca3c     0x14  tasks.o [1]
  .bss               zero     0x3001ca50     0x14  timers.o [1]
  .bss               zero     0x3001ca64     0x14  timers.o [1]
  .bss               zero     0x3001ca78     0x10  main.o [1]
  .bss               zero     0x3001ca88      0xc  main.o [1]
  .bss               zero     0x3001ca94      0x8  heap_4.o [1]
  .bss               zero     0x3001ca9c      0x4  heap_4.o [1]
  .bss               zero     0x3001caa0      0x4  heap_4.o [1]
  .bss               zero     0x3001caa4      0x4  heap_4.o [1]
  .bss               zero     0x3001caa8      0x4  heap_4.o [1]
  .bss               zero     0x3001caac      0x4  port.o [1]
  .bss               zero     0x3001cab0      0x4  port.o [1]
  .bss               zero     0x3001cab4      0x4  port.o [1]
  .bss               zero     0x3001cab8      0x4  tasks.o [1]
  .bss               zero     0x3001cabc      0x4  tasks.o [1]
  .bss               zero     0x3001cac0      0x4  tasks.o [1]
  .bss               zero     0x3001cac4      0x4  tasks.o [1]
  .bss               zero     0x3001cac8      0x4  tasks.o [1]
  .bss               zero     0x3001cacc      0x4  tasks.o [1]
  .bss               zero     0x3001cad0      0x4  tasks.o [1]
  .bss               zero     0x3001cad4      0x4  tasks.o [1]
  .bss               zero     0x3001cad8      0x4  tasks.o [1]
  .bss               zero     0x3001cadc      0x4  tasks.o [1]
  .bss               zero     0x3001cae0      0x4  tasks.o [1]
  .bss               zero     0x3001cae4      0x4  tasks.o [1]
  .bss               zero     0x3001cae8      0x4  tasks.o [1]
  .bss               zero     0x3001caec      0x4  tasks.o [1]
  .bss               zero     0x3001caf0      0x4  tasks.o [1]
  .bss               zero     0x3001caf4      0x4  tasks.o [1]
  .bss               zero     0x3001caf8      0x4  tasks.o [1]
  .bss               zero     0x3001cafc      0x4  timers.o [1]
  .bss               zero     0x3001cb00      0x4  timers.o [1]
  .bss               zero     0x3001cb04      0x4  timers.o [1]
  .bss               zero     0x3001cb08      0x4  timers.o [1]
  .bss               zero     0x3001cb0c      0x4  timers.o [1]
  .bss               zero     0x3001cb10      0x4  xfail_s.o [3]
                            - 0x3001cb14  0x10f9c

"P4-P6", part 3 of 3:                      0x4800
  IRQ_STACK                   0x3001cb18    0x200  <Block>
    IRQ_STACK        uninit   0x3001cb18    0x200  <Block tail>
  FIQ_STACK                   0x3001cd18    0x200  <Block>
    FIQ_STACK        uninit   0x3001cd18    0x200  <Block tail>
  ABT_STACK                   0x3001cf18    0x200  <Block>
    ABT_STACK        uninit   0x3001cf18    0x200  <Block tail>
  UND_STACK                   0x3001d118    0x200  <Block>
    UND_STACK        uninit   0x3001d118    0x200  <Block tail>
  CSTACK                      0x3001d318   0x4000  <Block>
    CSTACK           uninit   0x3001d318   0x4000  <Block tail>
                            - 0x30021318   0x4800


*******************************************************************************
*** INIT TABLE
***

          Address     Size
          -------     ----
Zero (__iar_zero_init3)
    1 destination range, total size 0x10f9c:
          0x3000bb78  0x10f9c

Copy (__iar_copy_init3)
    1 source range, total size 0x448:
          0x3000b730    0x448
    1 destination range, total size 0x448:
          0x3000b2e8    0x448



*******************************************************************************
*** MODULE SUMMARY
***

    Module                  ro code  ro data  rw data
    ------                  -------  -------  -------
C:\Users\Administrator\Desktop\amp_freertos_test\fsbl-v1.0\SDK\fsbl_platform\FreeRTOS\Debug\Obj: [1]
    FreeRTOS_asm_vectors.o      116
    FreeRTOS_tick_config.o      316      128       36
    cache.o                     664
    cstartup.o                  532
    exception_handler.o         344    1 156      240
    fmsh_common.o               232       36
    fmsh_gic.o                1 108      116
    fmsh_gic_sinit.o             60      748      748
    fmsh_gpio.o                 528      120
    fmsh_gpio_g.o                         32       32
    fmsh_gpio_sinit.o            84
    fmsh_gtc.o                   68
    fmsh_gtc_g.o                           8        8
    fmsh_gtc_sinit.o             84
    fmsh_print.o                160
    fmsh_ttc.o                  852      116
    fmsh_ttc_g.o                          16       16
    fmsh_ttc_sinit.o             84
    fmsh_uart.o               2 060      120
    fmsh_uart_g.o                         32       32
    fmsh_uart_sinit.o            84
    heap_4.o                  1 060      124   65 560
    led_flash.o                 192       44        4
    list.o                      276
    main.o                      444      136    3 212
    mmu_table.o              16 384
    platform.o                  148               116
    port.o                      912      128       16
    portASM.o                   680
    queue.o                   3 028      104       64
    tasks.o                   4 252      112      308
    timers.o                  1 916      120      224
    -------------------------------------------------
    Total:                   36 668    3 396   70 616

command line: [2]
    -------------------------------------------------
    Total:

dl7Sx_tln.a: [3]
    XShttio.o                    10        8        8
    abort.o                       6
    exit.o                        4
    low_level_init.o              4
    printf.o                     42
    putchar.o                    32
    vsnprint.o                   62
    xfail_s.o                    46       32        4
    xprintffull_nomb.o        3 616      102
    xprout.o                     22
    xsnprout.o                   26
    -------------------------------------------------
    Total:                    3 870      142       12

m7Sx_tlv.a: [4]
    DblCmpGe.o                   46
    DblCmpLe.o                   46
    DblDiv.o                     18
    DblMul.o                     18
    DblSub.o                     18
    DblToS32.o                   14
    DblToU32.o                   14
    DblToU64.o                   82
    S32ToDbl.o                   14
    U32ToDbl.o                   14
    fpinit.o                     40
    frexp.o                     112
    ldexp.o                     260
    round.o                      98
    -------------------------------------------------
    Total:                      794

rt7Sx_tl.a: [5]
    ABImemcpy.o                 212
    ABImemset.o                 116
    I32DivMod.o                 424
    I64DivMod.o                 304
    I64DivZer.o                   4
    IntDivZer.o                   4
    cexit.o                      16
    cmain.o                      44
    copy_init3.o                 44
    data_init.o                  48
    memchr.o                    148
    strchr.o                     32
    strlen.o                     84
    zero_init3.o                 64
    -------------------------------------------------
    Total:                    1 544

sh7Sxi_l.a: [6]
    dwrite.o                     20
    exit.o                       22
    iar_semihosting.o             2
    iarttio.o                   118        4
    iarwrite.o                   36
    iarwstd.o                    34
    write.o                      12
    -------------------------------------------------
    Total:                      244        4

    Gaps                         14        4
    Linker created                8       36   18 432
-----------------------------------------------------
    Grand Total:             43 142    3 582   89 060


*******************************************************************************
*** ENTRY LIST
***

Entry                      Address     Size  Type      Object
-----                      -------     ----  ----      ------
.iar.init_table$$Base   0x3000b058            --   Gb  - Linker created -
.iar.init_table$$Limit  0x3000b07c            --   Gb  - Linker created -
?main                   0x3000af04           Code  Gb  cmain.o [5]
ABT_STACK$$Base         0x3001cf18            --   Gb  - Linker created -
ABT_STACK$$Limit        0x3001d118            --   Gb  - Linker created -
Abort_C_Handler         0x3000a500     0x70  Code  Gb  exception_handler.o [1]
CPUInitialize           0x30006a20     0x30  Code  Lc  fmsh_gic.o [1]
CSTACK$$Base            0x3001d318            --   Gb  - Linker created -
CSTACK$$Limit           0x30021318            --   Gb  - Linker created -
DistributorInit         0x30006a1c      0x4  Code  Lc  fmsh_gic.o [1]
FGicPs_CfgInitialize    0x30006a50     0xd0  Code  Gb  fmsh_gic.o [1]
FGicPs_ConfigTable      0x3000b2e8    0x2ec  Data  Gb  fmsh_gic_sinit.o [1]
FGicPs_Connect          0x30006b20     0x98  Code  Gb  fmsh_gic.o [1]
FGicPs_Enable           0x30006bb8     0x84  Code  Gb  fmsh_gic.o [1]
FGicPs_InterruptMaptoCpu
                        0x30006ddc     0x7c  Code  Gb  fmsh_gic.o [1]
FGicPs_LookupConfig     0x300069e0     0x3c  Code  Gb  fmsh_gic_sinit.o [1]
FGicPs_SetPriorityTriggerType
                        0x30006c68    0x174  Code  Gb  fmsh_gic.o [1]
FGpioPs_ConfigTable     0x3000b6c4     0x20  Data  Gb  fmsh_gpio_g.o [1]
FGpioPs_LookupConfig    0x30008788     0x54  Code  Gb  fmsh_gpio_sinit.o [1]
FGpioPs_getIdCode       0x300089a4     0x44  Code  Gb  fmsh_gpio.o [1]
FGpioPs_getVerIdCode    0x30008964     0x40  Code  Gb  fmsh_gpio.o [1]
FGpioPs_init            0x300087dc     0x34  Code  Gb  fmsh_gpio.o [1]
FGpioPs_output_example  0x30006920     0x70  Code  Gb  led_flash.o [1]
FGpioPs_setBitDirection
                        0x300088bc     0xa8  Code  Gb  fmsh_gpio.o [1]
FGpioPs_writeBit        0x30008810     0xac  Code  Gb  fmsh_gpio.o [1]
FGtcPs_ConfigTable      0x3000b714      0x8  Data  Gb  fmsh_gtc_g.o [1]
FGtcPs_LookupConfig     0x30006e70     0x54  Code  Gb  fmsh_gtc_sinit.o [1]
FGtcPs_enableCounter    0x30006524     0x1c  Code  Gb  fmsh_gtc.o [1]
FGtcPs_getConuterL      0x30006540     0x14  Code  Gb  fmsh_gtc.o [1]
FGtcPs_init             0x30006510     0x14  Code  Gb  fmsh_gtc.o [1]
FIQInterrupt            0x3000a608     0x1c  Code  Gb  exception_handler.o [1]
FIQ_Handler             0x30004078           Code  Gb  cstartup.o [1]
FIQ_STACK$$Base         0x3001cd18            --   Gb  - Linker created -
FIQ_STACK$$Limit        0x3001cf18            --   Gb  - Linker created -
FMSH_ExceptionNullHandler
                        0x3000a4fc      0x4  Code  Lc  exception_handler.o [1]
FMSH_In32               0x30006e60      0x8  Code  Gb  fmsh_gic.o [1]
FMSH_Out32              0x30006e68      0x8  Code  Gb  fmsh_gic.o [1]
FTtcPs_ClearTimerNInterrupt
                        0x30008de8     0x90  Code  Gb  fmsh_ttc.o [1]
FTtcPs_ConfigTable      0x3000b704     0x10  Data  Gb  fmsh_ttc_g.o [1]
FTtcPs_LookupConfig     0x30008ad4     0x54  Code  Gb  fmsh_ttc_sinit.o [1]
FTtcPs_TimerNLoadCount  0x30008d50     0x98  Code  Gb  fmsh_ttc.o [1]
FTtcPs_init             0x30008b28     0x1c  Code  Gb  fmsh_ttc.o [1]
FTtcPs_setTimerEnble    0x30008b44    0x100  Code  Gb  fmsh_ttc.o [1]
FTtcPs_setTimerMode     0x30008c44    0x10c  Code  Gb  fmsh_ttc.o [1]
FUartPs_ConfigTable     0x3000b6e4     0x20  Data  Gb  fmsh_uart_g.o [1]
FUartPs_LookupConfig    0x30007e7c     0x54  Code  Gb  fmsh_uart_sinit.o [1]
FUartPs_areFifosEnabled
                        0x300082dc     0x74  Code  Gb  fmsh_uart.o [1]
FUartPs_autoCompParams  0x30008618     0xbc  Code  Gb  fmsh_uart.o [1]
FUartPs_disableIrq      0x30008430     0x74  Code  Gb  fmsh_uart.o [1]
FUartPs_enableFifos     0x30008260     0x7c  Code  Gb  fmsh_uart.o [1]
FUartPs_getLineStatus   0x30008358     0x70  Code  Gb  fmsh_uart.o [1]
FUartPs_getTxTrigger    0x300084a4     0x68  Code  Gb  fmsh_uart.o [1]
FUartPs_init            0x30007ed0     0x5c  Code  Gb  fmsh_uart.o [1]
FUartPs_isBusy          0x30007f2c     0x70  Code  Gb  fmsh_uart.o [1]
FUartPs_resetInstance   0x30008514    0x104  Code  Gb  fmsh_uart.o [1]
FUartPs_resetRxFifo     0x30008000     0x64  Code  Gb  fmsh_uart.o [1]
FUartPs_resetTxFifo     0x30007f9c     0x64  Code  Gb  fmsh_uart.o [1]
FUartPs_setBaudRate     0x3000813c     0x78  Code  Gb  fmsh_uart.o [1]
FUartPs_setClockDivisor
                        0x30008064     0xd8  Code  Gb  fmsh_uart.o [1]
FUartPs_setLineControl  0x300081b4     0xac  Code  Gb  fmsh_uart.o [1]
FUartPs_write           0x300083c8     0x68  Code  Gb  fmsh_uart.o [1]
FreeRTOS_IRQ_Handler    0x300070f8           Code  Gb  portASM.o [1]
FreeRTOS_SWI_Handler    0x30007000           Code  Gb  portASM.o [1]
FreeRTOS_Tick_Handler   0x30005c44     0x5c  Code  Gb  port.o [1]
IRQInterrupt            0x3000a5ec     0x1c  Code  Gb  exception_handler.o [1]
IRQ_Handler             0x30004038           Code  Gb  cstartup.o [1]
IRQ_STACK$$Base         0x3001cb18            --   Gb  - Linker created -
IRQ_STACK$$Limit        0x3001cd18            --   Gb  - Linker created -
Led_Pin                 0x3000b728      0x4  Data  Lc  led_flash.o [1]
LoadInt                 0x30009151     0x7a  Code  Lc  xprintffull_nomb.o [3]
MMUTable                0x30000000           Code  Gb  mmu_table.o [1]
Prefetch_C_Handler      0x3000a570     0x5c  Code  Gb  exception_handler.o [1]
Region$$Table$$Base     0x3000b058            --   Gb  - Linker created -
Region$$Table$$Limit    0x3000b07c            --   Gb  - Linker created -
SVCHandler              0x300040b8           Code  Gb  cstartup.o [1]
SWInterrupt             0x3000a5cc     0x10  Code  Gb  exception_handler.o [1]
SendData                0x300068d0     0x50  Code  Lc  fmsh_print.o [1]
StubHandler             0x30006c3c     0x2c  Code  Lc  fmsh_gic.o [1]
UND_STACK$$Base         0x3001d118            --   Gb  - Linker created -
UND_STACK$$Limit        0x3001d318            --   Gb  - Linker created -
Undefined_C_Handler     0x3000a5dc     0x10  Code  Gb  exception_handler.o [1]
XExc_VectorTable        0x3000b68c     0x38  Data  Gb  exception_handler.o [1]
_GenldFullNoMb          0x30009b3d    0x268  Code  Lc  xprintffull_nomb.o [3]
_LdtobFullNoMb          0x300096ef    0x448  Code  Lc  xprintffull_nomb.o [3]
_LitobFullNoMb          0x3000958f    0x116  Code  Lc  xprintffull_nomb.o [3]
_PrintfFullNoMb         0x30008fb3    0x198  Code  Gb  xprintffull_nomb.o [3]
_Prout                  0x3000b221     0x16  Code  Gb  xprout.o [3]
_PutcharsFullNoMb       0x30009da5     0x2e  Code  Lc  xprintffull_nomb.o [3]
_PutfldFullNoMb         0x300091cb    0x2b6  Code  Lc  xprintffull_nomb.o [3]
_PuttxtFullNoMb         0x30009481    0x10e  Code  Lc  xprintffull_nomb.o [3]
_SNProut                0x3000871b     0x1a  Code  Gb  xsnprout.o [3]
__ICFEDIT_region_RAM_end__ {Abs}
                        0x3fffffff           Data  Gb  command line/config [2]
__ICFEDIT_region_RAM_start__ {Abs}
                        0x30004000           Data  Gb  command line/config [2]
__ICFEDIT_size_cstack__ {Abs}
                        0x00004000           Data  Gb  command line/config [2]
__ICFEDIT_size_fiqstack__ {Abs}
                        0x00000200           Data  Gb  command line/config [2]
__ICFEDIT_size_heap__ {Abs}
                        0x00000400           Data  Gb  command line/config [2]
__ICFEDIT_size_irqstack__ {Abs}
                        0x00000200           Data  Gb  command line/config [2]
__ICFEDIT_size_vectors__ {Abs}
                        0x00000100           Data  Gb  command line/config [2]
__aeabi_cdcmple         0x3000a0f1           Code  Gb  DblCmpLe.o [4]
__aeabi_cdrcmple        0x3000a121           Code  Gb  DblCmpGe.o [4]
__aeabi_d2iz            0x3000a255      0xe  Code  Gb  DblToS32.o [4]
__aeabi_d2uiz           0x3000a295      0xe  Code  Gb  DblToU32.o [4]
__aeabi_d2ulz           0x30009e05           Code  Gb  DblToU64.o [4]
__aeabi_ddiv            0x3000a283     0x12  Code  Gb  DblDiv.o [4]
__aeabi_dmul            0x3000a06d     0x12  Code  Gb  DblMul.o [4]
__aeabi_dsub            0x3000a271     0x12  Code  Gb  DblSub.o [4]
__aeabi_i2d             0x3000a263      0xe  Code  Gb  S32ToDbl.o [4]
__aeabi_idiv            0x3000a2b0           Code  Gb  I32DivMod.o [5]
__aeabi_idiv0           0x3000a474           Code  Gb  IntDivZer.o [5]
__aeabi_idivmod         0x3000a2b0           Code  Gb  I32DivMod.o [5]
__aeabi_ldiv0           0x3000a470           Code  Gb  I64DivZer.o [5]
__aeabi_memcpy          0x30008e7c           Code  Gb  ABImemcpy.o [5]
__aeabi_memcpy4         0x30008ea0           Code  Gb  ABImemcpy.o [5]
__aeabi_memcpy8         0x30008ea0           Code  Gb  ABImemcpy.o [5]
__aeabi_memset          0x3000587c           Code  Gb  ABImemset.o [5]
__aeabi_ui2d            0x3000a2a3      0xe  Code  Gb  U32ToDbl.o [4]
__aeabi_uidiv           0x3000a2dc           Code  Gb  I32DivMod.o [5]
__aeabi_uidivmod        0x3000a2dc           Code  Gb  I32DivMod.o [5]
__aeabi_uldivmod        0x30009f3c           Code  Gb  I64DivMod.o [5]
__cmain                 0x3000af04           Code  Gb  cmain.o [5]
__dwrite                0x3000b0e9     0x14  Code  Gb  dwrite.o [6]
__exit                  0x3000a459     0x16  Code  Gb  exit.o [6]
__iar_Fail_s            0x30009e79     0x2e  Code  Gb  xfail_s.o [3]
__iar_Memchr            0x30009ea8           Code  Gb  memchr.o [5]
__iar_Memset            0x3000587c           Code  Gb  ABImemset.o [5]
__iar_Memset_word       0x30005884           Code  Gb  ABImemset.o [5]
__iar_Strchr            0x30009e58           Code  Gb  strchr.o [5]
__iar_close_ttio        0x3000a479     0x32  Code  Gb  iarttio.o [6]
__iar_copy_init3        0x3000af51     0x2c  Code  Gb  copy_init3.o [5]
__iar_data_init3        0x3000adf9     0x30  Code  Gb  data_init.o [5]
__iar_frexp             0x3000a08d           Code  Gb  frexp.o [4]
__iar_frexpl            0x3000a08d           Code  Gb  frexp.o [4]
__iar_get_ttio          0x3000a4ab     0x44  Code  Gb  iarttio.o [6]
__iar_init_vfp          0x3000af90           Code  Gb  fpinit.o [4]
__iar_init_vfp_v6       0x3000af7c           Code  Gb  fpinit.o [4]
__iar_ldexp64           0x3000a165           Code  Gb  ldexp.o [4]
__iar_lookup_ttioh      0x3000a4f1      0xa  Code  Gb  XShttio.o [3]
__iar_round64           0x30008f61           Code  Gb  round.o [4]
__iar_scalbln64         0x3000a165           Code  Gb  ldexp.o [4]
__iar_scalbn64          0x3000a165           Code  Gb  ldexp.o [4]
__iar_semihosting       0x3000a4ef      0x2  Code  Gb  iar_semihosting.o [6]
__iar_sh_stdout         0x3000b035     0x22  Code  Gb  iarwstd.o [6]
__iar_sh_write          0x3000b011     0x24  Code  Gb  iarwrite.o [6]
__iar_softfp___iar_frexp64
                        0x3000a081           Code  Gb  frexp.o [4]
__iar_softfp___iar_ldexp64
                        0x3000a151           Code  Gb  ldexp.o [4]
__iar_softfp___iar_scalbln64
                        0x3000a151           Code  Gb  ldexp.o [4]
__iar_softfp___iar_scalbn64
                        0x3000a151           Code  Gb  ldexp.o [4]
__iar_softfp_frexp      0x3000a081           Code  Gb  frexp.o [4]
__iar_softfp_frexpl     0x3000a081           Code  Gb  frexp.o [4]
__iar_softfp_ldexp      0x3000a151           Code  Gb  ldexp.o [4]
__iar_softfp_ldexpl     0x3000a151           Code  Gb  ldexp.o [4]
__iar_softfp_scalbln    0x3000a151           Code  Gb  ldexp.o [4]
__iar_softfp_scalblnl   0x3000a151           Code  Gb  ldexp.o [4]
__iar_softfp_scalbn     0x3000a151           Code  Gb  ldexp.o [4]
__iar_softfp_scalbnl    0x3000a151           Code  Gb  ldexp.o [4]
__iar_systems$$module {Abs}
                        0x00000001           Data  Gb  command line/config [2]
__iar_ttio_handles      0x3000b71c      0x8  Data  Lc  XShttio.o [3]
__iar_vfp___iar_round64
                        0x30008f51           Code  Gb  round.o [4]
__iar_vfp_round         0x30008f51           Code  Gb  round.o [4]
__iar_vfp_roundl        0x30008f51           Code  Gb  round.o [4]
__iar_zero_init3        0x3000ad0d     0x40  Code  Gb  zero_init3.o [5]
__low_level_init        0x3000af31      0x4  Code  Gb  low_level_init.o [3]
__write                 0x3000b0dd      0xc  Code  Gb  write.o [6]
_call_main              0x3000af18           Code  Gb  cmain.o [5]
_exit                   0x3000af40           Code  Gb  cexit.o [5]
_freertos_vector_table  0x30004100           Code  Gb  FreeRTOS_asm_vectors.o [1]
_main                   0x3000af20           Code  Gb  cmain.o [5]
abort                   0x30009dfd      0x6  Code  Gb  abort.o [3]
abort_status            0x3000b5d4     0xb8  Data  Lc  exception_handler.o [1]
dcache_enable           0x300067bc     0x30  Code  Gb  cache.o [1]
delay_ms                0x30008a64     0x64  Code  Gb  fmsh_common.o [1]
exit                    0x3000af3d      0x4  Code  Gb  exit.o [3]
fmsh_print              0x30006880     0x4c  Code  Gb  fmsh_print.o [1]
g_UART                  0x3001c7bc     0x74  Data  Gb  platform.o [1]
get_ccsidr              0x30006578      0x8  Code  Lc  cache.o [1]
get_clidr               0x30006580      0x8  Code  Lc  cache.o [1]
get_cpsr                0x30006568      0x8  Code  Lc  cache.o [1]
get_cr                  0x30006554      0x8  Code  Lc  cache.o [1]
get_current_time        0x30008a24     0x40  Code  Gb  fmsh_common.o [1]
global_timer_enable     0x30008a10     0x14  Code  Gb  fmsh_common.o [1]
icache_enable           0x3000677c     0x18  Code  Gb  cache.o [1]
init_platform           0x30006874      0xc  Code  Gb  platform.o [1]
init_uart               0x300067ec     0x84  Code  Gb  platform.o [1]
invalidate_dcache_all   0x30006794     0x28  Code  Gb  cache.o [1]
ldexp                   0x3000a165           Code  Gb  ldexp.o [4]
ldexpl                  0x3000a165           Code  Gb  ldexp.o [4]
led_flash               0x30006990     0x3c  Code  Gb  led_flash.o [1]
main                    0x3000529c     0x28  Code  Gb  main.o [1]
memchr                  0x30009ea8           Code  Gb  memchr.o [5]
mmu_enabled             0x30006718     0x10  Code  Lc  cache.o [1]
mmu_setup               0x30006728     0x50  Code  Gb  cache.o [1]
onAssert__              0x300089ec     0x24  Code  Gb  fmsh_common.o [1]
printf                  0x30009dd3     0x2a  Code  Gb  printf.o [3]
prvAddCurrentTaskToDelayedList
                        0x30005178     0xf8  Code  Lc  tasks.o [1]
prvAddNewTaskToReadyList
                        0x300044cc    0x108  Code  Lc  tasks.o [1]
prvCheckForValidListAndQueue
                        0x30006450     0x8c  Code  Lc  timers.o [1]
prvCheckForValidListAndQueue{1}{2}{3}{4}::ucStaticTimerQueueStorage
                        0x3001c93c     0x50  Data  Lc  timers.o [1]
prvCheckForValidListAndQueue{1}{2}{3}{4}::xStaticTimerQueue
                        0x3001c8e8     0x54  Data  Lc  timers.o [1]
prvCheckTasksWaitingTermination
                        0x30004ec4     0x6c  Code  Lc  tasks.o [1]
prvCopyDataFromQueue    0x30007b74     0x5c  Code  Lc  queue.o [1]
prvCopyDataToQueue      0x30007a6c    0x108  Code  Lc  queue.o [1]
prvDeleteTCB            0x30004f3c     0x5c  Code  Lc  tasks.o [1]
prvGetNextExpireTime    0x30006080     0x50  Code  Lc  timers.o [1]
prvHeapInit             0x300056f0     0xb0  Code  Lc  heap_4.o [1]
prvIdleTask             0x30004e28     0x28  Code  Lc  tasks.o [1]
prvInitialiseNewQueue   0x30007470     0x50  Code  Lc  queue.o [1]
prvInitialiseNewTask    0x3000439c    0x130  Code  Lc  tasks.o [1]
prvInitialiseTaskLists  0x30004e58     0x6c  Code  Lc  tasks.o [1]
prvInsertBlockIntoFreeList
                        0x300057a0     0xbc  Code  Lc  heap_4.o [1]
prvInsertTimerInActiveList
                        0x30006118     0x8c  Code  Lc  timers.o [1]
prvIsQueueEmpty         0x30007ca4     0x30  Code  Lc  queue.o [1]
prvIsQueueFull          0x30007cd4     0x34  Code  Lc  queue.o [1]
prvNotifyQueueSetContainer
                        0x30007dc0     0xb4  Code  Lc  queue.o [1]
prvProcessExpiredTimer  0x30005f0c     0xa4  Code  Lc  timers.o [1]
prvProcessReceivedCommands
                        0x300061a4    0x1c0  Code  Lc  timers.o [1]
prvProcessTimerOrBlockTask
                        0x30005fd8     0xa8  Code  Lc  timers.o [1]
prvResetNextTaskUnblockTime
                        0x30004f98     0x48  Code  Lc  tasks.o [1]
prvSampleTimeNow        0x300060d0     0x48  Code  Lc  timers.o [1]
prvSampleTimeNow::xLastTime
                        0x3001cb0c      0x4  Data  Lc  timers.o [1]
prvSetupHardware        0x300052c4     0x90  Code  Lc  main.o [1]
prvSwitchTimerLists     0x30006364     0xec  Code  Lc  timers.o [1]
prvTaskExitError        0x30005b0c     0x28  Code  Lc  port.o [1]
prvTimerTask            0x30005fb0     0x28  Code  Lc  timers.o [1]
prvUnlockQueue          0x30007bd0     0xd4  Code  Lc  queue.o [1]
putchar                 0x3000b0bd     0x20  Code  Gb  putchar.o [3]
pvPortMalloc            0x30005458    0x1c0  Code  Gb  heap_4.o [1]
pxCurrentTCB            0x3001cab8      0x4  Data  Gb  tasks.o [1]
pxCurrentTimerList      0x3001cafc      0x4  Data  Lc  timers.o [1]
pxDelayedTaskList       0x3001cabc      0x4  Data  Lc  tasks.o [1]
pxEnd                   0x3001ca9c      0x4  Data  Lc  heap_4.o [1]
pxOverflowDelayedTaskList
                        0x3001cac0      0x4  Data  Lc  tasks.o [1]
pxOverflowTimerList     0x3001cb00      0x4  Data  Lc  timers.o [1]
pxPortInitialiseStack   0x30005a04    0x108  Code  Gb  port.o [1]
pxReadyTasksLists       0x3001c730     0x8c  Data  Lc  tasks.o [1]
resetHandler            0x3000a654           Code  Gb  cstartup.o [1]
resetVector             0x30004000           Code  Gb  cstartup.o [1]
round                   0x30008f61           Code  Gb  round.o [4]
roundl                  0x30008f61           Code  Gb  round.o [4]
scalbln                 0x3000a165           Code  Gb  ldexp.o [4]
scalblnl                0x3000a165           Code  Gb  ldexp.o [4]
scalbn                  0x3000a165           Code  Gb  ldexp.o [4]
scalbnl                 0x3000a165           Code  Gb  ldexp.o [4]
scale                   0x300096a5     0x4a  Code  Lc  xprintffull_nomb.o [3]
sec_hand                0x3001cb10      0x4  Data  Lc  xfail_s.o [3]
set_cpsr                0x30006570      0x8  Code  Lc  cache.o [1]
set_cr                  0x3000655c      0xc  Code  Lc  cache.o [1]
set_csselr              0x30006588      0x8  Code  Lc  cache.o [1]
strchr                  0x30009e58           Code  Gb  strchr.o [5]
strlen                  0x30008734           Code  Gb  strlen.o [5]
ucHeap                  0x3000bb78  0x10000  Data  Lc  heap_4.o [1]
ulCriticalNesting       0x3000b72c      0x4  Data  Gb  port.o [1]
ulPortInterruptNesting  0x3001cab4      0x4  Data  Gb  port.o [1]
ulPortSetInterruptMask  0x30005cc8     0x3c  Code  Gb  port.o [1]
ulPortTaskHasFPUContext
                        0x3001caac      0x4  Data  Gb  port.o [1]
ulPortYieldRequired     0x3001cab0      0x4  Data  Gb  port.o [1]
ulTaskSwitchedInTime    0x3001caf4      0x4  Data  Lc  tasks.o [1]
ulTotalRunTime          0x3001caf8      0x4  Data  Lc  tasks.o [1]
uxCurrentNumberOfTasks  0x3001cac8      0x4  Data  Lc  tasks.o [1]
uxDeletedTasksWaitingCleanUp
                        0x3001cac4      0x4  Data  Lc  tasks.o [1]
uxListRemove            0x300059b4     0x50  Code  Gb  list.o [1]
uxPendedTicks           0x3001cad8      0x4  Data  Lc  tasks.o [1]
uxSchedulerSuspended    0x3001caf0      0x4  Data  Lc  tasks.o [1]
uxTaskNumber            0x3001cae4      0x4  Data  Lc  tasks.o [1]
uxTopReadyPriority      0x3001cad0      0x4  Data  Lc  tasks.o [1]
v7_clean_invalidate_by_set_way
                        0x30006590      0x8  Code  Lc  cache.o [1]
v7_dcache_entire_op     0x300065c4    0x154  Code  Lc  cache.o [1]
v7_inval_tlb            0x300065a0     0x24  Code  Lc  cache.o [1]
v7_invalidate_by_set_way
                        0x30006598      0x8  Code  Lc  cache.o [1]
vApplicationFPUSafeIRQHandler
                        0x30006fa8     0x40  Code  Gb  FreeRTOS_tick_config.o [1]
vApplicationFPUSafeIRQHandler::pxVectorTable
                        0x3000b724      0x4  Data  Lc  FreeRTOS_tick_config.o [1]
vApplicationGetIdleTaskMemory
                        0x300053f8     0x1c  Code  Gb  main.o [1]
vApplicationGetIdleTaskMemory::uxIdleTaskStack
                        0x3001c348    0x3e8  Data  Lc  main.o [1]
vApplicationGetIdleTaskMemory::xIdleTaskTCB
                        0x3001c830     0x5c  Data  Lc  main.o [1]
vApplicationGetTimerTaskMemory
                        0x30005414     0x1c  Code  Gb  main.o [1]
vApplicationGetTimerTaskMemory::uxTimerTaskStack
                        0x3001bb78    0x7d0  Data  Lc  main.o [1]
vApplicationGetTimerTaskMemory::xTimerTaskTCB
                        0x3001c88c     0x5c  Data  Lc  main.o [1]
vApplicationIRQHandler  0x3000724c           Code  Gb  portASM.o [1]
vApplicationIdleHook    0x30005374     0x24  Code  Gb  main.o [1]
vApplicationMallocFailedHook
                        0x30005354      0xc  Code  Gb  main.o [1]
vApplicationStackOverflowHook
                        0x30005360     0x14  Code  Gb  main.o [1]
vApplicationTickHook    0x300053cc      0x4  Code  Gb  main.o [1]
vAssertCalled           0x30005398     0x34  Code  Gb  main.o [1]
vClearTickInterrupt     0x30006f94     0x14  Code  Gb  FreeRTOS_tick_config.o [1]
vConfigureTickInterrupt
                        0x30006ec4     0xd0  Code  Gb  FreeRTOS_tick_config.o [1]
vInitialiseTimerForRunTimeStats
                        0x300053d0     0x28  Code  Gb  main.o [1]
vListInitialise         0x300058f0     0x2c  Code  Gb  list.o [1]
vListInitialiseItem     0x3000591c      0xc  Code  Gb  list.o [1]
vListInsert             0x30005958     0x5c  Code  Gb  list.o [1]
vListInsertEnd          0x30005928     0x30  Code  Gb  list.o [1]
vPortClearInterruptMask
                        0x30005ca0     0x28  Code  Gb  port.o [1]
vPortEnterCritical      0x30005ba4     0x4c  Code  Gb  port.o [1]
vPortExitCritical       0x30005bf0     0x54  Code  Gb  port.o [1]
vPortFree               0x30005618     0xc0  Code  Gb  heap_4.o [1]
vPortInstallFreeRTOSVectorTable
                        0x3000415c           Code  Gb  FreeRTOS_asm_vectors.o [1]
vPortRestoreTaskContext
                        0x300070a0           Code  Gb  portASM.o [1]
vPortValidateInterruptPriority
                        0x30005d04     0x44  Code  Gb  port.o [1]
vQueueAddToRegistry     0x30007d08     0x4c  Code  Gb  queue.o [1]
vQueueWaitForMessageRestricted
                        0x30007d54     0x6c  Code  Gb  queue.o [1]
vTaskInternalSetTimeOutState
                        0x30004cfc     0x1c  Code  Gb  tasks.o [1]
vTaskMissedYield        0x30004e0c     0x10  Code  Gb  tasks.o [1]
vTaskPlaceOnEventList   0x30004ba4     0x44  Code  Gb  tasks.o [1]
vTaskPlaceOnEventListRestricted
                        0x30004be8     0x58  Code  Gb  tasks.o [1]
vTaskStartScheduler     0x300045d4     0xe0  Code  Gb  tasks.o [1]
vTaskSuspendAll         0x300046b4     0x18  Code  Gb  tasks.o [1]
vTaskSwitchContext      0x30004a44    0x160  Code  Gb  tasks.o [1]
vsnprintf               0x300086dd     0x3e  Code  Gb  vsnprint.o [3]
xActiveTimerList1       0x3001ca50     0x14  Data  Lc  timers.o [1]
xActiveTimerList2       0x3001ca64     0x14  Data  Lc  timers.o [1]
xBlockAllocatedBit      0x3001caa8      0x4  Data  Lc  heap_4.o [1]
xDelayedTaskList1       0x3001c9ec     0x14  Data  Lc  tasks.o [1]
xDelayedTaskList2       0x3001ca00     0x14  Data  Lc  tasks.o [1]
xFreeBytesRemaining     0x3001caa0      0x4  Data  Lc  heap_4.o [1]
xGtcInstance            0x3001ca78     0x10  Data  Gb  main.o [1]
xHeapStructSize         0x3000b2e0      0x4  Data  Lc  heap_4.o [1]
xIdleTaskHandle         0x3001caec      0x4  Data  Lc  tasks.o [1]
xInterruptController    0x3001ca88      0xc  Data  Gb  main.o [1]
xMinimumEverFreeBytesRemaining
                        0x3001caa4      0x4  Data  Lc  heap_4.o [1]
xNextTaskUnblockTime    0x3001cae8      0x4  Data  Lc  tasks.o [1]
xNumOfOverflows         0x3001cae0      0x4  Data  Lc  tasks.o [1]
xPendingReadyList       0x3001ca14     0x14  Data  Lc  tasks.o [1]
xPortGetFreeHeapSize    0x300056d8      0xc  Code  Gb  heap_4.o [1]
xPortGetMinimumEverFreeHeapSize
                        0x300056e4      0xc  Code  Gb  heap_4.o [1]
xPortStartScheduler     0x30005b34     0x70  Code  Gb  port.o [1]
xQueueGenericCreateStatic
                        0x3000736c    0x104  Code  Gb  queue.o [1]
xQueueGenericReset      0x300072a8     0xc4  Code  Gb  queue.o [1]
xQueueGenericSend       0x300074c0    0x260  Code  Gb  queue.o [1]
xQueueGenericSendFromISR
                        0x30007720    0x16c  Code  Gb  queue.o [1]
xQueueReceive           0x3000788c    0x1dc  Code  Gb  queue.o [1]
xQueueRegistry          0x3001c98c     0x40  Data  Gb  queue.o [1]
xSchedulerRunning       0x3001cad4      0x4  Data  Lc  tasks.o [1]
xStart                  0x3001ca94      0x8  Data  Lc  heap_4.o [1]
xSuspendedTaskList      0x3001ca3c     0x14  Data  Lc  tasks.o [1]
xTaskCheckForTimeOut    0x30004d1c     0xf0  Code  Gb  tasks.o [1]
xTaskCreate             0x300042dc     0xc0  Code  Gb  tasks.o [1]
xTaskCreateStatic       0x30004200     0xdc  Code  Gb  tasks.o [1]
xTaskGetSchedulerState  0x30004fe0     0x38  Code  Gb  tasks.o [1]
xTaskGetTickCount       0x3000482c      0xc  Code  Gb  tasks.o [1]
xTaskIncrementTick      0x3000485c    0x1dc  Code  Gb  tasks.o [1]
xTaskPriorityDisinherit
                        0x30005028    0x114  Code  Gb  tasks.o [1]
xTaskRemoveFromEventList
                        0x30004c40     0xbc  Code  Gb  tasks.o [1]
xTaskResumeAll          0x300046cc    0x160  Code  Gb  tasks.o [1]
xTasksWaitingTermination
                        0x3001ca28     0x14  Data  Lc  tasks.o [1]
xTickCount              0x3001cacc      0x4  Data  Lc  tasks.o [1]
xTimer                  0x3001c9cc     0x20  Data  Lc  FreeRTOS_tick_config.o [1]
xTimerCreateTimerTask   0x30005d94     0xac  Code  Gb  timers.o [1]
xTimerGenericCommand    0x30005e40     0xcc  Code  Gb  timers.o [1]
xTimerQueue             0x3001cb04      0x4  Data  Lc  timers.o [1]
xTimerTaskHandle        0x3001cb08      0x4  Data  Lc  timers.o [1]
xYieldPending           0x3001cadc      0x4  Data  Lc  tasks.o [1]


[1] = C:\Users\Administrator\Desktop\amp_freertos_test\fsbl-v1.0\SDK\fsbl_platform\FreeRTOS\Debug\Obj
[2] = command line
[3] = dl7Sx_tln.a
[4] = m7Sx_tlv.a
[5] = rt7Sx_tl.a
[6] = sh7Sxi_l.a

  43 142 bytes of readonly  code memory
   3 582 bytes of readonly  data memory
  89 060 bytes of readwrite data memory

Errors: none
Warnings: none
