###############################################################################
#
# IAR ELF Linker V8.11.2.13589/W32 for ARM                01/Sep/2023  09:20:10
# Copyright 2007-2017 IAR Systems AB.
#
#    Output file  =  
#        D:\FMQL\FSBL\src\fsbl-v1.0\SDK\fsbl_platform\FreeRTOS\Debug\Exe\FreeRTOS.out
#    Map file     =  
#        D:\FMQL\FSBL\src\fsbl-v1.0\SDK\fsbl_platform\FreeRTOS\Debug\List\FreeRTOS.map
#    Command line =  
#        -f C:\Users\ADMINI~1\AppData\Local\Temp\EWED31.tmp
#        (D:\FMQL\FSBL\src\fsbl-v1.0\SDK\fsbl_platform\FreeRTOS\Debug\Obj\cache.o
#        D:\FMQL\FSBL\src\fsbl-v1.0\SDK\fsbl_platform\FreeRTOS\Debug\Obj\croutine.o
#        D:\FMQL\FSBL\src\fsbl-v1.0\SDK\fsbl_platform\FreeRTOS\Debug\Obj\cstartup.o
#        D:\FMQL\FSBL\src\fsbl-v1.0\SDK\fsbl_platform\FreeRTOS\Debug\Obj\event_groups.o
#        D:\FMQL\FSBL\src\fsbl-v1.0\SDK\fsbl_platform\FreeRTOS\Debug\Obj\exception_handler.o
#        D:\FMQL\FSBL\src\fsbl-v1.0\SDK\fsbl_platform\FreeRTOS\Debug\Obj\fmsh_common.o
#        D:\FMQL\FSBL\src\fsbl-v1.0\SDK\fsbl_platform\FreeRTOS\Debug\Obj\fmsh_gic.o
#        D:\FMQL\FSBL\src\fsbl-v1.0\SDK\fsbl_platform\FreeRTOS\Debug\Obj\fmsh_gic_intr.o
#        D:\FMQL\FSBL\src\fsbl-v1.0\SDK\fsbl_platform\FreeRTOS\Debug\Obj\fmsh_gic_sinit.o
#        D:\FMQL\FSBL\src\fsbl-v1.0\SDK\fsbl_platform\FreeRTOS\Debug\Obj\fmsh_gpio.o
#        D:\FMQL\FSBL\src\fsbl-v1.0\SDK\fsbl_platform\FreeRTOS\Debug\Obj\fmsh_gpio_g.o
#        D:\FMQL\FSBL\src\fsbl-v1.0\SDK\fsbl_platform\FreeRTOS\Debug\Obj\fmsh_gpio_sinit.o
#        D:\FMQL\FSBL\src\fsbl-v1.0\SDK\fsbl_platform\FreeRTOS\Debug\Obj\fmsh_gtc.o
#        D:\FMQL\FSBL\src\fsbl-v1.0\SDK\fsbl_platform\FreeRTOS\Debug\Obj\fmsh_gtc_g.o
#        D:\FMQL\FSBL\src\fsbl-v1.0\SDK\fsbl_platform\FreeRTOS\Debug\Obj\fmsh_gtc_sinit.o
#        D:\FMQL\FSBL\src\fsbl-v1.0\SDK\fsbl_platform\FreeRTOS\Debug\Obj\fmsh_print.o
#        D:\FMQL\FSBL\src\fsbl-v1.0\SDK\fsbl_platform\FreeRTOS\Debug\Obj\fmsh_ttc.o
#        D:\FMQL\FSBL\src\fsbl-v1.0\SDK\fsbl_platform\FreeRTOS\Debug\Obj\fmsh_ttc_g.o
#        D:\FMQL\FSBL\src\fsbl-v1.0\SDK\fsbl_platform\FreeRTOS\Debug\Obj\fmsh_ttc_sinit.o
#        D:\FMQL\FSBL\src\fsbl-v1.0\SDK\fsbl_platform\FreeRTOS\Debug\Obj\fmsh_uart.o
#        D:\FMQL\FSBL\src\fsbl-v1.0\SDK\fsbl_platform\FreeRTOS\Debug\Obj\fmsh_uart_g.o
#        D:\FMQL\FSBL\src\fsbl-v1.0\SDK\fsbl_platform\FreeRTOS\Debug\Obj\fmsh_uart_sinit.o
#        D:\FMQL\FSBL\src\fsbl-v1.0\SDK\fsbl_platform\FreeRTOS\Debug\Obj\FreeRTOS_asm_vectors.o
#        D:\FMQL\FSBL\src\fsbl-v1.0\SDK\fsbl_platform\FreeRTOS\Debug\Obj\FreeRTOS_tick_config.o
#        D:\FMQL\FSBL\src\fsbl-v1.0\SDK\fsbl_platform\FreeRTOS\Debug\Obj\heap_4.o
#        D:\FMQL\FSBL\src\fsbl-v1.0\SDK\fsbl_platform\FreeRTOS\Debug\Obj\led_flash.o
#        D:\FMQL\FSBL\src\fsbl-v1.0\SDK\fsbl_platform\FreeRTOS\Debug\Obj\list.o
#        D:\FMQL\FSBL\src\fsbl-v1.0\SDK\fsbl_platform\FreeRTOS\Debug\Obj\main.o
#        D:\FMQL\FSBL\src\fsbl-v1.0\SDK\fsbl_platform\FreeRTOS\Debug\Obj\mmu_table.o
#        D:\FMQL\FSBL\src\fsbl-v1.0\SDK\fsbl_platform\FreeRTOS\Debug\Obj\platform.o
#        D:\FMQL\FSBL\src\fsbl-v1.0\SDK\fsbl_platform\FreeRTOS\Debug\Obj\port.o
#        D:\FMQL\FSBL\src\fsbl-v1.0\SDK\fsbl_platform\FreeRTOS\Debug\Obj\portASM.o
#        D:\FMQL\FSBL\src\fsbl-v1.0\SDK\fsbl_platform\FreeRTOS\Debug\Obj\ps_init.o
#        D:\FMQL\FSBL\src\fsbl-v1.0\SDK\fsbl_platform\FreeRTOS\Debug\Obj\queue.o
#        D:\FMQL\FSBL\src\fsbl-v1.0\SDK\fsbl_platform\FreeRTOS\Debug\Obj\stream_buffer.o
#        D:\FMQL\FSBL\src\fsbl-v1.0\SDK\fsbl_platform\FreeRTOS\Debug\Obj\tasks.o
#        D:\FMQL\FSBL\src\fsbl-v1.0\SDK\fsbl_platform\FreeRTOS\Debug\Obj\timers.o
#        --redirect _Printf=_PrintfFullNoMb --redirect _Scanf=_ScanfFullNoMb -o
#        D:\FMQL\FSBL\src\fsbl-v1.0\SDK\fsbl_platform\FreeRTOS\Debug\Exe\FreeRTOS.out
#        --map
#        D:\FMQL\FSBL\src\fsbl-v1.0\SDK\fsbl_platform\FreeRTOS\Debug\List\FreeRTOS.map
#        --config
#        D:\FMQL\FSBL\src\fsbl-v1.0\SDK\fsbl_platform\FreeRTOS\a7_ddr.icf
#        --semihosting=iar_breakpoint --entry resetHandler --vfe --text_out
#        locale)
#
###############################################################################

*******************************************************************************
*** RUNTIME MODEL ATTRIBUTES
***

CppFlavor       = *
__SystemLibrary = DLib
__dlib_version  = 6


*******************************************************************************
*** HEAP SELECTION
***

The basic heap was selected because no calls to memory allocation
functions were found in the application outside of system library
functions, and there are calls to deallocation functions in the
application.


*******************************************************************************
*** PLACEMENT SUMMARY
***

"P1":  place in [from 0x00200000 to 0x00203fff] { section .mmu_tbl };
"P2":  place in [from 0x00204100 to 0x002041ff] { section .freertos_vectors };
"P3":  place in [from 0x00204000 to 0x002040ff] { section .vectors };
"P4":  place in [from 0x00204200 to 0x3fffffff] { ro };
"P5":  place in [from 0x00204200 to 0x3fffffff] { section .cstartup };
define block IRQ_STACK with size = 32K, alignment = 8 { };
define block FIQ_STACK with size = 256, alignment = 8 { };
define block ABT_STACK with size = 256, alignment = 8 { };
define block UND_STACK with size = 256, alignment = 8 { };
define block CSTACK with size = 16K, alignment = 8 { };
"P6":  place in [from 0x00204200 to 0x3fffffff] {
          rw, block IRQ_STACK, block FIQ_STACK, block ABT_STACK,
          block UND_STACK, block CSTACK };
define block HEAP with size = 6M, alignment = 32 { };
"P8":  place in [from 0x00204200 to 0x3fffffff] { block HEAP };
initialize by copy with packing = copy, complex ranges { rw };

  Section            Kind        Address     Size  Object
  -------            ----        -------     ----  ------
"P1":                                      0x4000
  .mmu_tbl           ro code  0x00200000   0x4000  mmu_table.o [1]
                            - 0x00204000   0x4000

"P3":                                        0xe0
  .vectors           ro code  0x00204000     0xe0  cstartup.o [1]
                            - 0x002040e0     0xe0

"P2":                                        0x74
  .freertos_vectors  ro code  0x00204100     0x74  FreeRTOS_asm_vectors.o [1]
                            - 0x00204174     0x74

"P4-P6|P8", part 1 of 3:                   0x78bc
  .text              ro code  0x00204200   0x109c  tasks.o [1]
  .text              ro code  0x0020529c    0x1b0  main.o [1]
  .text              ro code  0x0020544c    0x424  heap_4.o [1]
  .text              ro code  0x00205870     0x74  ABImemset.o [5]
  .text              ro code  0x002058e4    0x114  list.o [1]
  .text              ro code  0x002059f8    0x390  port.o [1]
  .text              ro code  0x00205d88    0x77c  timers.o [1]
  .text              ro code  0x00206504     0x44  fmsh_gtc.o [1]
  .text              ro code  0x00206548    0x2c4  cache.o [1]
  .text              ro code  0x0020680c     0x94  platform.o [1]
  .text              ro code  0x002068a0     0xc0  led_flash.o [1]
  .text              ro code  0x00206960     0x3c  fmsh_gic_sinit.o [1]
  .text              ro code  0x0020699c    0x4f8  fmsh_gic.o [1]
  .text              ro code  0x00206e94     0x54  fmsh_gtc_sinit.o [1]
  .text              ro code  0x00206ee8    0x12c  FreeRTOS_tick_config.o [1]
  .text              ro code  0x00207014    0x2a8  portASM.o [1]
  .text              ro code  0x002072bc    0xbd4  queue.o [1]
  .text              ro code  0x00207e90     0x54  fmsh_uart_sinit.o [1]
  .text              ro code  0x00207ee4    0x80c  fmsh_uart.o [1]
  .text              ro code  0x002086f0     0x54  fmsh_gpio_sinit.o [1]
  .text              ro code  0x00208744    0x210  fmsh_gpio.o [1]
  .text              ro code  0x00208954     0xe8  fmsh_common.o [1]
  .text              ro code  0x00208a3c     0xa0  fmsh_print.o [1]
  .text              ro code  0x00208adc     0x54  fmsh_ttc_sinit.o [1]
  .text              ro code  0x00208b30    0x354  fmsh_ttc.o [1]
  .text              ro code  0x00208e84     0xd4  ABImemcpy.o [5]
  .text              ro code  0x00208f58     0x62  round.o [4]
  .text              ro code  0x00208fba     0x2a  printf.o [3]
  .text              ro code  0x00208fe4      0x6  abort.o [3]
  .text              ro code  0x00208fea     0x1a  xsnprout.o [3]
  .text              ro code  0x00209004     0x52  DblToU64.o [4]
  .text              ro code  0x00209056     0x3e  vsnprint.o [3]
  .text              ro code  0x00209094     0x54  strlen.o [5]
  .text              ro code  0x002090e8    0xe20  xprintffull_nomb.o [3]
  .text              ro code  0x00209f08     0x16  exit.o [6]
  .rodata            const    0x00209f1e      0x2  xprintffull_nomb.o [3]
  .text              ro code  0x00209f20     0x20  strchr.o [5]
  .text              ro code  0x00209f40     0x2e  xfail_s.o [3]
  .text              ro code  0x00209f70     0x94  memchr.o [5]
  .text              ro code  0x0020a004    0x130  I64DivMod.o [5]
  .text              ro code  0x0020a134     0x12  DblMul.o [4]
  .text              ro code  0x0020a148     0x70  frexp.o [4]
  .text              ro code  0x0020a1b8     0x2e  DblCmpLe.o [4]
  .text              ro code  0x0020a1e8     0x2e  DblCmpGe.o [4]
  .text              ro code  0x0020a218    0x104  ldexp.o [4]
  .text              ro code  0x0020a31c      0xe  DblToS32.o [4]
  .text              ro code  0x0020a32a      0xe  S32ToDbl.o [4]
  .text              ro code  0x0020a338     0x12  DblSub.o [4]
  .text              ro code  0x0020a34a     0x12  DblDiv.o [4]
  .text              ro code  0x0020a35c      0xe  DblToU32.o [4]
  .text              ro code  0x0020a36a      0xe  U32ToDbl.o [4]
  .text              ro code  0x0020a378    0x1a8  I32DivMod.o [5]
  .text              ro code  0x0020a520     0x76  iarttio.o [6]
  .text              ro code  0x0020a596      0x2  iar_semihosting.o [6]
  .text              ro code  0x0020a598      0x4  I64DivZer.o [5]
  .text              ro code  0x0020a59c      0x4  IntDivZer.o [5]
  .text              ro code  0x0020a5a0      0xa  XShttio.o [3]
  .text              ro code  0x0020a5ac    0x158  exception_handler.o [1]
  .cstartup          ro code  0x0020a704    0x144  cstartup.o [1]
  .rodata            const    0x0020a848     0x5c  FreeRTOS_tick_config.o [1]
  .rodata            const    0x0020a8a4     0x5c  port.o [1]
  .rodata            const    0x0020a900     0x58  fmsh_gpio.o [1]
  .rodata            const    0x0020a958     0x58  fmsh_uart.o [1]
  .rodata            const    0x0020a9b0     0x58  heap_4.o [1]
  .rodata            const    0x0020aa08     0x54  fmsh_gic.o [1]
  .rodata            const    0x0020aa5c     0x54  fmsh_ttc.o [1]
  .rodata            const    0x0020aab0     0x4c  exception_handler.o [1]
  .rodata            const    0x0020aafc     0x4c  main.o [1]
  .rodata            const    0x0020ab48     0x4c  xprintffull_nomb.o [3]
  .rodata            const    0x0020ab94     0x48  queue.o [1]
  .rodata            const    0x0020abdc     0x48  tasks.o [1]
  .rodata            const    0x0020ac24     0x48  timers.o [1]
  .text              ro code  0x0020ac6c     0x40  zero_init3.o [5]
  .rodata            const    0x0020acac     0x3c  exception_handler.o [1]
  .rodata            const    0x0020ace8     0x3c  exception_handler.o [1]
  .rodata            const    0x0020ad24     0x34  exception_handler.o [1]
  .text              ro code  0x0020ad58     0x30  data_init.o [5]
  .rodata            const    0x0020ad88     0x2c  exception_handler.o [1]
  .rodata            const    0x0020adb4     0x2c  exception_handler.o [1]
  .rodata            const    0x0020ade0     0x2c  exception_handler.o [1]
  .rodata            const    0x0020ae0c     0x2c  exception_handler.o [1]
  .rodata            const    0x0020ae38     0x2c  exception_handler.o [1]
  .text              ro code  0x0020ae64     0x2c  cmain.o [5]
  .text              ro code  0x0020ae90      0x4  low_level_init.o [3]
  Veneer             ro code  0x0020ae94      0x8  - Linker created -
  .text              ro code  0x0020ae9c      0x4  exit.o [3]
  .text              ro code  0x0020aea0     0x10  cexit.o [5]
  .text              ro code  0x0020aeb0     0x2c  copy_init3.o [5]
  .text              ro code  0x0020aedc     0x28  fpinit.o [4]
  .rodata            const    0x0020af04     0x24  exception_handler.o [1]
  .rodata            const    0x0020af28     0x24  exception_handler.o [1]
  .rodata            const    0x0020af4c     0x24  fmsh_common.o [1]
  .text              ro code  0x0020af70     0x24  iarwrite.o [6]
  .text              ro code  0x0020af94     0x22  iarwstd.o [6]
  .iar.init_table    const    0x0020afb8     0x24  - Linker created -
  .rodata            const    0x0020afdc     0x20  exception_handler.o [1]
  .rodata            const    0x0020affc     0x20  xfail_s.o [3]
  .text              ro code  0x0020b01c     0x20  putchar.o [3]
  .text              ro code  0x0020b03c      0xc  write.o [6]
  .text              ro code  0x0020b048     0x14  dwrite.o [6]
  .rodata            const    0x0020b05c     0x1c  exception_handler.o [1]
  .rodata            const    0x0020b078     0x1c  exception_handler.o [1]
  .rodata            const    0x0020b094     0x1c  exception_handler.o [1]
  .rodata            const    0x0020b0b0     0x1c  exception_handler.o [1]
  .rodata            const    0x0020b0cc     0x1c  exception_handler.o [1]
  .rodata            const    0x0020b0e8     0x1c  led_flash.o [1]
  .rodata            const    0x0020b104     0x18  exception_handler.o [1]
  .rodata            const    0x0020b11c     0x18  exception_handler.o [1]
  .rodata            const    0x0020b134     0x18  exception_handler.o [1]
  .rodata            const    0x0020b14c     0x18  exception_handler.o [1]
  .text              ro code  0x0020b164     0x16  xprout.o [3]
  .rodata            const    0x0020b17c     0x14  exception_handler.o [1]
  .rodata            const    0x0020b190     0x14  exception_handler.o [1]
  .rodata            const    0x0020b1a4     0x14  exception_handler.o [1]
  .rodata            const    0x0020b1b8     0x14  exception_handler.o [1]
  .rodata            const    0x0020b1cc     0x10  exception_handler.o [1]
  .rodata            const    0x0020b1dc     0x10  xprintffull_nomb.o [3]
  .rodata            const    0x0020b1ec      0xc  exception_handler.o [1]
  .rodata            const    0x0020b1f8      0xc  led_flash.o [1]
  .rodata            const    0x0020b204      0x8  tasks.o [1]
  .rodata            const    0x0020b20c      0x8  timers.o [1]
  .rodata            const    0x0020b214      0x8  timers.o [1]
  .rodata            const    0x0020b21c      0x8  xprintffull_nomb.o [3]
  .rodata            const    0x0020b224      0x4  heap_4.o [1]
  .rodata            const    0x0020b228      0x4  iarttio.o [6]
  .rodata            const    0x0020b22c      0x0  zero_init3.o [5]
  .rodata            const    0x0020b22c      0x0  copy_init3.o [5]
  P4-P6|P8 s0                 0x0020b22c    0x448  <Init block>
    .data            inited   0x0020b22c    0x2ec  fmsh_gic_sinit.o [1]
    .data            inited   0x0020b518     0xb8  exception_handler.o [1]
    .data            inited   0x0020b5d0     0x38  exception_handler.o [1]
    .data            inited   0x0020b608     0x20  fmsh_gpio_g.o [1]
    .data            inited   0x0020b628     0x20  fmsh_uart_g.o [1]
    .data            inited   0x0020b648     0x10  fmsh_ttc_g.o [1]
    .data            inited   0x0020b658      0x8  fmsh_gtc_g.o [1]
    .data            inited   0x0020b660      0x8  XShttio.o [3]
    .data            inited   0x0020b668      0x4  FreeRTOS_tick_config.o [1]
    .data            inited   0x0020b66c      0x4  led_flash.o [1]
    .data            inited   0x0020b670      0x4  port.o [1]
  Initializer bytes  const    0x0020b674    0x448  <for P4-P6|P8 s0>
                            - 0x0020babc   0x78bc

"P4-P6|P8", part 2 of 3:                  0x10f9c
  .bss               zero     0x0020babc  0x10000  heap_4.o [1]
  .bss               zero     0x0021babc    0x7d0  main.o [1]
  .bss               zero     0x0021c28c    0x3e8  main.o [1]
  .bss               zero     0x0021c674     0x8c  tasks.o [1]
  .bss               zero     0x0021c700     0x74  platform.o [1]
  .bss               zero     0x0021c774     0x5c  main.o [1]
  .bss               zero     0x0021c7d0     0x5c  main.o [1]
  .bss               zero     0x0021c82c     0x54  timers.o [1]
  .bss               zero     0x0021c880     0x50  timers.o [1]
  .bss               zero     0x0021c8d0     0x40  queue.o [1]
  .bss               zero     0x0021c910     0x20  FreeRTOS_tick_config.o [1]
  .bss               zero     0x0021c930     0x14  tasks.o [1]
  .bss               zero     0x0021c944     0x14  tasks.o [1]
  .bss               zero     0x0021c958     0x14  tasks.o [1]
  .bss               zero     0x0021c96c     0x14  tasks.o [1]
  .bss               zero     0x0021c980     0x14  tasks.o [1]
  .bss               zero     0x0021c994     0x14  timers.o [1]
  .bss               zero     0x0021c9a8     0x14  timers.o [1]
  .bss               zero     0x0021c9bc     0x10  main.o [1]
  .bss               zero     0x0021c9cc      0xc  main.o [1]
  .bss               zero     0x0021c9d8      0x8  heap_4.o [1]
  .bss               zero     0x0021c9e0      0x4  heap_4.o [1]
  .bss               zero     0x0021c9e4      0x4  heap_4.o [1]
  .bss               zero     0x0021c9e8      0x4  heap_4.o [1]
  .bss               zero     0x0021c9ec      0x4  heap_4.o [1]
  .bss               zero     0x0021c9f0      0x4  port.o [1]
  .bss               zero     0x0021c9f4      0x4  port.o [1]
  .bss               zero     0x0021c9f8      0x4  port.o [1]
  .bss               zero     0x0021c9fc      0x4  tasks.o [1]
  .bss               zero     0x0021ca00      0x4  tasks.o [1]
  .bss               zero     0x0021ca04      0x4  tasks.o [1]
  .bss               zero     0x0021ca08      0x4  tasks.o [1]
  .bss               zero     0x0021ca0c      0x4  tasks.o [1]
  .bss               zero     0x0021ca10      0x4  tasks.o [1]
  .bss               zero     0x0021ca14      0x4  tasks.o [1]
  .bss               zero     0x0021ca18      0x4  tasks.o [1]
  .bss               zero     0x0021ca1c      0x4  tasks.o [1]
  .bss               zero     0x0021ca20      0x4  tasks.o [1]
  .bss               zero     0x0021ca24      0x4  tasks.o [1]
  .bss               zero     0x0021ca28      0x4  tasks.o [1]
  .bss               zero     0x0021ca2c      0x4  tasks.o [1]
  .bss               zero     0x0021ca30      0x4  tasks.o [1]
  .bss               zero     0x0021ca34      0x4  tasks.o [1]
  .bss               zero     0x0021ca38      0x4  tasks.o [1]
  .bss               zero     0x0021ca3c      0x4  tasks.o [1]
  .bss               zero     0x0021ca40      0x4  timers.o [1]
  .bss               zero     0x0021ca44      0x4  timers.o [1]
  .bss               zero     0x0021ca48      0x4  timers.o [1]
  .bss               zero     0x0021ca4c      0x4  timers.o [1]
  .bss               zero     0x0021ca50      0x4  timers.o [1]
  .bss               zero     0x0021ca54      0x4  xfail_s.o [3]
                            - 0x0021ca58  0x10f9c

"P4-P6|P8", part 3 of 3:                   0xc300
  IRQ_STACK                   0x0021ca58   0x8000  <Block>
    IRQ_STACK        uninit   0x0021ca58   0x8000  <Block tail>
  FIQ_STACK                   0x00224a58    0x100  <Block>
    FIQ_STACK        uninit   0x00224a58    0x100  <Block tail>
  ABT_STACK                   0x00224b58    0x100  <Block>
    ABT_STACK        uninit   0x00224b58    0x100  <Block tail>
  UND_STACK                   0x00224c58    0x100  <Block>
    UND_STACK        uninit   0x00224c58    0x100  <Block tail>
  CSTACK                      0x00224d58   0x4000  <Block>
    CSTACK           uninit   0x00224d58   0x4000  <Block tail>
                            - 0x00228d58   0xc300


*******************************************************************************
*** INIT TABLE
***

          Address     Size
          -------     ----
Zero (__iar_zero_init3)
    1 destination range, total size 0x10f9c:
          0x0020babc  0x10f9c

Copy (__iar_copy_init3)
    1 source range, total size 0x448:
          0x0020b674    0x448
    1 destination range, total size 0x448:
          0x0020b22c    0x448



*******************************************************************************
*** MODULE SUMMARY
***

    Module                  ro code  ro data  rw data
    ------                  -------  -------  -------
D:\FMQL\FSBL\src\fsbl-v1.0\SDK\fsbl_platform\FreeRTOS\Debug\Obj: [1]
    FreeRTOS_asm_vectors.o      116
    FreeRTOS_tick_config.o      300       96       36
    cache.o                     708
    cstartup.o                  548
    exception_handler.o         344    1 156      240
    fmsh_common.o               232       36
    fmsh_gic.o                1 272       84
    fmsh_gic_sinit.o             60      748      748
    fmsh_gpio.o                 528       88
    fmsh_gpio_g.o                         32       32
    fmsh_gpio_sinit.o            84
    fmsh_gtc.o                   68
    fmsh_gtc_g.o                           8        8
    fmsh_gtc_sinit.o             84
    fmsh_print.o                160
    fmsh_ttc.o                  852       84
    fmsh_ttc_g.o                          16       16
    fmsh_ttc_sinit.o             84
    fmsh_uart.o               2 060       88
    fmsh_uart_g.o                         32       32
    fmsh_uart_sinit.o            84
    heap_4.o                  1 060       92   65 560
    led_flash.o                 192       44        4
    list.o                      276
    main.o                      432       76    3 212
    mmu_table.o              16 384
    platform.o                  148               116
    port.o                      912       96       16
    portASM.o                   680
    queue.o                   3 028       72       64
    tasks.o                   4 252       80      308
    timers.o                  1 916       88      224
    -------------------------------------------------
    Total:                   36 864    3 016   70 616

command line: [2]
    -------------------------------------------------
    Total:

dl7Sx_tln.a: [3]
    XShttio.o                    10        8        8
    abort.o                       6
    exit.o                        4
    low_level_init.o              4
    printf.o                     42
    putchar.o                    32
    vsnprint.o                   62
    xfail_s.o                    46       32        4
    xprintffull_nomb.o        3 616      102
    xprout.o                     22
    xsnprout.o                   26
    -------------------------------------------------
    Total:                    3 870      142       12

m7Sx_tlv.a: [4]
    DblCmpGe.o                   46
    DblCmpLe.o                   46
    DblDiv.o                     18
    DblMul.o                     18
    DblSub.o                     18
    DblToS32.o                   14
    DblToU32.o                   14
    DblToU64.o                   82
    S32ToDbl.o                   14
    U32ToDbl.o                   14
    fpinit.o                     40
    frexp.o                     112
    ldexp.o                     260
    round.o                      98
    -------------------------------------------------
    Total:                      794

rt7Sx_tl.a: [5]
    ABImemcpy.o                 212
    ABImemset.o                 116
    I32DivMod.o                 424
    I64DivMod.o                 304
    I64DivZer.o                   4
    IntDivZer.o                   4
    cexit.o                      16
    cmain.o                      44
    copy_init3.o                 44
    data_init.o                  48
    memchr.o                    148
    strchr.o                     32
    strlen.o                     84
    zero_init3.o                 64
    -------------------------------------------------
    Total:                    1 544

sh7Sxi_l.a: [6]
    dwrite.o                     20
    exit.o                       22
    iar_semihosting.o             2
    iarttio.o                   118        4
    iarwrite.o                   36
    iarwstd.o                    34
    write.o                      12
    -------------------------------------------------
    Total:                      244        4

    Gaps                         10        4
    Linker created                8       36   49 920
-----------------------------------------------------
    Grand Total:             43 334    3 202  120 548


*******************************************************************************
*** ENTRY LIST
***

Entry                      Address     Size  Type      Object
-----                      -------     ----  ----      ------
.iar.init_table$$Base   0x0020afb8            --   Gb  - Linker created -
.iar.init_table$$Limit  0x0020afdc            --   Gb  - Linker created -
?main                   0x0020ae64           Code  Gb  cmain.o [5]
ABT_STACK$$Base         0x00224b58            --   Gb  - Linker created -
ABT_STACK$$Limit        0x00224c58            --   Gb  - Linker created -
Abort_C_Handler         0x0020a5b0     0x70  Code  Gb  exception_handler.o [1]
CPUInitialize           0x00206abc     0x30  Code  Lc  fmsh_gic.o [1]
CSTACK$$Base            0x00224d58            --   Gb  - Linker created -
CSTACK$$Limit           0x00228d58            --   Gb  - Linker created -
DistributorInit         0x0020699c    0x120  Code  Lc  fmsh_gic.o [1]
FGicPs_CfgInitialize    0x00206aec     0xd0  Code  Gb  fmsh_gic.o [1]
FGicPs_ConfigTable      0x0020b22c    0x2ec  Data  Gb  fmsh_gic_sinit.o [1]
FGicPs_Connect          0x00206bbc     0x98  Code  Gb  fmsh_gic.o [1]
FGicPs_Enable           0x00206c54     0x84  Code  Gb  fmsh_gic.o [1]
FGicPs_LookupConfig     0x00206960     0x3c  Code  Gb  fmsh_gic_sinit.o [1]
FGicPs_SetPriorityTriggerType
                        0x00206d04    0x174  Code  Gb  fmsh_gic.o [1]
FGpioPs_ConfigTable     0x0020b608     0x20  Data  Gb  fmsh_gpio_g.o [1]
FGpioPs_LookupConfig    0x002086f0     0x54  Code  Gb  fmsh_gpio_sinit.o [1]
FGpioPs_getIdCode       0x0020890c     0x44  Code  Gb  fmsh_gpio.o [1]
FGpioPs_getVerIdCode    0x002088cc     0x40  Code  Gb  fmsh_gpio.o [1]
FGpioPs_init            0x00208744     0x34  Code  Gb  fmsh_gpio.o [1]
FGpioPs_output_example  0x002068a0     0x70  Code  Gb  led_flash.o [1]
FGpioPs_setBitDirection
                        0x00208824     0xa8  Code  Gb  fmsh_gpio.o [1]
FGpioPs_writeBit        0x00208778     0xac  Code  Gb  fmsh_gpio.o [1]
FGtcPs_ConfigTable      0x0020b658      0x8  Data  Gb  fmsh_gtc_g.o [1]
FGtcPs_LookupConfig     0x00206e94     0x54  Code  Gb  fmsh_gtc_sinit.o [1]
FGtcPs_enableCounter    0x00206518     0x1c  Code  Gb  fmsh_gtc.o [1]
FGtcPs_getConuterL      0x00206534     0x14  Code  Gb  fmsh_gtc.o [1]
FGtcPs_init             0x00206504     0x14  Code  Gb  fmsh_gtc.o [1]
FIQInterrupt            0x0020a6b8     0x1c  Code  Gb  exception_handler.o [1]
FIQ_Handler             0x00204078           Code  Gb  cstartup.o [1]
FIQ_STACK$$Base         0x00224a58            --   Gb  - Linker created -
FIQ_STACK$$Limit        0x00224b58            --   Gb  - Linker created -
FMSH_ExceptionNullHandler
                        0x0020a5ac      0x4  Code  Lc  exception_handler.o [1]
FMSH_In32               0x00206e84      0x8  Code  Gb  fmsh_gic.o [1]
FMSH_Out32              0x00206e8c      0x8  Code  Gb  fmsh_gic.o [1]
FTtcPs_ClearTimerNInterrupt
                        0x00208df0     0x90  Code  Gb  fmsh_ttc.o [1]
FTtcPs_ConfigTable      0x0020b648     0x10  Data  Gb  fmsh_ttc_g.o [1]
FTtcPs_LookupConfig     0x00208adc     0x54  Code  Gb  fmsh_ttc_sinit.o [1]
FTtcPs_TimerNLoadCount  0x00208d58     0x98  Code  Gb  fmsh_ttc.o [1]
FTtcPs_init             0x00208b30     0x1c  Code  Gb  fmsh_ttc.o [1]
FTtcPs_setTimerEnble    0x00208b4c    0x100  Code  Gb  fmsh_ttc.o [1]
FTtcPs_setTimerMode     0x00208c4c    0x10c  Code  Gb  fmsh_ttc.o [1]
FUartPs_ConfigTable     0x0020b628     0x20  Data  Gb  fmsh_uart_g.o [1]
FUartPs_LookupConfig    0x00207e90     0x54  Code  Gb  fmsh_uart_sinit.o [1]
FUartPs_areFifosEnabled
                        0x002082f0     0x74  Code  Gb  fmsh_uart.o [1]
FUartPs_autoCompParams  0x0020862c     0xbc  Code  Gb  fmsh_uart.o [1]
FUartPs_disableIrq      0x00208444     0x74  Code  Gb  fmsh_uart.o [1]
FUartPs_enableFifos     0x00208274     0x7c  Code  Gb  fmsh_uart.o [1]
FUartPs_getLineStatus   0x0020836c     0x70  Code  Gb  fmsh_uart.o [1]
FUartPs_getTxTrigger    0x002084b8     0x68  Code  Gb  fmsh_uart.o [1]
FUartPs_init            0x00207ee4     0x5c  Code  Gb  fmsh_uart.o [1]
FUartPs_isBusy          0x00207f40     0x70  Code  Gb  fmsh_uart.o [1]
FUartPs_resetInstance   0x00208528    0x104  Code  Gb  fmsh_uart.o [1]
FUartPs_resetRxFifo     0x00208014     0x64  Code  Gb  fmsh_uart.o [1]
FUartPs_resetTxFifo     0x00207fb0     0x64  Code  Gb  fmsh_uart.o [1]
FUartPs_setBaudRate     0x00208150     0x78  Code  Gb  fmsh_uart.o [1]
FUartPs_setClockDivisor
                        0x00208078     0xd8  Code  Gb  fmsh_uart.o [1]
FUartPs_setLineControl  0x002081c8     0xac  Code  Gb  fmsh_uart.o [1]
FUartPs_write           0x002083dc     0x68  Code  Gb  fmsh_uart.o [1]
FreeRTOS_IRQ_Handler    0x0020710c           Code  Gb  portASM.o [1]
FreeRTOS_SWI_Handler    0x00207014           Code  Gb  portASM.o [1]
FreeRTOS_Tick_Handler   0x00205c38     0x5c  Code  Gb  port.o [1]
IRQInterrupt            0x0020a69c     0x1c  Code  Gb  exception_handler.o [1]
IRQ_Handler             0x00204038           Code  Gb  cstartup.o [1]
IRQ_STACK$$Base         0x0021ca58            --   Gb  - Linker created -
IRQ_STACK$$Limit        0x00224a58            --   Gb  - Linker created -
Led_Pin                 0x0020b66c      0x4  Data  Lc  led_flash.o [1]
LoadInt                 0x00209287     0x7a  Code  Lc  xprintffull_nomb.o [3]
MMUTable                0x00200000           Code  Gb  mmu_table.o [1]
Prefetch_C_Handler      0x0020a620     0x5c  Code  Gb  exception_handler.o [1]
Region$$Table$$Base     0x0020afb8            --   Gb  - Linker created -
Region$$Table$$Limit    0x0020afdc            --   Gb  - Linker created -
SVCHandler              0x002040b8           Code  Gb  cstartup.o [1]
SWInterrupt             0x0020a67c     0x10  Code  Gb  exception_handler.o [1]
SendData                0x00208a8c     0x50  Code  Lc  fmsh_print.o [1]
StubHandler             0x00206cd8     0x2c  Code  Lc  fmsh_gic.o [1]
UND_STACK$$Base         0x00224c58            --   Gb  - Linker created -
UND_STACK$$Limit        0x00224d58            --   Gb  - Linker created -
Undefined_C_Handler     0x0020a68c     0x10  Code  Gb  exception_handler.o [1]
XExc_VectorTable        0x0020b5d0     0x38  Data  Gb  exception_handler.o [1]
_GenldFullNoMb          0x00209c73    0x268  Code  Lc  xprintffull_nomb.o [3]
_LdtobFullNoMb          0x00209825    0x448  Code  Lc  xprintffull_nomb.o [3]
_LitobFullNoMb          0x002096c5    0x116  Code  Lc  xprintffull_nomb.o [3]
_PrintfFullNoMb         0x002090e9    0x198  Code  Gb  xprintffull_nomb.o [3]
_Prout                  0x0020b165     0x16  Code  Gb  xprout.o [3]
_PutcharsFullNoMb       0x00209edb     0x2e  Code  Lc  xprintffull_nomb.o [3]
_PutfldFullNoMb         0x00209301    0x2b6  Code  Lc  xprintffull_nomb.o [3]
_PuttxtFullNoMb         0x002095b7    0x10e  Code  Lc  xprintffull_nomb.o [3]
_SNProut                0x00208feb     0x1a  Code  Gb  xsnprout.o [3]
__ICFEDIT_region_RAM_end__ {Abs}
                        0x0005ffff           Data  Gb  command line/config [2]
__ICFEDIT_region_RAM_start__ {Abs}
                        0x00024000           Data  Gb  command line/config [2]
__ICFEDIT_size_cstack__ {Abs}
                        0x00004000           Data  Gb  command line/config [2]
__ICFEDIT_size_fiqstack__ {Abs}
                        0x00000100           Data  Gb  command line/config [2]
__ICFEDIT_size_heap__ {Abs}
                        0x00600000           Data  Gb  command line/config [2]
__ICFEDIT_size_irqstack__ {Abs}
                        0x00008000           Data  Gb  command line/config [2]
__ICFEDIT_size_vectors__ {Abs}
                        0x00000100           Data  Gb  command line/config [2]
__aeabi_cdcmple         0x0020a1b9           Code  Gb  DblCmpLe.o [4]
__aeabi_cdrcmple        0x0020a1e9           Code  Gb  DblCmpGe.o [4]
__aeabi_d2iz            0x0020a31d      0xe  Code  Gb  DblToS32.o [4]
__aeabi_d2uiz           0x0020a35d      0xe  Code  Gb  DblToU32.o [4]
__aeabi_d2ulz           0x00209005           Code  Gb  DblToU64.o [4]
__aeabi_ddiv            0x0020a34b     0x12  Code  Gb  DblDiv.o [4]
__aeabi_dmul            0x0020a135     0x12  Code  Gb  DblMul.o [4]
__aeabi_dsub            0x0020a339     0x12  Code  Gb  DblSub.o [4]
__aeabi_i2d             0x0020a32b      0xe  Code  Gb  S32ToDbl.o [4]
__aeabi_idiv            0x0020a378           Code  Gb  I32DivMod.o [5]
__aeabi_idiv0           0x0020a59c           Code  Gb  IntDivZer.o [5]
__aeabi_idivmod         0x0020a378           Code  Gb  I32DivMod.o [5]
__aeabi_ldiv0           0x0020a598           Code  Gb  I64DivZer.o [5]
__aeabi_memcpy          0x00208e84           Code  Gb  ABImemcpy.o [5]
__aeabi_memcpy4         0x00208ea8           Code  Gb  ABImemcpy.o [5]
__aeabi_memcpy8         0x00208ea8           Code  Gb  ABImemcpy.o [5]
__aeabi_memset          0x00205870           Code  Gb  ABImemset.o [5]
__aeabi_ui2d            0x0020a36b      0xe  Code  Gb  U32ToDbl.o [4]
__aeabi_uidiv           0x0020a3a4           Code  Gb  I32DivMod.o [5]
__aeabi_uidivmod        0x0020a3a4           Code  Gb  I32DivMod.o [5]
__aeabi_uldivmod        0x0020a004           Code  Gb  I64DivMod.o [5]
__cmain                 0x0020ae64           Code  Gb  cmain.o [5]
__dwrite                0x0020b049     0x14  Code  Gb  dwrite.o [6]
__exit                  0x00209f09     0x16  Code  Gb  exit.o [6]
__iar_Fail_s            0x00209f41     0x2e  Code  Gb  xfail_s.o [3]
__iar_Memchr            0x00209f70           Code  Gb  memchr.o [5]
__iar_Memset            0x00205870           Code  Gb  ABImemset.o [5]
__iar_Memset_word       0x00205878           Code  Gb  ABImemset.o [5]
__iar_Strchr            0x00209f20           Code  Gb  strchr.o [5]
__iar_close_ttio        0x0020a521     0x32  Code  Gb  iarttio.o [6]
__iar_copy_init3        0x0020aeb1     0x2c  Code  Gb  copy_init3.o [5]
__iar_data_init3        0x0020ad59     0x30  Code  Gb  data_init.o [5]
__iar_frexp             0x0020a155           Code  Gb  frexp.o [4]
__iar_frexpl            0x0020a155           Code  Gb  frexp.o [4]
__iar_get_ttio          0x0020a553     0x44  Code  Gb  iarttio.o [6]
__iar_init_vfp          0x0020aef0           Code  Gb  fpinit.o [4]
__iar_init_vfp_v6       0x0020aedc           Code  Gb  fpinit.o [4]
__iar_ldexp64           0x0020a22d           Code  Gb  ldexp.o [4]
__iar_lookup_ttioh      0x0020a5a1      0xa  Code  Gb  XShttio.o [3]
__iar_round64           0x00208f69           Code  Gb  round.o [4]
__iar_scalbln64         0x0020a22d           Code  Gb  ldexp.o [4]
__iar_scalbn64          0x0020a22d           Code  Gb  ldexp.o [4]
__iar_semihosting       0x0020a597      0x2  Code  Gb  iar_semihosting.o [6]
__iar_sh_stdout         0x0020af95     0x22  Code  Gb  iarwstd.o [6]
__iar_sh_write          0x0020af71     0x24  Code  Gb  iarwrite.o [6]
__iar_softfp___iar_frexp64
                        0x0020a149           Code  Gb  frexp.o [4]
__iar_softfp___iar_ldexp64
                        0x0020a219           Code  Gb  ldexp.o [4]
__iar_softfp___iar_scalbln64
                        0x0020a219           Code  Gb  ldexp.o [4]
__iar_softfp___iar_scalbn64
                        0x0020a219           Code  Gb  ldexp.o [4]
__iar_softfp_frexp      0x0020a149           Code  Gb  frexp.o [4]
__iar_softfp_frexpl     0x0020a149           Code  Gb  frexp.o [4]
__iar_softfp_ldexp      0x0020a219           Code  Gb  ldexp.o [4]
__iar_softfp_ldexpl     0x0020a219           Code  Gb  ldexp.o [4]
__iar_softfp_scalbln    0x0020a219           Code  Gb  ldexp.o [4]
__iar_softfp_scalblnl   0x0020a219           Code  Gb  ldexp.o [4]
__iar_softfp_scalbn     0x0020a219           Code  Gb  ldexp.o [4]
__iar_softfp_scalbnl    0x0020a219           Code  Gb  ldexp.o [4]
__iar_systems$$module {Abs}
                        0x00000001           Data  Gb  command line/config [2]
__iar_ttio_handles      0x0020b660      0x8  Data  Lc  XShttio.o [3]
__iar_vfp___iar_round64
                        0x00208f59           Code  Gb  round.o [4]
__iar_vfp_round         0x00208f59           Code  Gb  round.o [4]
__iar_vfp_roundl        0x00208f59           Code  Gb  round.o [4]
__iar_zero_init3        0x0020ac6d     0x40  Code  Gb  zero_init3.o [5]
__low_level_init        0x0020ae91      0x4  Code  Gb  low_level_init.o [3]
__write                 0x0020b03d      0xc  Code  Gb  write.o [6]
_call_main              0x0020ae78           Code  Gb  cmain.o [5]
_exit                   0x0020aea0           Code  Gb  cexit.o [5]
_freertos_vector_table  0x00204100           Code  Gb  FreeRTOS_asm_vectors.o [1]
_main                   0x0020ae80           Code  Gb  cmain.o [5]
abort                   0x00208fe5      0x6  Code  Gb  abort.o [3]
abort_status            0x0020b518     0xb8  Data  Lc  exception_handler.o [1]
dcache_enable           0x002067dc     0x30  Code  Gb  cache.o [1]
delay_ms                0x002089cc     0x64  Code  Gb  fmsh_common.o [1]
exit                    0x0020ae9d      0x4  Code  Gb  exit.o [3]
fmsh_print              0x00208a3c     0x4c  Code  Gb  fmsh_print.o [1]
g_UART                  0x0021c700     0x74  Data  Gb  platform.o [1]
get_ccsidr              0x0020656c      0x8  Code  Lc  cache.o [1]
get_clidr               0x00206574      0x8  Code  Lc  cache.o [1]
get_cpsr                0x0020655c      0x8  Code  Lc  cache.o [1]
get_cr                  0x00206548      0x8  Code  Lc  cache.o [1]
get_current_time        0x0020898c     0x40  Code  Gb  fmsh_common.o [1]
global_timer_enable     0x00208978     0x14  Code  Gb  fmsh_common.o [1]
icache_enable           0x0020679c     0x18  Code  Gb  cache.o [1]
init_platform           0x00206894      0xc  Code  Gb  platform.o [1]
init_uart               0x0020680c     0x84  Code  Gb  platform.o [1]
invalidate_dcache_all   0x002067b4     0x28  Code  Gb  cache.o [1]
ldexp                   0x0020a22d           Code  Gb  ldexp.o [4]
ldexpl                  0x0020a22d           Code  Gb  ldexp.o [4]
led_flash               0x00206910     0x3c  Code  Gb  led_flash.o [1]
main                    0x0020529c     0x20  Code  Gb  main.o [1]
memchr                  0x00209f70           Code  Gb  memchr.o [5]
mmu_enabled             0x00206738     0x10  Code  Lc  cache.o [1]
mmu_setup               0x00206748     0x50  Code  Gb  cache.o [1]
onAssert__              0x00208954     0x24  Code  Gb  fmsh_common.o [1]
printf                  0x00208fbb     0x2a  Code  Gb  printf.o [3]
prvAddCurrentTaskToDelayedList
                        0x00205178     0xf8  Code  Lc  tasks.o [1]
prvAddNewTaskToReadyList
                        0x002044cc    0x108  Code  Lc  tasks.o [1]
prvCheckForValidListAndQueue
                        0x00206444     0x8c  Code  Lc  timers.o [1]
prvCheckForValidListAndQueue{1}{2}{3}{4}::ucStaticTimerQueueStorage
                        0x0021c880     0x50  Data  Lc  timers.o [1]
prvCheckForValidListAndQueue{1}{2}{3}{4}::xStaticTimerQueue
                        0x0021c82c     0x54  Data  Lc  timers.o [1]
prvCheckTasksWaitingTermination
                        0x00204ec4     0x6c  Code  Lc  tasks.o [1]
prvCopyDataFromQueue    0x00207b88     0x5c  Code  Lc  queue.o [1]
prvCopyDataToQueue      0x00207a80    0x108  Code  Lc  queue.o [1]
prvDeleteTCB            0x00204f3c     0x5c  Code  Lc  tasks.o [1]
prvGetNextExpireTime    0x00206074     0x50  Code  Lc  timers.o [1]
prvHeapInit             0x002056e4     0xb0  Code  Lc  heap_4.o [1]
prvIdleTask             0x00204e28     0x28  Code  Lc  tasks.o [1]
prvInitialiseNewQueue   0x00207484     0x50  Code  Lc  queue.o [1]
prvInitialiseNewTask    0x0020439c    0x130  Code  Lc  tasks.o [1]
prvInitialiseTaskLists  0x00204e58     0x6c  Code  Lc  tasks.o [1]
prvInsertBlockIntoFreeList
                        0x00205794     0xbc  Code  Lc  heap_4.o [1]
prvInsertTimerInActiveList
                        0x0020610c     0x8c  Code  Lc  timers.o [1]
prvIsQueueEmpty         0x00207cb8     0x30  Code  Lc  queue.o [1]
prvIsQueueFull          0x00207ce8     0x34  Code  Lc  queue.o [1]
prvNotifyQueueSetContainer
                        0x00207dd4     0xb4  Code  Lc  queue.o [1]
prvProcessExpiredTimer  0x00205f00     0xa4  Code  Lc  timers.o [1]
prvProcessReceivedCommands
                        0x00206198    0x1c0  Code  Lc  timers.o [1]
prvProcessTimerOrBlockTask
                        0x00205fcc     0xa8  Code  Lc  timers.o [1]
prvResetNextTaskUnblockTime
                        0x00204f98     0x48  Code  Lc  tasks.o [1]
prvSampleTimeNow        0x002060c4     0x48  Code  Lc  timers.o [1]
prvSampleTimeNow::xLastTime
                        0x0021ca50      0x4  Data  Lc  timers.o [1]
prvSetupHardware        0x002052bc     0x90  Code  Lc  main.o [1]
prvSwitchTimerLists     0x00206358     0xec  Code  Lc  timers.o [1]
prvTaskExitError        0x00205b00     0x28  Code  Lc  port.o [1]
prvTimerTask            0x00205fa4     0x28  Code  Lc  timers.o [1]
prvUnlockQueue          0x00207be4     0xd4  Code  Lc  queue.o [1]
putchar                 0x0020b01d     0x20  Code  Gb  putchar.o [3]
pvPortMalloc            0x0020544c    0x1c0  Code  Gb  heap_4.o [1]
pxCurrentTCB            0x0021c9fc      0x4  Data  Gb  tasks.o [1]
pxCurrentTimerList      0x0021ca40      0x4  Data  Lc  timers.o [1]
pxDelayedTaskList       0x0021ca00      0x4  Data  Lc  tasks.o [1]
pxEnd                   0x0021c9e0      0x4  Data  Lc  heap_4.o [1]
pxOverflowDelayedTaskList
                        0x0021ca04      0x4  Data  Lc  tasks.o [1]
pxOverflowTimerList     0x0021ca44      0x4  Data  Lc  timers.o [1]
pxPortInitialiseStack   0x002059f8    0x108  Code  Gb  port.o [1]
pxReadyTasksLists       0x0021c674     0x8c  Data  Lc  tasks.o [1]
resetHandler            0x0020a704           Code  Gb  cstartup.o [1]
resetVector             0x00204000           Code  Gb  cstartup.o [1]
round                   0x00208f69           Code  Gb  round.o [4]
roundl                  0x00208f69           Code  Gb  round.o [4]
scalbln                 0x0020a22d           Code  Gb  ldexp.o [4]
scalblnl                0x0020a22d           Code  Gb  ldexp.o [4]
scalbn                  0x0020a22d           Code  Gb  ldexp.o [4]
scalbnl                 0x0020a22d           Code  Gb  ldexp.o [4]
scale                   0x002097db     0x4a  Code  Lc  xprintffull_nomb.o [3]
sec_hand                0x0021ca54      0x4  Data  Lc  xfail_s.o [3]
set_cpsr                0x00206564      0x8  Code  Lc  cache.o [1]
set_cr                  0x00206550      0xc  Code  Lc  cache.o [1]
set_csselr              0x0020657c      0x8  Code  Lc  cache.o [1]
strchr                  0x00209f20           Code  Gb  strchr.o [5]
strlen                  0x00209094           Code  Gb  strlen.o [5]
ucHeap                  0x0020babc  0x10000  Data  Lc  heap_4.o [1]
ulCriticalNesting       0x0020b670      0x4  Data  Gb  port.o [1]
ulPortInterruptNesting  0x0021c9f8      0x4  Data  Gb  port.o [1]
ulPortSetInterruptMask  0x00205cbc     0x3c  Code  Gb  port.o [1]
ulPortTaskHasFPUContext
                        0x0021c9f0      0x4  Data  Gb  port.o [1]
ulPortYieldRequired     0x0021c9f4      0x4  Data  Gb  port.o [1]
ulTaskSwitchedInTime    0x0021ca38      0x4  Data  Lc  tasks.o [1]
ulTotalRunTime          0x0021ca3c      0x4  Data  Lc  tasks.o [1]
uxCurrentNumberOfTasks  0x0021ca0c      0x4  Data  Lc  tasks.o [1]
uxDeletedTasksWaitingCleanUp
                        0x0021ca08      0x4  Data  Lc  tasks.o [1]
uxListRemove            0x002059a8     0x50  Code  Gb  list.o [1]
uxPendedTicks           0x0021ca1c      0x4  Data  Lc  tasks.o [1]
uxSchedulerSuspended    0x0021ca34      0x4  Data  Lc  tasks.o [1]
uxTaskNumber            0x0021ca28      0x4  Data  Lc  tasks.o [1]
uxTopReadyPriority      0x0021ca14      0x4  Data  Lc  tasks.o [1]
v7_clean_invalidate_by_set_way
                        0x00206584      0x8  Code  Lc  cache.o [1]
v7_dcache_entire_op     0x002065b8    0x180  Code  Lc  cache.o [1]
v7_inval_tlb            0x00206594     0x24  Code  Lc  cache.o [1]
v7_invalidate_by_set_way
                        0x0020658c      0x8  Code  Lc  cache.o [1]
vApplicationFPUSafeIRQHandler
                        0x00206fbc     0x40  Code  Gb  FreeRTOS_tick_config.o [1]
vApplicationFPUSafeIRQHandler::pxVectorTable
                        0x0020b668      0x4  Data  Lc  FreeRTOS_tick_config.o [1]
vApplicationGetIdleTaskMemory
                        0x002053f0     0x1c  Code  Gb  main.o [1]
vApplicationGetIdleTaskMemory::uxIdleTaskStack
                        0x0021c28c    0x3e8  Data  Lc  main.o [1]
vApplicationGetIdleTaskMemory::xIdleTaskTCB
                        0x0021c774     0x5c  Data  Lc  main.o [1]
vApplicationGetTimerTaskMemory
                        0x0020540c     0x1c  Code  Gb  main.o [1]
vApplicationGetTimerTaskMemory::uxTimerTaskStack
                        0x0021babc    0x7d0  Data  Lc  main.o [1]
vApplicationGetTimerTaskMemory::xTimerTaskTCB
                        0x0021c7d0     0x5c  Data  Lc  main.o [1]
vApplicationIRQHandler  0x00207260           Code  Gb  portASM.o [1]
vApplicationIdleHook    0x0020536c     0x24  Code  Gb  main.o [1]
vApplicationMallocFailedHook
                        0x0020534c      0xc  Code  Gb  main.o [1]
vApplicationStackOverflowHook
                        0x00205358     0x14  Code  Gb  main.o [1]
vApplicationTickHook    0x002053c4      0x4  Code  Gb  main.o [1]
vAssertCalled           0x00205390     0x34  Code  Gb  main.o [1]
vClearTickInterrupt     0x00206fa8     0x14  Code  Gb  FreeRTOS_tick_config.o [1]
vConfigureTickInterrupt
                        0x00206ee8     0xc0  Code  Gb  FreeRTOS_tick_config.o [1]
vInitialiseTimerForRunTimeStats
                        0x002053c8     0x28  Code  Gb  main.o [1]
vListInitialise         0x002058e4     0x2c  Code  Gb  list.o [1]
vListInitialiseItem     0x00205910      0xc  Code  Gb  list.o [1]
vListInsert             0x0020594c     0x5c  Code  Gb  list.o [1]
vListInsertEnd          0x0020591c     0x30  Code  Gb  list.o [1]
vPortClearInterruptMask
                        0x00205c94     0x28  Code  Gb  port.o [1]
vPortEnterCritical      0x00205b98     0x4c  Code  Gb  port.o [1]
vPortExitCritical       0x00205be4     0x54  Code  Gb  port.o [1]
vPortFree               0x0020560c     0xc0  Code  Gb  heap_4.o [1]
vPortInstallFreeRTOSVectorTable
                        0x0020415c           Code  Gb  FreeRTOS_asm_vectors.o [1]
vPortRestoreTaskContext
                        0x002070b4           Code  Gb  portASM.o [1]
vPortValidateInterruptPriority
                        0x00205cf8     0x44  Code  Gb  port.o [1]
vQueueAddToRegistry     0x00207d1c     0x4c  Code  Gb  queue.o [1]
vQueueWaitForMessageRestricted
                        0x00207d68     0x6c  Code  Gb  queue.o [1]
vTaskInternalSetTimeOutState
                        0x00204cfc     0x1c  Code  Gb  tasks.o [1]
vTaskMissedYield        0x00204e0c     0x10  Code  Gb  tasks.o [1]
vTaskPlaceOnEventList   0x00204ba4     0x44  Code  Gb  tasks.o [1]
vTaskPlaceOnEventListRestricted
                        0x00204be8     0x58  Code  Gb  tasks.o [1]
vTaskStartScheduler     0x002045d4     0xe0  Code  Gb  tasks.o [1]
vTaskSuspendAll         0x002046b4     0x18  Code  Gb  tasks.o [1]
vTaskSwitchContext      0x00204a44    0x160  Code  Gb  tasks.o [1]
vsnprintf               0x00209057     0x3e  Code  Gb  vsnprint.o [3]
xActiveTimerList1       0x0021c994     0x14  Data  Lc  timers.o [1]
xActiveTimerList2       0x0021c9a8     0x14  Data  Lc  timers.o [1]
xBlockAllocatedBit      0x0021c9ec      0x4  Data  Lc  heap_4.o [1]
xDelayedTaskList1       0x0021c930     0x14  Data  Lc  tasks.o [1]
xDelayedTaskList2       0x0021c944     0x14  Data  Lc  tasks.o [1]
xFreeBytesRemaining     0x0021c9e4      0x4  Data  Lc  heap_4.o [1]
xGtcInstance            0x0021c9bc     0x10  Data  Gb  main.o [1]
xHeapStructSize         0x0020b224      0x4  Data  Lc  heap_4.o [1]
xIdleTaskHandle         0x0021ca30      0x4  Data  Lc  tasks.o [1]
xInterruptController    0x0021c9cc      0xc  Data  Gb  main.o [1]
xMinimumEverFreeBytesRemaining
                        0x0021c9e8      0x4  Data  Lc  heap_4.o [1]
xNextTaskUnblockTime    0x0021ca2c      0x4  Data  Lc  tasks.o [1]
xNumOfOverflows         0x0021ca24      0x4  Data  Lc  tasks.o [1]
xPendingReadyList       0x0021c958     0x14  Data  Lc  tasks.o [1]
xPortGetFreeHeapSize    0x002056cc      0xc  Code  Gb  heap_4.o [1]
xPortGetMinimumEverFreeHeapSize
                        0x002056d8      0xc  Code  Gb  heap_4.o [1]
xPortStartScheduler     0x00205b28     0x70  Code  Gb  port.o [1]
xQueueGenericCreateStatic
                        0x00207380    0x104  Code  Gb  queue.o [1]
xQueueGenericReset      0x002072bc     0xc4  Code  Gb  queue.o [1]
xQueueGenericSend       0x002074d4    0x260  Code  Gb  queue.o [1]
xQueueGenericSendFromISR
                        0x00207734    0x16c  Code  Gb  queue.o [1]
xQueueReceive           0x002078a0    0x1dc  Code  Gb  queue.o [1]
xQueueRegistry          0x0021c8d0     0x40  Data  Gb  queue.o [1]
xSchedulerRunning       0x0021ca18      0x4  Data  Lc  tasks.o [1]
xStart                  0x0021c9d8      0x8  Data  Lc  heap_4.o [1]
xSuspendedTaskList      0x0021c980     0x14  Data  Lc  tasks.o [1]
xTaskCheckForTimeOut    0x00204d1c     0xf0  Code  Gb  tasks.o [1]
xTaskCreate             0x002042dc     0xc0  Code  Gb  tasks.o [1]
xTaskCreateStatic       0x00204200     0xdc  Code  Gb  tasks.o [1]
xTaskGetSchedulerState  0x00204fe0     0x38  Code  Gb  tasks.o [1]
xTaskGetTickCount       0x0020482c      0xc  Code  Gb  tasks.o [1]
xTaskIncrementTick      0x0020485c    0x1dc  Code  Gb  tasks.o [1]
xTaskPriorityDisinherit
                        0x00205028    0x114  Code  Gb  tasks.o [1]
xTaskRemoveFromEventList
                        0x00204c40     0xbc  Code  Gb  tasks.o [1]
xTaskResumeAll          0x002046cc    0x160  Code  Gb  tasks.o [1]
xTasksWaitingTermination
                        0x0021c96c     0x14  Data  Lc  tasks.o [1]
xTickCount              0x0021ca10      0x4  Data  Lc  tasks.o [1]
xTimer                  0x0021c910     0x20  Data  Lc  FreeRTOS_tick_config.o [1]
xTimerCreateTimerTask   0x00205d88     0xac  Code  Gb  timers.o [1]
xTimerGenericCommand    0x00205e34     0xcc  Code  Gb  timers.o [1]
xTimerQueue             0x0021ca48      0x4  Data  Lc  timers.o [1]
xTimerTaskHandle        0x0021ca4c      0x4  Data  Lc  timers.o [1]
xYieldPending           0x0021ca20      0x4  Data  Lc  tasks.o [1]


[1] = D:\FMQL\FSBL\src\fsbl-v1.0\SDK\fsbl_platform\FreeRTOS\Debug\Obj
[2] = command line
[3] = dl7Sx_tln.a
[4] = m7Sx_tlv.a
[5] = rt7Sx_tl.a
[6] = sh7Sxi_l.a

   43 334 bytes of readonly  code memory
    3 202 bytes of readonly  data memory
  120 548 bytes of readwrite data memory

Errors: none
Warnings: none
