###############################################################################
#
# IAR ELF Linker V8.11.2.13589/W32 for ARM                29/Jan/2024  13:45:02
# Copyright 2007-2017 IAR Systems AB.
#
#    Output file  =  
#        C:\Users\Administrator\Desktop\amp_freertos_test\fsbl-v1.0\SDK\fsbl_platform\FreeRTOS\Debug\Exe\FreeRTOS.out
#    Map file     =  
#        C:\Users\Administrator\Desktop\amp_freertos_test\fsbl-v1.0\SDK\fsbl_platform\FreeRTOS\Debug\List\FreeRTOS.map
#    Command line =  
#        -f C:\Users\ADMINI~1\AppData\Local\Temp\EW47A2.tmp
#        (C:\Users\Administrator\Desktop\amp_freertos_test\fsbl-v1.0\SDK\fsbl_platform\FreeRTOS\Debug\Obj\cache.o
#        C:\Users\Administrator\Desktop\amp_freertos_test\fsbl-v1.0\SDK\fsbl_platform\FreeRTOS\Debug\Obj\croutine.o
#        C:\Users\Administrator\Desktop\amp_freertos_test\fsbl-v1.0\SDK\fsbl_platform\FreeRTOS\Debug\Obj\cstartup.o
#        C:\Users\Administrator\Desktop\amp_freertos_test\fsbl-v1.0\SDK\fsbl_platform\FreeRTOS\Debug\Obj\event_groups.o
#        C:\Users\Administrator\Desktop\amp_freertos_test\fsbl-v1.0\SDK\fsbl_platform\FreeRTOS\Debug\Obj\exception_handler.o
#        C:\Users\Administrator\Desktop\amp_freertos_test\fsbl-v1.0\SDK\fsbl_platform\FreeRTOS\Debug\Obj\fmsh_common.o
#        C:\Users\Administrator\Desktop\amp_freertos_test\fsbl-v1.0\SDK\fsbl_platform\FreeRTOS\Debug\Obj\fmsh_gic.o
#        C:\Users\Administrator\Desktop\amp_freertos_test\fsbl-v1.0\SDK\fsbl_platform\FreeRTOS\Debug\Obj\fmsh_gic_intr.o
#        C:\Users\Administrator\Desktop\amp_freertos_test\fsbl-v1.0\SDK\fsbl_platform\FreeRTOS\Debug\Obj\fmsh_gic_sinit.o
#        C:\Users\Administrator\Desktop\amp_freertos_test\fsbl-v1.0\SDK\fsbl_platform\FreeRTOS\Debug\Obj\fmsh_gpio.o
#        C:\Users\Administrator\Desktop\amp_freertos_test\fsbl-v1.0\SDK\fsbl_platform\FreeRTOS\Debug\Obj\fmsh_gpio_g.o
#        C:\Users\Administrator\Desktop\amp_freertos_test\fsbl-v1.0\SDK\fsbl_platform\FreeRTOS\Debug\Obj\fmsh_gpio_sinit.o
#        C:\Users\Administrator\Desktop\amp_freertos_test\fsbl-v1.0\SDK\fsbl_platform\FreeRTOS\Debug\Obj\fmsh_gtc.o
#        C:\Users\Administrator\Desktop\amp_freertos_test\fsbl-v1.0\SDK\fsbl_platform\FreeRTOS\Debug\Obj\fmsh_gtc_g.o
#        C:\Users\Administrator\Desktop\amp_freertos_test\fsbl-v1.0\SDK\fsbl_platform\FreeRTOS\Debug\Obj\fmsh_gtc_sinit.o
#        C:\Users\Administrator\Desktop\amp_freertos_test\fsbl-v1.0\SDK\fsbl_platform\FreeRTOS\Debug\Obj\fmsh_print.o
#        C:\Users\Administrator\Desktop\amp_freertos_test\fsbl-v1.0\SDK\fsbl_platform\FreeRTOS\Debug\Obj\fmsh_ttc.o
#        C:\Users\Administrator\Desktop\amp_freertos_test\fsbl-v1.0\SDK\fsbl_platform\FreeRTOS\Debug\Obj\fmsh_ttc_g.o
#        C:\Users\Administrator\Desktop\amp_freertos_test\fsbl-v1.0\SDK\fsbl_platform\FreeRTOS\Debug\Obj\fmsh_ttc_sinit.o
#        C:\Users\Administrator\Desktop\amp_freertos_test\fsbl-v1.0\SDK\fsbl_platform\FreeRTOS\Debug\Obj\fmsh_uart.o
#        C:\Users\Administrator\Desktop\amp_freertos_test\fsbl-v1.0\SDK\fsbl_platform\FreeRTOS\Debug\Obj\fmsh_uart_example.o
#        C:\Users\Administrator\Desktop\amp_freertos_test\fsbl-v1.0\SDK\fsbl_platform\FreeRTOS\Debug\Obj\fmsh_uart_g.o
#        C:\Users\Administrator\Desktop\amp_freertos_test\fsbl-v1.0\SDK\fsbl_platform\FreeRTOS\Debug\Obj\fmsh_uart_sinit.o
#        C:\Users\Administrator\Desktop\amp_freertos_test\fsbl-v1.0\SDK\fsbl_platform\FreeRTOS\Debug\Obj\FreeRTOS_asm_vectors.o
#        C:\Users\Administrator\Desktop\amp_freertos_test\fsbl-v1.0\SDK\fsbl_platform\FreeRTOS\Debug\Obj\FreeRTOS_tick_config.o
#        C:\Users\Administrator\Desktop\amp_freertos_test\fsbl-v1.0\SDK\fsbl_platform\FreeRTOS\Debug\Obj\heap_4.o
#        C:\Users\Administrator\Desktop\amp_freertos_test\fsbl-v1.0\SDK\fsbl_platform\FreeRTOS\Debug\Obj\led_flash.o
#        C:\Users\Administrator\Desktop\amp_freertos_test\fsbl-v1.0\SDK\fsbl_platform\FreeRTOS\Debug\Obj\list.o
#        C:\Users\Administrator\Desktop\amp_freertos_test\fsbl-v1.0\SDK\fsbl_platform\FreeRTOS\Debug\Obj\main.o
#        C:\Users\Administrator\Desktop\amp_freertos_test\fsbl-v1.0\SDK\fsbl_platform\FreeRTOS\Debug\Obj\main_blinky.o
#        C:\Users\Administrator\Desktop\amp_freertos_test\fsbl-v1.0\SDK\fsbl_platform\FreeRTOS\Debug\Obj\mmu_table.o
#        C:\Users\Administrator\Desktop\amp_freertos_test\fsbl-v1.0\SDK\fsbl_platform\FreeRTOS\Debug\Obj\ParTest.o
#        C:\Users\Administrator\Desktop\amp_freertos_test\fsbl-v1.0\SDK\fsbl_platform\FreeRTOS\Debug\Obj\platform.o
#        C:\Users\Administrator\Desktop\amp_freertos_test\fsbl-v1.0\SDK\fsbl_platform\FreeRTOS\Debug\Obj\port.o
#        C:\Users\Administrator\Desktop\amp_freertos_test\fsbl-v1.0\SDK\fsbl_platform\FreeRTOS\Debug\Obj\portASM.o
#        C:\Users\Administrator\Desktop\amp_freertos_test\fsbl-v1.0\SDK\fsbl_platform\FreeRTOS\Debug\Obj\ps_init.o
#        C:\Users\Administrator\Desktop\amp_freertos_test\fsbl-v1.0\SDK\fsbl_platform\FreeRTOS\Debug\Obj\queue.o
#        C:\Users\Administrator\Desktop\amp_freertos_test\fsbl-v1.0\SDK\fsbl_platform\FreeRTOS\Debug\Obj\stream_buffer.o
#        C:\Users\Administrator\Desktop\amp_freertos_test\fsbl-v1.0\SDK\fsbl_platform\FreeRTOS\Debug\Obj\tasks.o
#        C:\Users\Administrator\Desktop\amp_freertos_test\fsbl-v1.0\SDK\fsbl_platform\FreeRTOS\Debug\Obj\timers.o
#        --redirect _Printf=_PrintfFullNoMb --redirect _Scanf=_ScanfFullNoMb -o
#        C:\Users\Administrator\Desktop\amp_freertos_test\fsbl-v1.0\SDK\fsbl_platform\FreeRTOS\Debug\Exe\FreeRTOS.out
#        --map
#        C:\Users\Administrator\Desktop\amp_freertos_test\fsbl-v1.0\SDK\fsbl_platform\FreeRTOS\Debug\List\FreeRTOS.map
#        --config
#        C:\Users\Administrator\Desktop\amp_freertos_test\fsbl-v1.0\SDK\fsbl_platform\FreeRTOS\a7_sram.icf
#        --semihosting=iar_breakpoint --entry resetHandler --vfe --text_out
#        locale)
#
###############################################################################

*******************************************************************************
*** RUNTIME MODEL ATTRIBUTES
***

CppFlavor       = *
__SystemLibrary = DLib
__dlib_version  = 6


*******************************************************************************
*** HEAP SELECTION
***

The basic heap was selected because no calls to memory allocation
functions were found in the application outside of system library
functions, and there are calls to deallocation functions in the
application.


*******************************************************************************
*** PLACEMENT SUMMARY
***

"P1":  place in [from 0x30004000 to 0x300040ff] { section .vectors };
"P2":  place in [from 0x30004100 to 0x300041ff] { section .freertos_vectors };
"P3":  place in [from 0x30000000 to 0x30003fff] { section .mmu_tbl };
"P4":  place in [from 0x30004200 to 0x3fffffff] { ro };
"P5":  place in [from 0x30004200 to 0x3fffffff] { section .cstartup };
define block IRQ_STACK with size = 512, alignment = 8 { };
define block FIQ_STACK with size = 512, alignment = 8 { };
define block ABT_STACK with size = 512, alignment = 8 { };
define block UND_STACK with size = 512, alignment = 8 { };
define block CSTACK with size = 16K, alignment = 8 { };
define block HEAP with size = 1K, alignment = 8 { };
"P6":  place in [from 0x30004200 to 0x3fffffff] {
          rw, block IRQ_STACK, block FIQ_STACK, block ABT_STACK,
          block UND_STACK, block CSTACK, block HEAP };
initialize by copy with packing = copy, complex ranges { rw };

  Section            Kind        Address     Size  Object
  -------            ----        -------     ----  ------
"P3":                                      0x4000
  .mmu_tbl           ro code  0x30000000   0x4000  mmu_table.o [1]
                            - 0x30004000   0x4000

"P1":                                        0xe0
  .vectors           ro code  0x30004000     0xe0  cstartup.o [1]
                            - 0x300040e0     0xe0

"P2":                                        0x74
  .freertos_vectors  ro code  0x30004100     0x74  FreeRTOS_asm_vectors.o [1]
                            - 0x30004174     0x74

"P4-P6", part 1 of 3:                      0x7c58
  .text              ro code  0x30004200   0x11d0  tasks.o [1]
  .text              ro code  0x300053d0    0x1b4  main.o [1]
  .text              ro code  0x30005584    0x424  heap_4.o [1]
  .text              ro code  0x300059a8     0x74  ABImemset.o [5]
  .text              ro code  0x30005a1c    0x114  list.o [1]
  .text              ro code  0x30005b30    0x390  port.o [1]
  .text              ro code  0x30005ec0    0x77c  timers.o [1]
  .text              ro code  0x3000663c     0x44  fmsh_gtc.o [1]
  .text              ro code  0x30006680    0x298  cache.o [1]
  .text              ro code  0x30006918     0x94  platform.o [1]
  .text              ro code  0x300069ac    0x208  led_flash.o [1]
  .text              ro code  0x30006bb4     0x3c  fmsh_gic_sinit.o [1]
  .text              ro code  0x30006bf0    0x454  fmsh_gic.o [1]
  .text              ro code  0x30007044     0x60  ParTest.o [1]
  .text              ro code  0x300070a4     0x54  fmsh_gtc_sinit.o [1]
  .text              ro code  0x300070f8    0x13c  FreeRTOS_tick_config.o [1]
  .text              ro code  0x30007234    0x2a8  portASM.o [1]
  .text              ro code  0x300074dc    0xc54  queue.o [1]
  .text              ro code  0x30008130     0x54  fmsh_uart_sinit.o [1]
  .text              ro code  0x30008184    0x80c  fmsh_uart.o [1]
  .text              ro code  0x30008990     0x54  fmsh_gpio_sinit.o [1]
  .text              ro code  0x300089e4    0x210  fmsh_gpio.o [1]
  .text              ro code  0x30008bf4     0xa0  fmsh_print.o [1]
  .text              ro code  0x30008c94     0x28  fmsh_common.o [1]
  .text              ro code  0x30008cbc     0x54  fmsh_ttc_sinit.o [1]
  .text              ro code  0x30008d10    0x354  fmsh_ttc.o [1]
  .text              ro code  0x30009064     0xd4  ABImemcpy.o [5]
  .text              ro code  0x30009138     0x62  round.o [4]
  .text              ro code  0x3000919a     0x3e  vsnprint.o [3]
  .text              ro code  0x300091d8     0x54  strlen.o [5]
  .text              ro code  0x3000922c     0x2a  printf.o [3]
  .text              ro code  0x30009256      0x6  abort.o [3]
  .text              ro code  0x3000925c    0xe20  xprintffull_nomb.o [3]
  .text              ro code  0x3000a07c     0x16  exit.o [6]
  .text              ro code  0x3000a092     0x1a  xsnprout.o [3]
  .text              ro code  0x3000a0ac     0x20  strchr.o [5]
  .text              ro code  0x3000a0cc     0x2e  xfail_s.o [3]
  .rodata            const    0x3000a0fa      0x2  xprintffull_nomb.o [3]
  .text              ro code  0x3000a0fc     0x94  memchr.o [5]
  .text              ro code  0x3000a190    0x130  I64DivMod.o [5]
  .text              ro code  0x3000a2c0     0x12  DblMul.o [4]
  .text              ro code  0x3000a2d4     0x70  frexp.o [4]
  .text              ro code  0x3000a344     0x2e  DblCmpLe.o [4]
  .text              ro code  0x3000a374     0x2e  DblCmpGe.o [4]
  .text              ro code  0x3000a3a4    0x104  ldexp.o [4]
  .text              ro code  0x3000a4a8      0xe  DblToS32.o [4]
  .text              ro code  0x3000a4b6      0xe  S32ToDbl.o [4]
  .text              ro code  0x3000a4c4     0x12  DblSub.o [4]
  .text              ro code  0x3000a4d6     0x12  DblDiv.o [4]
  .text              ro code  0x3000a4e8      0xe  DblToU32.o [4]
  .text              ro code  0x3000a4f6      0xe  U32ToDbl.o [4]
  .text              ro code  0x3000a504    0x1a8  I32DivMod.o [5]
  .text              ro code  0x3000a6ac     0x76  iarttio.o [6]
  .text              ro code  0x3000a722      0x2  iar_semihosting.o [6]
  .text              ro code  0x3000a724      0x4  I64DivZer.o [5]
  .text              ro code  0x3000a728      0x4  IntDivZer.o [5]
  .text              ro code  0x3000a72c      0xa  XShttio.o [3]
  .text              ro code  0x3000a738    0x158  exception_handler.o [1]
  .cstartup          ro code  0x3000a890    0x134  cstartup.o [1]
  .rodata            const    0x3000a9c4     0x7c  FreeRTOS_tick_config.o [1]
  .rodata            const    0x3000aa40     0x7c  port.o [1]
  .rodata            const    0x3000aabc     0x78  fmsh_gpio.o [1]
  .rodata            const    0x3000ab34     0x78  fmsh_uart.o [1]
  .rodata            const    0x3000abac     0x78  heap_4.o [1]
  .rodata            const    0x3000ac24     0x74  fmsh_gic.o [1]
  .rodata            const    0x3000ac98     0x74  fmsh_ttc.o [1]
  .rodata            const    0x3000ad0c     0x70  ParTest.o [1]
  .rodata            const    0x3000ad7c     0x6c  main.o [1]
  .rodata            const    0x3000ade8     0x68  queue.o [1]
  .rodata            const    0x3000ae50     0x68  tasks.o [1]
  .rodata            const    0x3000aeb8     0x68  timers.o [1]
  .rodata            const    0x3000af20     0x4c  exception_handler.o [1]
  .rodata            const    0x3000af6c     0x4c  xprintffull_nomb.o [3]
  .text              ro code  0x3000afb8     0x40  zero_init3.o [5]
  .rodata            const    0x3000aff8     0x3c  exception_handler.o [1]
  .rodata            const    0x3000b034     0x3c  exception_handler.o [1]
  .rodata            const    0x3000b070     0x34  exception_handler.o [1]
  .text              ro code  0x3000b0a4     0x30  data_init.o [5]
  .rodata            const    0x3000b0d4     0x2c  exception_handler.o [1]
  .rodata            const    0x3000b100     0x2c  exception_handler.o [1]
  .rodata            const    0x3000b12c     0x2c  exception_handler.o [1]
  .rodata            const    0x3000b158     0x2c  exception_handler.o [1]
  .rodata            const    0x3000b184     0x2c  exception_handler.o [1]
  .text              ro code  0x3000b1b0     0x2c  cmain.o [5]
  .text              ro code  0x3000b1dc      0x4  low_level_init.o [3]
  Veneer             ro code  0x3000b1e0      0x8  - Linker created -
  .text              ro code  0x3000b1e8      0x4  exit.o [3]
  .text              ro code  0x3000b1ec     0x10  cexit.o [5]
  .text              ro code  0x3000b1fc     0x2c  copy_init3.o [5]
  .text              ro code  0x3000b228     0x28  fpinit.o [4]
  .rodata            const    0x3000b250     0x24  exception_handler.o [1]
  .rodata            const    0x3000b274     0x24  exception_handler.o [1]
  .rodata            const    0x3000b298     0x24  fmsh_common.o [1]
  .rodata            const    0x3000b2bc     0x24  led_flash.o [1]
  .rodata            const    0x3000b2e0     0x24  led_flash.o [1]
  .text              ro code  0x3000b304     0x24  iarwrite.o [6]
  .text              ro code  0x3000b328     0x22  iarwstd.o [6]
  .iar.init_table    const    0x3000b34c     0x24  - Linker created -
  .rodata            const    0x3000b370     0x20  exception_handler.o [1]
  .rodata            const    0x3000b390     0x20  xfail_s.o [3]
  .text              ro code  0x3000b3b0     0x20  putchar.o [3]
  .text              ro code  0x3000b3d0      0xc  write.o [6]
  .text              ro code  0x3000b3dc     0x14  dwrite.o [6]
  .rodata            const    0x3000b3f0     0x1c  exception_handler.o [1]
  .rodata            const    0x3000b40c     0x1c  exception_handler.o [1]
  .rodata            const    0x3000b428     0x1c  exception_handler.o [1]
  .rodata            const    0x3000b444     0x1c  exception_handler.o [1]
  .rodata            const    0x3000b460     0x1c  exception_handler.o [1]
  .rodata            const    0x3000b47c     0x1c  led_flash.o [1]
  .rodata            const    0x3000b498     0x18  exception_handler.o [1]
  .rodata            const    0x3000b4b0     0x18  exception_handler.o [1]
  .rodata            const    0x3000b4c8     0x18  exception_handler.o [1]
  .rodata            const    0x3000b4e0     0x18  exception_handler.o [1]
  .text              ro code  0x3000b4f8     0x16  xprout.o [3]
  .rodata            const    0x3000b510     0x14  exception_handler.o [1]
  .rodata            const    0x3000b524     0x14  exception_handler.o [1]
  .rodata            const    0x3000b538     0x14  exception_handler.o [1]
  .rodata            const    0x3000b54c     0x14  exception_handler.o [1]
  .rodata            const    0x3000b560     0x10  exception_handler.o [1]
  .rodata            const    0x3000b570     0x10  xprintffull_nomb.o [3]
  .rodata            const    0x3000b580      0xc  exception_handler.o [1]
  .rodata            const    0x3000b58c      0xc  led_flash.o [1]
  .rodata            const    0x3000b598      0x8  led_flash.o [1]
  .rodata            const    0x3000b5a0      0x8  tasks.o [1]
  .rodata            const    0x3000b5a8      0x8  timers.o [1]
  .rodata            const    0x3000b5b0      0x8  timers.o [1]
  .rodata            const    0x3000b5b8      0x8  xprintffull_nomb.o [3]
  .rodata            const    0x3000b5c0      0x4  heap_4.o [1]
  .rodata            const    0x3000b5c4      0x4  iarttio.o [6]
  .rodata            const    0x3000b5c8      0x0  zero_init3.o [5]
  .rodata            const    0x3000b5c8      0x0  copy_init3.o [5]
  P4-P6 s0                    0x3000b5c8    0x448  <Init block>
    .data            inited   0x3000b5c8    0x2ec  fmsh_gic_sinit.o [1]
    .data            inited   0x3000b8b4     0xb8  exception_handler.o [1]
    .data            inited   0x3000b96c     0x38  exception_handler.o [1]
    .data            inited   0x3000b9a4     0x20  fmsh_gpio_g.o [1]
    .data            inited   0x3000b9c4     0x20  fmsh_uart_g.o [1]
    .data            inited   0x3000b9e4     0x10  fmsh_ttc_g.o [1]
    .data            inited   0x3000b9f4      0x8  fmsh_gtc_g.o [1]
    .data            inited   0x3000b9fc      0x8  XShttio.o [3]
    .data            inited   0x3000ba04      0x4  FreeRTOS_tick_config.o [1]
    .data            inited   0x3000ba08      0x4  led_flash.o [1]
    .data            inited   0x3000ba0c      0x4  port.o [1]
  Initializer bytes  const    0x3000ba10    0x448  <for P4-P6 s0>
                            - 0x3000be58   0x7c58

"P4-P6", part 2 of 3:                     0x10fb4
  .bss               zero     0x3000be58  0x10000  heap_4.o [1]
  .bss               zero     0x3001be58    0x7d0  main.o [1]
  .bss               zero     0x3001c628    0x3e8  main.o [1]
  .bss               zero     0x3001ca10     0x8c  tasks.o [1]
  .bss               zero     0x3001ca9c     0x74  platform.o [1]
  .bss               zero     0x3001cb10     0x5c  main.o [1]
  .bss               zero     0x3001cb6c     0x5c  main.o [1]
  .bss               zero     0x3001cbc8     0x54  timers.o [1]
  .bss               zero     0x3001cc1c     0x50  timers.o [1]
  .bss               zero     0x3001cc6c     0x40  queue.o [1]
  .bss               zero     0x3001ccac     0x20  FreeRTOS_tick_config.o [1]
  .bss               zero     0x3001cccc     0x14  ParTest.o [1]
  .bss               zero     0x3001cce0     0x14  tasks.o [1]
  .bss               zero     0x3001ccf4     0x14  tasks.o [1]
  .bss               zero     0x3001cd08     0x14  tasks.o [1]
  .bss               zero     0x3001cd1c     0x14  tasks.o [1]
  .bss               zero     0x3001cd30     0x14  tasks.o [1]
  .bss               zero     0x3001cd44     0x14  timers.o [1]
  .bss               zero     0x3001cd58     0x14  timers.o [1]
  .bss               zero     0x3001cd6c     0x10  main.o [1]
  .bss               zero     0x3001cd7c      0xc  main.o [1]
  .bss               zero     0x3001cd88      0x8  heap_4.o [1]
  .bss               zero     0x3001cd90      0x4  heap_4.o [1]
  .bss               zero     0x3001cd94      0x4  heap_4.o [1]
  .bss               zero     0x3001cd98      0x4  heap_4.o [1]
  .bss               zero     0x3001cd9c      0x4  heap_4.o [1]
  .bss               zero     0x3001cda0      0x4  led_flash.o [1]
  .bss               zero     0x3001cda4      0x4  port.o [1]
  .bss               zero     0x3001cda8      0x4  port.o [1]
  .bss               zero     0x3001cdac      0x4  port.o [1]
  .bss               zero     0x3001cdb0      0x4  tasks.o [1]
  .bss               zero     0x3001cdb4      0x4  tasks.o [1]
  .bss               zero     0x3001cdb8      0x4  tasks.o [1]
  .bss               zero     0x3001cdbc      0x4  tasks.o [1]
  .bss               zero     0x3001cdc0      0x4  tasks.o [1]
  .bss               zero     0x3001cdc4      0x4  tasks.o [1]
  .bss               zero     0x3001cdc8      0x4  tasks.o [1]
  .bss               zero     0x3001cdcc      0x4  tasks.o [1]
  .bss               zero     0x3001cdd0      0x4  tasks.o [1]
  .bss               zero     0x3001cdd4      0x4  tasks.o [1]
  .bss               zero     0x3001cdd8      0x4  tasks.o [1]
  .bss               zero     0x3001cddc      0x4  tasks.o [1]
  .bss               zero     0x3001cde0      0x4  tasks.o [1]
  .bss               zero     0x3001cde4      0x4  tasks.o [1]
  .bss               zero     0x3001cde8      0x4  tasks.o [1]
  .bss               zero     0x3001cdec      0x4  tasks.o [1]
  .bss               zero     0x3001cdf0      0x4  tasks.o [1]
  .bss               zero     0x3001cdf4      0x4  timers.o [1]
  .bss               zero     0x3001cdf8      0x4  timers.o [1]
  .bss               zero     0x3001cdfc      0x4  timers.o [1]
  .bss               zero     0x3001ce00      0x4  timers.o [1]
  .bss               zero     0x3001ce04      0x4  timers.o [1]
  .bss               zero     0x3001ce08      0x4  xfail_s.o [3]
                            - 0x3001ce0c  0x10fb4

"P4-P6", part 3 of 3:                      0x4800
  IRQ_STACK                   0x3001ce10    0x200  <Block>
    IRQ_STACK        uninit   0x3001ce10    0x200  <Block tail>
  FIQ_STACK                   0x3001d010    0x200  <Block>
    FIQ_STACK        uninit   0x3001d010    0x200  <Block tail>
  ABT_STACK                   0x3001d210    0x200  <Block>
    ABT_STACK        uninit   0x3001d210    0x200  <Block tail>
  UND_STACK                   0x3001d410    0x200  <Block>
    UND_STACK        uninit   0x3001d410    0x200  <Block tail>
  CSTACK                      0x3001d610   0x4000  <Block>
    CSTACK           uninit   0x3001d610   0x4000  <Block tail>
                            - 0x30021610   0x4800


*******************************************************************************
*** INIT TABLE
***

          Address     Size
          -------     ----
Zero (__iar_zero_init3)
    1 destination range, total size 0x10fb4:
          0x3000be58  0x10fb4

Copy (__iar_copy_init3)
    1 source range, total size 0x448:
          0x3000ba10    0x448
    1 destination range, total size 0x448:
          0x3000b5c8    0x448



*******************************************************************************
*** MODULE SUMMARY
***

    Module                  ro code  ro data  rw data
    ------                  -------  -------  -------
C:\Users\Administrator\Desktop\amp_freertos_test\fsbl-v1.0\SDK\fsbl_platform\FreeRTOS\Debug\Obj: [1]
    FreeRTOS_asm_vectors.o      116
    FreeRTOS_tick_config.o      316      128       36
    ParTest.o                    96      112       20
    cache.o                     664
    cstartup.o                  532
    exception_handler.o         344    1 156      240
    fmsh_common.o                40       36
    fmsh_gic.o                1 108      116
    fmsh_gic_sinit.o             60      748      748
    fmsh_gpio.o                 528      120
    fmsh_gpio_g.o                         32       32
    fmsh_gpio_sinit.o            84
    fmsh_gtc.o                   68
    fmsh_gtc_g.o                           8        8
    fmsh_gtc_sinit.o             84
    fmsh_print.o                160
    fmsh_ttc.o                  852      116
    fmsh_ttc_g.o                          16       16
    fmsh_ttc_sinit.o             84
    fmsh_uart.o               2 060      120
    fmsh_uart_g.o                         32       32
    fmsh_uart_sinit.o            84
    heap_4.o                  1 060      124   65 560
    led_flash.o                 520      124        8
    list.o                      276
    main.o                      436      108    3 212
    mmu_table.o              16 384
    platform.o                  148               116
    port.o                      912      128       16
    portASM.o                   680
    queue.o                   3 156      104       64
    tasks.o                   4 560      112      308
    timers.o                  1 916      120      224
    -------------------------------------------------
    Total:                   37 328    3 560   70 640

command line: [2]
    -------------------------------------------------
    Total:

dl7Sx_tln.a: [3]
    XShttio.o                    10        8        8
    abort.o                       6
    exit.o                        4
    low_level_init.o              4
    printf.o                     42
    putchar.o                    32
    vsnprint.o                   62
    xfail_s.o                    46       32        4
    xprintffull_nomb.o        3 616      102
    xprout.o                     22
    xsnprout.o                   26
    -------------------------------------------------
    Total:                    3 870      142       12

m7Sx_tlv.a: [4]
    DblCmpGe.o                   46
    DblCmpLe.o                   46
    DblDiv.o                     18
    DblMul.o                     18
    DblSub.o                     18
    DblToS32.o                   14
    DblToU32.o                   14
    S32ToDbl.o                   14
    U32ToDbl.o                   14
    fpinit.o                     40
    frexp.o                     112
    ldexp.o                     260
    round.o                      98
    -------------------------------------------------
    Total:                      712

rt7Sx_tl.a: [5]
    ABImemcpy.o                 212
    ABImemset.o                 116
    I32DivMod.o                 424
    I64DivMod.o                 304
    I64DivZer.o                   4
    IntDivZer.o                   4
    cexit.o                      16
    cmain.o                      44
    copy_init3.o                 44
    data_init.o                  48
    memchr.o                    148
    strchr.o                     32
    strlen.o                     84
    zero_init3.o                 64
    -------------------------------------------------
    Total:                    1 544

sh7Sxi_l.a: [6]
    dwrite.o                     20
    exit.o                       22
    iar_semihosting.o             2
    iarttio.o                   118        4
    iarwrite.o                   36
    iarwstd.o                    34
    write.o                      12
    -------------------------------------------------
    Total:                      244        4

    Gaps                          8        4
    Linker created                8       36   18 432
-----------------------------------------------------
    Grand Total:             43 714    3 746   89 084


*******************************************************************************
*** ENTRY LIST
***

Entry                      Address     Size  Type      Object
-----                      -------     ----  ----      ------
.iar.init_table$$Base   0x3000b34c            --   Gb  - Linker created -
.iar.init_table$$Limit  0x3000b370            --   Gb  - Linker created -
?main                   0x3000b1b0           Code  Gb  cmain.o [5]
ABT_STACK$$Base         0x3001d210            --   Gb  - Linker created -
ABT_STACK$$Limit        0x3001d410            --   Gb  - Linker created -
Abort_C_Handler         0x3000a73c     0x70  Code  Gb  exception_handler.o [1]
CPUInitialize           0x30006bf4     0x30  Code  Lc  fmsh_gic.o [1]
CSTACK$$Base            0x3001d610            --   Gb  - Linker created -
CSTACK$$Limit           0x30021610            --   Gb  - Linker created -
DistributorInit         0x30006bf0      0x4  Code  Lc  fmsh_gic.o [1]
FGicPs_CfgInitialize    0x30006c24     0xd0  Code  Gb  fmsh_gic.o [1]
FGicPs_ConfigTable      0x3000b5c8    0x2ec  Data  Gb  fmsh_gic_sinit.o [1]
FGicPs_Connect          0x30006cf4     0x98  Code  Gb  fmsh_gic.o [1]
FGicPs_Enable           0x30006d8c     0x84  Code  Gb  fmsh_gic.o [1]
FGicPs_InterruptMaptoCpu
                        0x30006fb0     0x7c  Code  Gb  fmsh_gic.o [1]
FGicPs_LookupConfig     0x30006bb4     0x3c  Code  Gb  fmsh_gic_sinit.o [1]
FGicPs_SetPriorityTriggerType
                        0x30006e3c    0x174  Code  Gb  fmsh_gic.o [1]
FGpioPS_output_example  0x300069ac     0xac  Code  Gb  led_flash.o [1]
FGpioPs_ConfigTable     0x3000b9a4     0x20  Data  Gb  fmsh_gpio_g.o [1]
FGpioPs_LookupConfig    0x30008990     0x54  Code  Gb  fmsh_gpio_sinit.o [1]
FGpioPs_getIdCode       0x30008bac     0x44  Code  Gb  fmsh_gpio.o [1]
FGpioPs_getVerIdCode    0x30008b6c     0x40  Code  Gb  fmsh_gpio.o [1]
FGpioPs_init            0x300089e4     0x34  Code  Gb  fmsh_gpio.o [1]
FGpioPs_setBitDirection
                        0x30008ac4     0xa8  Code  Gb  fmsh_gpio.o [1]
FGpioPs_writeBit        0x30008a18     0xac  Code  Gb  fmsh_gpio.o [1]
FGtcPs_ConfigTable      0x3000b9f4      0x8  Data  Gb  fmsh_gtc_g.o [1]
FGtcPs_LookupConfig     0x300070a4     0x54  Code  Gb  fmsh_gtc_sinit.o [1]
FGtcPs_enableCounter    0x30006650     0x1c  Code  Gb  fmsh_gtc.o [1]
FGtcPs_getConuterL      0x3000666c     0x14  Code  Gb  fmsh_gtc.o [1]
FGtcPs_init             0x3000663c     0x14  Code  Gb  fmsh_gtc.o [1]
FIQInterrupt            0x3000a844     0x1c  Code  Gb  exception_handler.o [1]
FIQ_Handler             0x30004078           Code  Gb  cstartup.o [1]
FIQ_STACK$$Base         0x3001d010            --   Gb  - Linker created -
FIQ_STACK$$Limit        0x3001d210            --   Gb  - Linker created -
FMSH_ExceptionNullHandler
                        0x3000a738      0x4  Code  Lc  exception_handler.o [1]
FMSH_In32               0x30007034      0x8  Code  Gb  fmsh_gic.o [1]
FMSH_Out32              0x3000703c      0x8  Code  Gb  fmsh_gic.o [1]
FTtcPs_ClearTimerNInterrupt
                        0x30008fd0     0x90  Code  Gb  fmsh_ttc.o [1]
FTtcPs_ConfigTable      0x3000b9e4     0x10  Data  Gb  fmsh_ttc_g.o [1]
FTtcPs_LookupConfig     0x30008cbc     0x54  Code  Gb  fmsh_ttc_sinit.o [1]
FTtcPs_TimerNLoadCount  0x30008f38     0x98  Code  Gb  fmsh_ttc.o [1]
FTtcPs_init             0x30008d10     0x1c  Code  Gb  fmsh_ttc.o [1]
FTtcPs_setTimerEnble    0x30008d2c    0x100  Code  Gb  fmsh_ttc.o [1]
FTtcPs_setTimerMode     0x30008e2c    0x10c  Code  Gb  fmsh_ttc.o [1]
FUartPs_ConfigTable     0x3000b9c4     0x20  Data  Gb  fmsh_uart_g.o [1]
FUartPs_LookupConfig    0x30008130     0x54  Code  Gb  fmsh_uart_sinit.o [1]
FUartPs_areFifosEnabled
                        0x30008590     0x74  Code  Gb  fmsh_uart.o [1]
FUartPs_autoCompParams  0x300088cc     0xbc  Code  Gb  fmsh_uart.o [1]
FUartPs_disableIrq      0x300086e4     0x74  Code  Gb  fmsh_uart.o [1]
FUartPs_enableFifos     0x30008514     0x7c  Code  Gb  fmsh_uart.o [1]
FUartPs_getLineStatus   0x3000860c     0x70  Code  Gb  fmsh_uart.o [1]
FUartPs_getTxTrigger    0x30008758     0x68  Code  Gb  fmsh_uart.o [1]
FUartPs_init            0x30008184     0x5c  Code  Gb  fmsh_uart.o [1]
FUartPs_isBusy          0x300081e0     0x70  Code  Gb  fmsh_uart.o [1]
FUartPs_resetInstance   0x300087c8    0x104  Code  Gb  fmsh_uart.o [1]
FUartPs_resetRxFifo     0x300082b4     0x64  Code  Gb  fmsh_uart.o [1]
FUartPs_resetTxFifo     0x30008250     0x64  Code  Gb  fmsh_uart.o [1]
FUartPs_setBaudRate     0x300083f0     0x78  Code  Gb  fmsh_uart.o [1]
FUartPs_setClockDivisor
                        0x30008318     0xd8  Code  Gb  fmsh_uart.o [1]
FUartPs_setLineControl  0x30008468     0xac  Code  Gb  fmsh_uart.o [1]
FUartPs_write           0x3000867c     0x68  Code  Gb  fmsh_uart.o [1]
FreeRTOS_IRQ_Handler    0x3000732c           Code  Gb  portASM.o [1]
FreeRTOS_SWI_Handler    0x30007234           Code  Gb  portASM.o [1]
FreeRTOS_Tick_Handler   0x30005d70     0x5c  Code  Gb  port.o [1]
IRQInterrupt            0x3000a828     0x1c  Code  Gb  exception_handler.o [1]
IRQ_Handler             0x30004038           Code  Gb  cstartup.o [1]
IRQ_STACK$$Base         0x3001ce10            --   Gb  - Linker created -
IRQ_STACK$$Limit        0x3001d010            --   Gb  - Linker created -
Led_Pin                 0x3000ba08      0x4  Data  Lc  led_flash.o [1]
LoadInt                 0x300093fb     0x7a  Code  Lc  xprintffull_nomb.o [3]
MMUTable                0x30000000           Code  Gb  mmu_table.o [1]
Prefetch_C_Handler      0x3000a7ac     0x5c  Code  Gb  exception_handler.o [1]
Region$$Table$$Base     0x3000b34c            --   Gb  - Linker created -
Region$$Table$$Limit    0x3000b370            --   Gb  - Linker created -
SVCHandler              0x300040b8           Code  Gb  cstartup.o [1]
SWInterrupt             0x3000a808     0x10  Code  Gb  exception_handler.o [1]
SendData                0x30008c44     0x50  Code  Lc  fmsh_print.o [1]
StubHandler             0x30006e10     0x2c  Code  Lc  fmsh_gic.o [1]
UND_STACK$$Base         0x3001d410            --   Gb  - Linker created -
UND_STACK$$Limit        0x3001d610            --   Gb  - Linker created -
Undefined_C_Handler     0x3000a818     0x10  Code  Gb  exception_handler.o [1]
XExc_VectorTable        0x3000b96c     0x38  Data  Gb  exception_handler.o [1]
_GenldFullNoMb          0x30009de7    0x268  Code  Lc  xprintffull_nomb.o [3]
_LdtobFullNoMb          0x30009999    0x448  Code  Lc  xprintffull_nomb.o [3]
_LitobFullNoMb          0x30009839    0x116  Code  Lc  xprintffull_nomb.o [3]
_PrintfFullNoMb         0x3000925d    0x198  Code  Gb  xprintffull_nomb.o [3]
_Prout                  0x3000b4f9     0x16  Code  Gb  xprout.o [3]
_PutcharsFullNoMb       0x3000a04f     0x2e  Code  Lc  xprintffull_nomb.o [3]
_PutfldFullNoMb         0x30009475    0x2b6  Code  Lc  xprintffull_nomb.o [3]
_PuttxtFullNoMb         0x3000972b    0x10e  Code  Lc  xprintffull_nomb.o [3]
_SNProut                0x3000a093     0x1a  Code  Gb  xsnprout.o [3]
__ICFEDIT_region_RAM_end__ {Abs}
                        0x3fffffff           Data  Gb  command line/config [2]
__ICFEDIT_region_RAM_start__ {Abs}
                        0x30004000           Data  Gb  command line/config [2]
__ICFEDIT_size_cstack__ {Abs}
                        0x00004000           Data  Gb  command line/config [2]
__ICFEDIT_size_fiqstack__ {Abs}
                        0x00000200           Data  Gb  command line/config [2]
__ICFEDIT_size_heap__ {Abs}
                        0x00000400           Data  Gb  command line/config [2]
__ICFEDIT_size_irqstack__ {Abs}
                        0x00000200           Data  Gb  command line/config [2]
__ICFEDIT_size_vectors__ {Abs}
                        0x00000100           Data  Gb  command line/config [2]
__aeabi_cdcmple         0x3000a345           Code  Gb  DblCmpLe.o [4]
__aeabi_cdrcmple        0x3000a375           Code  Gb  DblCmpGe.o [4]
__aeabi_d2iz            0x3000a4a9      0xe  Code  Gb  DblToS32.o [4]
__aeabi_d2uiz           0x3000a4e9      0xe  Code  Gb  DblToU32.o [4]
__aeabi_ddiv            0x3000a4d7     0x12  Code  Gb  DblDiv.o [4]
__aeabi_dmul            0x3000a2c1     0x12  Code  Gb  DblMul.o [4]
__aeabi_dsub            0x3000a4c5     0x12  Code  Gb  DblSub.o [4]
__aeabi_i2d             0x3000a4b7      0xe  Code  Gb  S32ToDbl.o [4]
__aeabi_idiv            0x3000a504           Code  Gb  I32DivMod.o [5]
__aeabi_idiv0           0x3000a728           Code  Gb  IntDivZer.o [5]
__aeabi_idivmod         0x3000a504           Code  Gb  I32DivMod.o [5]
__aeabi_ldiv0           0x3000a724           Code  Gb  I64DivZer.o [5]
__aeabi_memcpy          0x30009064           Code  Gb  ABImemcpy.o [5]
__aeabi_memcpy4         0x30009088           Code  Gb  ABImemcpy.o [5]
__aeabi_memcpy8         0x30009088           Code  Gb  ABImemcpy.o [5]
__aeabi_memset          0x300059a8           Code  Gb  ABImemset.o [5]
__aeabi_ui2d            0x3000a4f7      0xe  Code  Gb  U32ToDbl.o [4]
__aeabi_uidiv           0x3000a530           Code  Gb  I32DivMod.o [5]
__aeabi_uidivmod        0x3000a530           Code  Gb  I32DivMod.o [5]
__aeabi_uldivmod        0x3000a190           Code  Gb  I64DivMod.o [5]
__cmain                 0x3000b1b0           Code  Gb  cmain.o [5]
__dwrite                0x3000b3dd     0x14  Code  Gb  dwrite.o [6]
__exit                  0x3000a07d     0x16  Code  Gb  exit.o [6]
__iar_Fail_s            0x3000a0cd     0x2e  Code  Gb  xfail_s.o [3]
__iar_Memchr            0x3000a0fc           Code  Gb  memchr.o [5]
__iar_Memset            0x300059a8           Code  Gb  ABImemset.o [5]
__iar_Memset_word       0x300059b0           Code  Gb  ABImemset.o [5]
__iar_Strchr            0x3000a0ac           Code  Gb  strchr.o [5]
__iar_close_ttio        0x3000a6ad     0x32  Code  Gb  iarttio.o [6]
__iar_copy_init3        0x3000b1fd     0x2c  Code  Gb  copy_init3.o [5]
__iar_data_init3        0x3000b0a5     0x30  Code  Gb  data_init.o [5]
__iar_frexp             0x3000a2e1           Code  Gb  frexp.o [4]
__iar_frexpl            0x3000a2e1           Code  Gb  frexp.o [4]
__iar_get_ttio          0x3000a6df     0x44  Code  Gb  iarttio.o [6]
__iar_init_vfp          0x3000b23c           Code  Gb  fpinit.o [4]
__iar_init_vfp_v6       0x3000b228           Code  Gb  fpinit.o [4]
__iar_ldexp64           0x3000a3b9           Code  Gb  ldexp.o [4]
__iar_lookup_ttioh      0x3000a72d      0xa  Code  Gb  XShttio.o [3]
__iar_round64           0x30009149           Code  Gb  round.o [4]
__iar_scalbln64         0x3000a3b9           Code  Gb  ldexp.o [4]
__iar_scalbn64          0x3000a3b9           Code  Gb  ldexp.o [4]
__iar_semihosting       0x3000a723      0x2  Code  Gb  iar_semihosting.o [6]
__iar_sh_stdout         0x3000b329     0x22  Code  Gb  iarwstd.o [6]
__iar_sh_write          0x3000b305     0x24  Code  Gb  iarwrite.o [6]
__iar_softfp___iar_frexp64
                        0x3000a2d5           Code  Gb  frexp.o [4]
__iar_softfp___iar_ldexp64
                        0x3000a3a5           Code  Gb  ldexp.o [4]
__iar_softfp___iar_scalbln64
                        0x3000a3a5           Code  Gb  ldexp.o [4]
__iar_softfp___iar_scalbn64
                        0x3000a3a5           Code  Gb  ldexp.o [4]
__iar_softfp_frexp      0x3000a2d5           Code  Gb  frexp.o [4]
__iar_softfp_frexpl     0x3000a2d5           Code  Gb  frexp.o [4]
__iar_softfp_ldexp      0x3000a3a5           Code  Gb  ldexp.o [4]
__iar_softfp_ldexpl     0x3000a3a5           Code  Gb  ldexp.o [4]
__iar_softfp_scalbln    0x3000a3a5           Code  Gb  ldexp.o [4]
__iar_softfp_scalblnl   0x3000a3a5           Code  Gb  ldexp.o [4]
__iar_softfp_scalbn     0x3000a3a5           Code  Gb  ldexp.o [4]
__iar_softfp_scalbnl    0x3000a3a5           Code  Gb  ldexp.o [4]
__iar_systems$$module {Abs}
                        0x00000001           Data  Gb  command line/config [2]
__iar_ttio_handles      0x3000b9fc      0x8  Data  Lc  XShttio.o [3]
__iar_vfp___iar_round64
                        0x30009139           Code  Gb  round.o [4]
__iar_vfp_round         0x30009139           Code  Gb  round.o [4]
__iar_vfp_roundl        0x30009139           Code  Gb  round.o [4]
__iar_zero_init3        0x3000afb9     0x40  Code  Gb  zero_init3.o [5]
__low_level_init        0x3000b1dd      0x4  Code  Gb  low_level_init.o [3]
__write                 0x3000b3d1      0xc  Code  Gb  write.o [6]
_call_main              0x3000b1c4           Code  Gb  cmain.o [5]
_exit                   0x3000b1ec           Code  Gb  cexit.o [5]
_freertos_vector_table  0x30004100           Code  Gb  FreeRTOS_asm_vectors.o [1]
_main                   0x3000b1cc           Code  Gb  cmain.o [5]
abort                   0x30009257      0x6  Code  Gb  abort.o [3]
abort_status            0x3000b8b4     0xb8  Data  Lc  exception_handler.o [1]
dcache_enable           0x300068e8     0x30  Code  Gb  cache.o [1]
exit                    0x3000b1e9      0x4  Code  Gb  exit.o [3]
fmsh_print              0x30008bf4     0x4c  Code  Gb  fmsh_print.o [1]
g_UART                  0x3001ca9c     0x74  Data  Gb  platform.o [1]
get_ccsidr              0x300066a4      0x8  Code  Lc  cache.o [1]
get_clidr               0x300066ac      0x8  Code  Lc  cache.o [1]
get_cpsr                0x30006694      0x8  Code  Lc  cache.o [1]
get_cr                  0x30006680      0x8  Code  Lc  cache.o [1]
icache_enable           0x300068a8     0x18  Code  Gb  cache.o [1]
init_platform           0x300069a0      0xc  Code  Gb  platform.o [1]
init_uart               0x30006918     0x84  Code  Gb  platform.o [1]
invalidate_dcache_all   0x300068c0     0x28  Code  Gb  cache.o [1]
ldexp                   0x3000a3b9           Code  Gb  ldexp.o [4]
ldexpl                  0x3000a3b9           Code  Gb  ldexp.o [4]
led_flash               0x30006b0c     0x88  Code  Gb  led_flash.o [1]
main                    0x300053d0     0x20  Code  Gb  main.o [1]
memchr                  0x3000a0fc           Code  Gb  memchr.o [5]
mmu_enabled             0x30006844     0x10  Code  Lc  cache.o [1]
mmu_setup               0x30006854     0x50  Code  Gb  cache.o [1]
onAssert__              0x30008c94     0x24  Code  Gb  fmsh_common.o [1]
printf                  0x3000922d     0x2a  Code  Gb  printf.o [3]
prvAddCurrentTaskToDelayedList
                        0x300052ac     0xf8  Code  Lc  tasks.o [1]
prvAddNewTaskToReadyList
                        0x300044cc    0x108  Code  Lc  tasks.o [1]
prvCheckForValidListAndQueue
                        0x3000657c     0x8c  Code  Lc  timers.o [1]
prvCheckForValidListAndQueue{1}{2}{3}{4}::ucStaticTimerQueueStorage
                        0x3001cc1c     0x50  Data  Lc  timers.o [1]
prvCheckForValidListAndQueue{1}{2}{3}{4}::xStaticTimerQueue
                        0x3001cbc8     0x54  Data  Lc  timers.o [1]
prvCheckTasksWaitingTermination
                        0x30004ff8     0x6c  Code  Lc  tasks.o [1]
prvCopyDataFromQueue    0x30007e28     0x5c  Code  Lc  queue.o [1]
prvCopyDataToQueue      0x30007d20    0x108  Code  Lc  queue.o [1]
prvDeleteTCB            0x30005070     0x5c  Code  Lc  tasks.o [1]
prvGetNextExpireTime    0x300061ac     0x50  Code  Lc  timers.o [1]
prvHeapInit             0x3000581c     0xb0  Code  Lc  heap_4.o [1]
prvIdleTask             0x30004f5c     0x28  Code  Lc  tasks.o [1]
prvInitialiseNewQueue   0x30007724     0x50  Code  Lc  queue.o [1]
prvInitialiseNewTask    0x3000439c    0x130  Code  Lc  tasks.o [1]
prvInitialiseTaskLists  0x30004f8c     0x6c  Code  Lc  tasks.o [1]
prvInsertBlockIntoFreeList
                        0x300058cc     0xbc  Code  Lc  heap_4.o [1]
prvInsertTimerInActiveList
                        0x30006244     0x8c  Code  Lc  timers.o [1]
prvIsQueueEmpty         0x30007f58     0x30  Code  Lc  queue.o [1]
prvIsQueueFull          0x30007f88     0x34  Code  Lc  queue.o [1]
prvNotifyQueueSetContainer
                        0x30008074     0xb4  Code  Lc  queue.o [1]
prvProcessExpiredTimer  0x30006038     0xa4  Code  Lc  timers.o [1]
prvProcessReceivedCommands
                        0x300062d0    0x1c0  Code  Lc  timers.o [1]
prvProcessTimerOrBlockTask
                        0x30006104     0xa8  Code  Lc  timers.o [1]
prvQueueReceiveTask     0x30006a94     0x78  Code  Lc  led_flash.o [1]
prvResetNextTaskUnblockTime
                        0x300050cc     0x48  Code  Lc  tasks.o [1]
prvSampleTimeNow        0x300061fc     0x48  Code  Lc  timers.o [1]
prvSampleTimeNow::xLastTime
                        0x3001ce04      0x4  Data  Lc  timers.o [1]
prvSetupHardware        0x300053f0     0x94  Code  Lc  main.o [1]
prvSwitchTimerLists     0x30006490     0xec  Code  Lc  timers.o [1]
prvTaskExitError        0x30005c38     0x28  Code  Lc  port.o [1]
prvTimerTask            0x300060dc     0x28  Code  Lc  timers.o [1]
prvUnlockQueue          0x30007e84     0xd4  Code  Lc  queue.o [1]
putchar                 0x3000b3b1     0x20  Code  Gb  putchar.o [3]
pvPortMalloc            0x30005584    0x1c0  Code  Gb  heap_4.o [1]
pxCurrentTCB            0x3001cdb0      0x4  Data  Gb  tasks.o [1]
pxCurrentTimerList      0x3001cdf4      0x4  Data  Lc  timers.o [1]
pxDelayedTaskList       0x3001cdb4      0x4  Data  Lc  tasks.o [1]
pxEnd                   0x3001cd90      0x4  Data  Lc  heap_4.o [1]
pxOverflowDelayedTaskList
                        0x3001cdb8      0x4  Data  Lc  tasks.o [1]
pxOverflowTimerList     0x3001cdf8      0x4  Data  Lc  timers.o [1]
pxPortInitialiseStack   0x30005b30    0x108  Code  Gb  port.o [1]
pxReadyTasksLists       0x3001ca10     0x8c  Data  Lc  tasks.o [1]
resetHandler            0x3000a890           Code  Gb  cstartup.o [1]
resetVector             0x30004000           Code  Gb  cstartup.o [1]
round                   0x30009149           Code  Gb  round.o [4]
roundl                  0x30009149           Code  Gb  round.o [4]
scalbln                 0x3000a3b9           Code  Gb  ldexp.o [4]
scalblnl                0x3000a3b9           Code  Gb  ldexp.o [4]
scalbn                  0x3000a3b9           Code  Gb  ldexp.o [4]
scalbnl                 0x3000a3b9           Code  Gb  ldexp.o [4]
scale                   0x3000994f     0x4a  Code  Lc  xprintffull_nomb.o [3]
sec_hand                0x3001ce08      0x4  Data  Lc  xfail_s.o [3]
set_cpsr                0x3000669c      0x8  Code  Lc  cache.o [1]
set_cr                  0x30006688      0xc  Code  Lc  cache.o [1]
set_csselr              0x300066b4      0x8  Code  Lc  cache.o [1]
strchr                  0x3000a0ac           Code  Gb  strchr.o [5]
strlen                  0x300091d8           Code  Gb  strlen.o [5]
tGpio                   0x3001cccc     0x14  Data  Lc  ParTest.o [1]
ucHeap                  0x3000be58  0x10000  Data  Lc  heap_4.o [1]
ulCriticalNesting       0x3000ba0c      0x4  Data  Gb  port.o [1]
ulPortInterruptNesting  0x3001cdac      0x4  Data  Gb  port.o [1]
ulPortSetInterruptMask  0x30005df4     0x3c  Code  Gb  port.o [1]
ulPortTaskHasFPUContext
                        0x3001cda4      0x4  Data  Gb  port.o [1]
ulPortYieldRequired     0x3001cda8      0x4  Data  Gb  port.o [1]
ulTaskSwitchedInTime    0x3001cdec      0x4  Data  Lc  tasks.o [1]
ulTotalRunTime          0x3001cdf0      0x4  Data  Lc  tasks.o [1]
uxCurrentNumberOfTasks  0x3001cdc0      0x4  Data  Lc  tasks.o [1]
uxDeletedTasksWaitingCleanUp
                        0x3001cdbc      0x4  Data  Lc  tasks.o [1]
uxListRemove            0x30005ae0     0x50  Code  Gb  list.o [1]
uxPendedTicks           0x3001cdd0      0x4  Data  Lc  tasks.o [1]
uxSchedulerSuspended    0x3001cde8      0x4  Data  Lc  tasks.o [1]
uxTaskNumber            0x3001cddc      0x4  Data  Lc  tasks.o [1]
uxTopReadyPriority      0x3001cdc8      0x4  Data  Lc  tasks.o [1]
v7_clean_invalidate_by_set_way
                        0x300066bc      0x8  Code  Lc  cache.o [1]
v7_dcache_entire_op     0x300066f0    0x154  Code  Lc  cache.o [1]
v7_inval_tlb            0x300066cc     0x24  Code  Lc  cache.o [1]
v7_invalidate_by_set_way
                        0x300066c4      0x8  Code  Lc  cache.o [1]
vApplicationFPUSafeIRQHandler
                        0x300071dc     0x40  Code  Gb  FreeRTOS_tick_config.o [1]
vApplicationFPUSafeIRQHandler::pxVectorTable
                        0x3000ba04      0x4  Data  Lc  FreeRTOS_tick_config.o [1]
vApplicationGetIdleTaskMemory
                        0x30005528     0x1c  Code  Gb  main.o [1]
vApplicationGetIdleTaskMemory::uxIdleTaskStack
                        0x3001c628    0x3e8  Data  Lc  main.o [1]
vApplicationGetIdleTaskMemory::xIdleTaskTCB
                        0x3001cb10     0x5c  Data  Lc  main.o [1]
vApplicationGetTimerTaskMemory
                        0x30005544     0x1c  Code  Gb  main.o [1]
vApplicationGetTimerTaskMemory::uxTimerTaskStack
                        0x3001be58    0x7d0  Data  Lc  main.o [1]
vApplicationGetTimerTaskMemory::xTimerTaskTCB
                        0x3001cb6c     0x5c  Data  Lc  main.o [1]
vApplicationIRQHandler  0x30007480           Code  Gb  portASM.o [1]
vApplicationIdleHook    0x300054a4     0x24  Code  Gb  main.o [1]
vApplicationMallocFailedHook
                        0x30005484      0xc  Code  Gb  main.o [1]
vApplicationStackOverflowHook
                        0x30005490     0x14  Code  Gb  main.o [1]
vApplicationTickHook    0x300054fc      0x4  Code  Gb  main.o [1]
vAssertCalled           0x300054c8     0x34  Code  Gb  main.o [1]
vClearTickInterrupt     0x300071c8     0x14  Code  Gb  FreeRTOS_tick_config.o [1]
vConfigureTickInterrupt
                        0x300070f8     0xd0  Code  Gb  FreeRTOS_tick_config.o [1]
vInitialiseTimerForRunTimeStats
                        0x30005500     0x28  Code  Gb  main.o [1]
vListInitialise         0x30005a1c     0x2c  Code  Gb  list.o [1]
vListInitialiseItem     0x30005a48      0xc  Code  Gb  list.o [1]
vListInsert             0x30005a84     0x5c  Code  Gb  list.o [1]
vListInsertEnd          0x30005a54     0x30  Code  Gb  list.o [1]
vParTestInitialise      0x30007044     0x58  Code  Gb  ParTest.o [1]
vPortClearInterruptMask
                        0x30005dcc     0x28  Code  Gb  port.o [1]
vPortEnterCritical      0x30005cd0     0x4c  Code  Gb  port.o [1]
vPortExitCritical       0x30005d1c     0x54  Code  Gb  port.o [1]
vPortFree               0x30005744     0xc0  Code  Gb  heap_4.o [1]
vPortInstallFreeRTOSVectorTable
                        0x3000415c           Code  Gb  FreeRTOS_asm_vectors.o [1]
vPortRestoreTaskContext
                        0x300072d4           Code  Gb  portASM.o [1]
vPortValidateInterruptPriority
                        0x30005e30     0x44  Code  Gb  port.o [1]
vQueueAddToRegistry     0x30007fbc     0x4c  Code  Gb  queue.o [1]
vQueueWaitForMessageRestricted
                        0x30008008     0x6c  Code  Gb  queue.o [1]
vTaskDelay              0x300046b0     0x58  Code  Gb  tasks.o [1]
vTaskDelayUntil         0x300045d4     0xdc  Code  Gb  tasks.o [1]
vTaskInternalSetTimeOutState
                        0x30004e30     0x1c  Code  Gb  tasks.o [1]
vTaskMissedYield        0x30004f40     0x10  Code  Gb  tasks.o [1]
vTaskPlaceOnEventList   0x30004cd8     0x44  Code  Gb  tasks.o [1]
vTaskPlaceOnEventListRestricted
                        0x30004d1c     0x58  Code  Gb  tasks.o [1]
vTaskStartScheduler     0x30004708     0xe0  Code  Gb  tasks.o [1]
vTaskSuspendAll         0x300047e8     0x18  Code  Gb  tasks.o [1]
vTaskSwitchContext      0x30004b78    0x160  Code  Gb  tasks.o [1]
vsnprintf               0x3000919b     0x3e  Code  Gb  vsnprint.o [3]
write_data              0x30006a58     0x3c  Code  Gb  led_flash.o [1]
xActiveTimerList1       0x3001cd44     0x14  Data  Lc  timers.o [1]
xActiveTimerList2       0x3001cd58     0x14  Data  Lc  timers.o [1]
xBlockAllocatedBit      0x3001cd9c      0x4  Data  Lc  heap_4.o [1]
xDelayedTaskList1       0x3001cce0     0x14  Data  Lc  tasks.o [1]
xDelayedTaskList2       0x3001ccf4     0x14  Data  Lc  tasks.o [1]
xFreeBytesRemaining     0x3001cd94      0x4  Data  Lc  heap_4.o [1]
xGtcInstance            0x3001cd6c     0x10  Data  Gb  main.o [1]
xHeapStructSize         0x3000b5c0      0x4  Data  Lc  heap_4.o [1]
xIdleTaskHandle         0x3001cde4      0x4  Data  Lc  tasks.o [1]
xInterruptController    0x3001cd7c      0xc  Data  Gb  main.o [1]
xMinimumEverFreeBytesRemaining
                        0x3001cd98      0x4  Data  Lc  heap_4.o [1]
xNextTaskUnblockTime    0x3001cde0      0x4  Data  Lc  tasks.o [1]
xNumOfOverflows         0x3001cdd8      0x4  Data  Lc  tasks.o [1]
xPendingReadyList       0x3001cd08     0x14  Data  Lc  tasks.o [1]
xPortGetFreeHeapSize    0x30005804      0xc  Code  Gb  heap_4.o [1]
xPortGetMinimumEverFreeHeapSize
                        0x30005810      0xc  Code  Gb  heap_4.o [1]
xPortStartScheduler     0x30005c60     0x70  Code  Gb  port.o [1]
xQueue                  0x3001cda0      0x4  Data  Lc  led_flash.o [1]
xQueueGenericCreate     0x300076a4     0x80  Code  Gb  queue.o [1]
xQueueGenericCreateStatic
                        0x300075a0    0x104  Code  Gb  queue.o [1]
xQueueGenericReset      0x300074dc     0xc4  Code  Gb  queue.o [1]
xQueueGenericSend       0x30007774    0x260  Code  Gb  queue.o [1]
xQueueGenericSendFromISR
                        0x300079d4    0x16c  Code  Gb  queue.o [1]
xQueueReceive           0x30007b40    0x1dc  Code  Gb  queue.o [1]
xQueueRegistry          0x3001cc6c     0x40  Data  Gb  queue.o [1]
xSchedulerRunning       0x3001cdcc      0x4  Data  Lc  tasks.o [1]
xStart                  0x3001cd88      0x8  Data  Lc  heap_4.o [1]
xSuspendedTaskList      0x3001cd30     0x14  Data  Lc  tasks.o [1]
xTaskCheckForTimeOut    0x30004e50     0xf0  Code  Gb  tasks.o [1]
xTaskCreate             0x300042dc     0xc0  Code  Gb  tasks.o [1]
xTaskCreateStatic       0x30004200     0xdc  Code  Gb  tasks.o [1]
xTaskGetSchedulerState  0x30005114     0x38  Code  Gb  tasks.o [1]
xTaskGetTickCount       0x30004960      0xc  Code  Gb  tasks.o [1]
xTaskIncrementTick      0x30004990    0x1dc  Code  Gb  tasks.o [1]
xTaskPriorityDisinherit
                        0x3000515c    0x114  Code  Gb  tasks.o [1]
xTaskRemoveFromEventList
                        0x30004d74     0xbc  Code  Gb  tasks.o [1]
xTaskResumeAll          0x30004800    0x160  Code  Gb  tasks.o [1]
xTasksWaitingTermination
                        0x3001cd1c     0x14  Data  Lc  tasks.o [1]
xTickCount              0x3001cdc4      0x4  Data  Lc  tasks.o [1]
xTimer                  0x3001ccac     0x20  Data  Lc  FreeRTOS_tick_config.o [1]
xTimerCreateTimerTask   0x30005ec0     0xac  Code  Gb  timers.o [1]
xTimerGenericCommand    0x30005f6c     0xcc  Code  Gb  timers.o [1]
xTimerQueue             0x3001cdfc      0x4  Data  Lc  timers.o [1]
xTimerTaskHandle        0x3001ce00      0x4  Data  Lc  timers.o [1]
xYieldPending           0x3001cdd4      0x4  Data  Lc  tasks.o [1]


[1] = C:\Users\Administrator\Desktop\amp_freertos_test\fsbl-v1.0\SDK\fsbl_platform\FreeRTOS\Debug\Obj
[2] = command line
[3] = dl7Sx_tln.a
[4] = m7Sx_tlv.a
[5] = rt7Sx_tl.a
[6] = sh7Sxi_l.a

  43 714 bytes of readonly  code memory
   3 746 bytes of readonly  data memory
  89 084 bytes of readwrite data memory

Errors: none
Warnings: none
