###############################################################################
#
# IAR ELF Linker V8.11.2.13589/W32 for ARM                27/Feb/2024  19:24:13
# Copyright 2007-2017 IAR Systems AB.
#
#    Output file  =  
#        C:\Users\Administrator\Desktop\amp_freertos_test\fsbl-v1.0\SDK\fsbl_platform\FreeRTOS\Debug\Exe\FreeRTOS.out
#    Map file     =  
#        C:\Users\Administrator\Desktop\amp_freertos_test\fsbl-v1.0\SDK\fsbl_platform\FreeRTOS\Debug\List\FreeRTOS.map
#    Command line =  
#        -f C:\Users\ADMINI~1\AppData\Local\Temp\EWFF3E.tmp
#        (C:\Users\Administrator\Desktop\amp_freertos_test\fsbl-v1.0\SDK\fsbl_platform\FreeRTOS\Debug\Obj\cache.o
#        C:\Users\Administrator\Desktop\amp_freertos_test\fsbl-v1.0\SDK\fsbl_platform\FreeRTOS\Debug\Obj\croutine.o
#        C:\Users\Administrator\Desktop\amp_freertos_test\fsbl-v1.0\SDK\fsbl_platform\FreeRTOS\Debug\Obj\cstartup.o
#        C:\Users\Administrator\Desktop\amp_freertos_test\fsbl-v1.0\SDK\fsbl_platform\FreeRTOS\Debug\Obj\event_groups.o
#        C:\Users\Administrator\Desktop\amp_freertos_test\fsbl-v1.0\SDK\fsbl_platform\FreeRTOS\Debug\Obj\exception_handler.o
#        C:\Users\Administrator\Desktop\amp_freertos_test\fsbl-v1.0\SDK\fsbl_platform\FreeRTOS\Debug\Obj\fmsh_common.o
#        C:\Users\Administrator\Desktop\amp_freertos_test\fsbl-v1.0\SDK\fsbl_platform\FreeRTOS\Debug\Obj\fmsh_dmac.o
#        C:\Users\Administrator\Desktop\amp_freertos_test\fsbl-v1.0\SDK\fsbl_platform\FreeRTOS\Debug\Obj\fmsh_dmac_g.o
#        C:\Users\Administrator\Desktop\amp_freertos_test\fsbl-v1.0\SDK\fsbl_platform\FreeRTOS\Debug\Obj\fmsh_dmac_sinit.o
#        C:\Users\Administrator\Desktop\amp_freertos_test\fsbl-v1.0\SDK\fsbl_platform\FreeRTOS\Debug\Obj\fmsh_gic.o
#        C:\Users\Administrator\Desktop\amp_freertos_test\fsbl-v1.0\SDK\fsbl_platform\FreeRTOS\Debug\Obj\fmsh_gic_intr.o
#        C:\Users\Administrator\Desktop\amp_freertos_test\fsbl-v1.0\SDK\fsbl_platform\FreeRTOS\Debug\Obj\fmsh_gic_sinit.o
#        C:\Users\Administrator\Desktop\amp_freertos_test\fsbl-v1.0\SDK\fsbl_platform\FreeRTOS\Debug\Obj\fmsh_gpio.o
#        C:\Users\Administrator\Desktop\amp_freertos_test\fsbl-v1.0\SDK\fsbl_platform\FreeRTOS\Debug\Obj\fmsh_gpio_g.o
#        C:\Users\Administrator\Desktop\amp_freertos_test\fsbl-v1.0\SDK\fsbl_platform\FreeRTOS\Debug\Obj\fmsh_gpio_sinit.o
#        C:\Users\Administrator\Desktop\amp_freertos_test\fsbl-v1.0\SDK\fsbl_platform\FreeRTOS\Debug\Obj\fmsh_gtc.o
#        C:\Users\Administrator\Desktop\amp_freertos_test\fsbl-v1.0\SDK\fsbl_platform\FreeRTOS\Debug\Obj\fmsh_gtc_g.o
#        C:\Users\Administrator\Desktop\amp_freertos_test\fsbl-v1.0\SDK\fsbl_platform\FreeRTOS\Debug\Obj\fmsh_gtc_sinit.o
#        C:\Users\Administrator\Desktop\amp_freertos_test\fsbl-v1.0\SDK\fsbl_platform\FreeRTOS\Debug\Obj\fmsh_print.o
#        C:\Users\Administrator\Desktop\amp_freertos_test\fsbl-v1.0\SDK\fsbl_platform\FreeRTOS\Debug\Obj\fmsh_testmem.o
#        C:\Users\Administrator\Desktop\amp_freertos_test\fsbl-v1.0\SDK\fsbl_platform\FreeRTOS\Debug\Obj\fmsh_ttc.o
#        C:\Users\Administrator\Desktop\amp_freertos_test\fsbl-v1.0\SDK\fsbl_platform\FreeRTOS\Debug\Obj\fmsh_ttc_g.o
#        C:\Users\Administrator\Desktop\amp_freertos_test\fsbl-v1.0\SDK\fsbl_platform\FreeRTOS\Debug\Obj\fmsh_ttc_sinit.o
#        C:\Users\Administrator\Desktop\amp_freertos_test\fsbl-v1.0\SDK\fsbl_platform\FreeRTOS\Debug\Obj\fmsh_uart.o
#        C:\Users\Administrator\Desktop\amp_freertos_test\fsbl-v1.0\SDK\fsbl_platform\FreeRTOS\Debug\Obj\fmsh_uart_g.o
#        C:\Users\Administrator\Desktop\amp_freertos_test\fsbl-v1.0\SDK\fsbl_platform\FreeRTOS\Debug\Obj\fmsh_uart_sinit.o
#        C:\Users\Administrator\Desktop\amp_freertos_test\fsbl-v1.0\SDK\fsbl_platform\FreeRTOS\Debug\Obj\FreeRTOS_asm_vectors.o
#        C:\Users\Administrator\Desktop\amp_freertos_test\fsbl-v1.0\SDK\fsbl_platform\FreeRTOS\Debug\Obj\FreeRTOS_tick_config.o
#        C:\Users\Administrator\Desktop\amp_freertos_test\fsbl-v1.0\SDK\fsbl_platform\FreeRTOS\Debug\Obj\heap_4.o
#        C:\Users\Administrator\Desktop\amp_freertos_test\fsbl-v1.0\SDK\fsbl_platform\FreeRTOS\Debug\Obj\led_flash.o
#        C:\Users\Administrator\Desktop\amp_freertos_test\fsbl-v1.0\SDK\fsbl_platform\FreeRTOS\Debug\Obj\list.o
#        C:\Users\Administrator\Desktop\amp_freertos_test\fsbl-v1.0\SDK\fsbl_platform\FreeRTOS\Debug\Obj\main.o
#        C:\Users\Administrator\Desktop\amp_freertos_test\fsbl-v1.0\SDK\fsbl_platform\FreeRTOS\Debug\Obj\mmu_table.o
#        C:\Users\Administrator\Desktop\amp_freertos_test\fsbl-v1.0\SDK\fsbl_platform\FreeRTOS\Debug\Obj\ParTest.o
#        C:\Users\Administrator\Desktop\amp_freertos_test\fsbl-v1.0\SDK\fsbl_platform\FreeRTOS\Debug\Obj\platform.o
#        C:\Users\Administrator\Desktop\amp_freertos_test\fsbl-v1.0\SDK\fsbl_platform\FreeRTOS\Debug\Obj\port.o
#        C:\Users\Administrator\Desktop\amp_freertos_test\fsbl-v1.0\SDK\fsbl_platform\FreeRTOS\Debug\Obj\portASM.o
#        C:\Users\Administrator\Desktop\amp_freertos_test\fsbl-v1.0\SDK\fsbl_platform\FreeRTOS\Debug\Obj\ps_init.o
#        C:\Users\Administrator\Desktop\amp_freertos_test\fsbl-v1.0\SDK\fsbl_platform\FreeRTOS\Debug\Obj\queue.o
#        C:\Users\Administrator\Desktop\amp_freertos_test\fsbl-v1.0\SDK\fsbl_platform\FreeRTOS\Debug\Obj\stream_buffer.o
#        C:\Users\Administrator\Desktop\amp_freertos_test\fsbl-v1.0\SDK\fsbl_platform\FreeRTOS\Debug\Obj\tasks.o
#        C:\Users\Administrator\Desktop\amp_freertos_test\fsbl-v1.0\SDK\fsbl_platform\FreeRTOS\Debug\Obj\timers.o
#        --redirect _Printf=_PrintfFullNoMb --redirect _Scanf=_ScanfFullNoMb -o
#        C:\Users\Administrator\Desktop\amp_freertos_test\fsbl-v1.0\SDK\fsbl_platform\FreeRTOS\Debug\Exe\FreeRTOS.out
#        --map
#        C:\Users\Administrator\Desktop\amp_freertos_test\fsbl-v1.0\SDK\fsbl_platform\FreeRTOS\Debug\List\FreeRTOS.map
#        --config
#        C:\Users\Administrator\Desktop\amp_freertos_test\fsbl-v1.0\SDK\fsbl_platform\FreeRTOS\a7_sram.icf
#        --semihosting=iar_breakpoint --entry resetHandler --vfe --text_out
#        locale)
#
###############################################################################

*******************************************************************************
*** RUNTIME MODEL ATTRIBUTES
***

CppFlavor       = *
__SystemLibrary = DLib
__dlib_version  = 6


*******************************************************************************
*** HEAP SELECTION
***

The basic heap was selected because no calls to memory allocation
functions were found in the application outside of system library
functions, and there are calls to deallocation functions in the
application.


*******************************************************************************
*** PLACEMENT SUMMARY
***

"P1":  place in [from 0x30004000 to 0x300040ff] { section .vectors };
"P2":  place in [from 0x30004100 to 0x300041ff] { section .freertos_vectors };
"P3":  place in [from 0x30000000 to 0x30003fff] { section .mmu_tbl };
"P4":  place in [from 0x30004200 to 0x3fffffff] { ro };
"P5":  place in [from 0x30004200 to 0x3fffffff] { section .cstartup };
define block IRQ_STACK with size = 512, alignment = 8 { };
define block FIQ_STACK with size = 512, alignment = 8 { };
define block ABT_STACK with size = 512, alignment = 8 { };
define block UND_STACK with size = 512, alignment = 8 { };
define block CSTACK with size = 16K, alignment = 8 { };
define block HEAP with size = 1K, alignment = 8 { };
"P6":  place in [from 0x30004200 to 0x3fffffff] {
          rw, block IRQ_STACK, block FIQ_STACK, block ABT_STACK,
          block UND_STACK, block CSTACK, block HEAP };
initialize by copy with packing = copy, complex ranges { rw };

  Section            Kind        Address     Size  Object
  -------            ----        -------     ----  ------
"P3":                                      0x4000
  .mmu_tbl           ro code  0x30000000   0x4000  mmu_table.o [1]
                            - 0x30004000   0x4000

"P1":                                        0xe0
  .vectors           ro code  0x30004000     0xe0  cstartup.o [1]
                            - 0x300040e0     0xe0

"P2":                                        0x74
  .freertos_vectors  ro code  0x30004100     0x74  FreeRTOS_asm_vectors.o [1]
                            - 0x30004174     0x74

"P4-P6", part 1 of 3:                      0x871c
  .text              ro code  0x30004200   0x10f4  tasks.o [1]
  .text              ro code  0x300052f4    0x1b4  main.o [1]
  .text              ro code  0x300054a8    0x424  heap_4.o [1]
  .text              ro code  0x300058cc     0x74  ABImemset.o [5]
  .text              ro code  0x30005940    0x114  list.o [1]
  .text              ro code  0x30005a54    0x390  port.o [1]
  .text              ro code  0x30005de4    0x77c  timers.o [1]
  .text              ro code  0x30006560     0x44  fmsh_gtc.o [1]
  .text              ro code  0x300065a4    0x298  cache.o [1]
  .text              ro code  0x3000683c     0x94  platform.o [1]
  .text              ro code  0x300068d0    0xb88  led_flash.o [1]
  .text              ro code  0x30007458     0x3c  fmsh_gic_sinit.o [1]
  .text              ro code  0x30007494    0x454  fmsh_gic.o [1]
  .text              ro code  0x300078e8     0x60  ParTest.o [1]
  .text              ro code  0x30007948     0x54  fmsh_gtc_sinit.o [1]
  .text              ro code  0x3000799c    0x13c  FreeRTOS_tick_config.o [1]
  .text              ro code  0x30007ad8    0x2a8  portASM.o [1]
  .text              ro code  0x30007d80    0xbd4  queue.o [1]
  .text              ro code  0x30008954     0x54  fmsh_uart_sinit.o [1]
  .text              ro code  0x300089a8    0x80c  fmsh_uart.o [1]
  .text              ro code  0x300091b4     0xa0  fmsh_print.o [1]
  .text              ro code  0x30009254     0xe8  fmsh_common.o [1]
  .text              ro code  0x3000933c      0x8  ABImemclr4.o [5]
  .text              ro code  0x30009344     0xd4  ABImemcpy.o [5]
  .text              ro code  0x30009418     0x42  sprintf.o [3]
  .text              ro code  0x3000945a     0x1a  xsnprout.o [3]
  .text              ro code  0x30009474     0x54  fmsh_gpio_sinit.o [1]
  .text              ro code  0x300094c8    0x210  fmsh_gpio.o [1]
  .text              ro code  0x300096d8     0x54  fmsh_ttc_sinit.o [1]
  .text              ro code  0x3000972c    0x354  fmsh_ttc.o [1]
  .text              ro code  0x30009a80     0x62  round.o [4]
  .text              ro code  0x30009ae2     0x3e  vsnprint.o [3]
  .text              ro code  0x30009b20     0x54  strlen.o [5]
  .text              ro code  0x30009b74     0x2a  printf.o [3]
  .text              ro code  0x30009b9e      0x6  abort.o [3]
  .text              ro code  0x30009ba4     0x52  DblToU64.o [4]
  .text              ro code  0x30009bf6      0xa  xsprout.o [3]
  .text              ro code  0x30009c00     0x38  ABImemset48.o [5]
  .text              ro code  0x30009c38    0xe20  xprintffull_nomb.o [3]
  .text              ro code  0x3000aa58     0x16  exit.o [6]
  .rodata            const    0x3000aa6e      0x2  xprintffull_nomb.o [3]
  .text              ro code  0x3000aa70     0x20  strchr.o [5]
  .text              ro code  0x3000aa90     0x2e  xfail_s.o [3]
  .text              ro code  0x3000aac0     0x94  memchr.o [5]
  .text              ro code  0x3000ab54    0x130  I64DivMod.o [5]
  .text              ro code  0x3000ac84     0x12  DblMul.o [4]
  .text              ro code  0x3000ac98     0x70  frexp.o [4]
  .text              ro code  0x3000ad08     0x2e  DblCmpLe.o [4]
  .text              ro code  0x3000ad38     0x2e  DblCmpGe.o [4]
  .text              ro code  0x3000ad68    0x104  ldexp.o [4]
  .text              ro code  0x3000ae6c      0xe  DblToS32.o [4]
  .text              ro code  0x3000ae7a      0xe  S32ToDbl.o [4]
  .text              ro code  0x3000ae88     0x12  DblSub.o [4]
  .text              ro code  0x3000ae9a     0x12  DblDiv.o [4]
  .text              ro code  0x3000aeac      0xe  DblToU32.o [4]
  .text              ro code  0x3000aeba      0xe  U32ToDbl.o [4]
  .text              ro code  0x3000aec8    0x1a8  I32DivMod.o [5]
  .text              ro code  0x3000b070     0x76  iarttio.o [6]
  .text              ro code  0x3000b0e6      0x2  iar_semihosting.o [6]
  .text              ro code  0x3000b0e8      0x4  I64DivZer.o [5]
  .text              ro code  0x3000b0ec      0x4  IntDivZer.o [5]
  .text              ro code  0x3000b0f0      0xa  XShttio.o [3]
  .text              ro code  0x3000b0fc    0x158  exception_handler.o [1]
  .cstartup          ro code  0x3000b254    0x134  cstartup.o [1]
  .rodata            const    0x3000b388     0x7c  FreeRTOS_tick_config.o [1]
  .rodata            const    0x3000b404     0x7c  port.o [1]
  .rodata            const    0x3000b480     0x78  fmsh_gpio.o [1]
  .rodata            const    0x3000b4f8     0x78  fmsh_uart.o [1]
  .rodata            const    0x3000b570     0x78  heap_4.o [1]
  .rodata            const    0x3000b5e8     0x74  fmsh_gic.o [1]
  .rodata            const    0x3000b65c     0x74  fmsh_ttc.o [1]
  .rodata            const    0x3000b6d0     0x70  ParTest.o [1]
  .rodata            const    0x3000b740     0x6c  main.o [1]
  .rodata            const    0x3000b7ac     0x68  queue.o [1]
  .rodata            const    0x3000b814     0x68  tasks.o [1]
  .rodata            const    0x3000b87c     0x68  timers.o [1]
  .rodata            const    0x3000b8e4     0x4c  exception_handler.o [1]
  .rodata            const    0x3000b930     0x4c  xprintffull_nomb.o [3]
  .text              ro code  0x3000b97c     0x40  zero_init3.o [5]
  .rodata            const    0x3000b9bc     0x3c  exception_handler.o [1]
  .rodata            const    0x3000b9f8     0x3c  exception_handler.o [1]
  .rodata            const    0x3000ba34     0x34  exception_handler.o [1]
  .text              ro code  0x3000ba68     0x30  data_init.o [5]
  .rodata            const    0x3000ba98     0x2c  exception_handler.o [1]
  .rodata            const    0x3000bac4     0x2c  exception_handler.o [1]
  .rodata            const    0x3000baf0     0x2c  exception_handler.o [1]
  .rodata            const    0x3000bb1c     0x2c  exception_handler.o [1]
  .rodata            const    0x3000bb48     0x2c  exception_handler.o [1]
  .text              ro code  0x3000bb74     0x2c  cmain.o [5]
  .text              ro code  0x3000bba0      0x4  low_level_init.o [3]
  Veneer             ro code  0x3000bba4      0x8  - Linker created -
  .text              ro code  0x3000bbac      0x4  exit.o [3]
  .text              ro code  0x3000bbb0     0x10  cexit.o [5]
  .text              ro code  0x3000bbc0     0x2c  copy_init3.o [5]
  .text              ro code  0x3000bbec     0x28  fpinit.o [4]
  .rodata            const    0x3000bc14     0x24  exception_handler.o [1]
  .rodata            const    0x3000bc38     0x24  exception_handler.o [1]
  .rodata            const    0x3000bc5c     0x24  fmsh_common.o [1]
  .text              ro code  0x3000bc80     0x24  iarwrite.o [6]
  .text              ro code  0x3000bca4     0x22  iarwstd.o [6]
  .iar.init_table    const    0x3000bcc8     0x24  - Linker created -
  .rodata            const    0x3000bcec     0x20  exception_handler.o [1]
  .rodata            const    0x3000bd0c     0x20  led_flash.o [1]
  .rodata            const    0x3000bd2c     0x20  led_flash.o [1]
  .rodata            const    0x3000bd4c     0x20  xfail_s.o [3]
  .text              ro code  0x3000bd6c     0x20  putchar.o [3]
  .text              ro code  0x3000bd8c      0xc  write.o [6]
  .text              ro code  0x3000bd98     0x14  dwrite.o [6]
  .rodata            const    0x3000bdac     0x1c  exception_handler.o [1]
  .rodata            const    0x3000bdc8     0x1c  exception_handler.o [1]
  .rodata            const    0x3000bde4     0x1c  exception_handler.o [1]
  .rodata            const    0x3000be00     0x1c  exception_handler.o [1]
  .rodata            const    0x3000be1c     0x1c  exception_handler.o [1]
  .rodata            const    0x3000be38     0x1c  led_flash.o [1]
  .rodata            const    0x3000be54     0x18  exception_handler.o [1]
  .rodata            const    0x3000be6c     0x18  exception_handler.o [1]
  .rodata            const    0x3000be84     0x18  exception_handler.o [1]
  .rodata            const    0x3000be9c     0x18  exception_handler.o [1]
  .rodata            const    0x3000beb4     0x18  led_flash.o [1]
  .text              ro code  0x3000becc     0x16  xprout.o [3]
  .rodata            const    0x3000bee4     0x14  exception_handler.o [1]
  .rodata            const    0x3000bef8     0x14  exception_handler.o [1]
  .rodata            const    0x3000bf0c     0x14  exception_handler.o [1]
  .rodata            const    0x3000bf20     0x14  exception_handler.o [1]
  .rodata            const    0x3000bf34     0x10  exception_handler.o [1]
  .rodata            const    0x3000bf44     0x10  led_flash.o [1]
  .rodata            const    0x3000bf54     0x10  led_flash.o [1]
  .rodata            const    0x3000bf64     0x10  led_flash.o [1]
  .rodata            const    0x3000bf74     0x10  led_flash.o [1]
  .rodata            const    0x3000bf84     0x10  led_flash.o [1]
  .rodata            const    0x3000bf94     0x10  led_flash.o [1]
  .rodata            const    0x3000bfa4     0x10  led_flash.o [1]
  .rodata            const    0x3000bfb4     0x10  led_flash.o [1]
  .rodata            const    0x3000bfc4     0x10  led_flash.o [1]
  .rodata            const    0x3000bfd4     0x10  xprintffull_nomb.o [3]
  .rodata            const    0x3000bfe4      0xc  exception_handler.o [1]
  .rodata            const    0x3000bff0      0xc  led_flash.o [1]
  .rodata            const    0x3000bffc      0xc  led_flash.o [1]
  .rodata            const    0x3000c008      0xc  led_flash.o [1]
  .rodata            const    0x3000c014      0xc  led_flash.o [1]
  .rodata            const    0x3000c020      0xc  led_flash.o [1]
  .rodata            const    0x3000c02c      0x8  led_flash.o [1]
  .rodata            const    0x3000c034      0x8  led_flash.o [1]
  .rodata            const    0x3000c03c      0x8  led_flash.o [1]
  .rodata            const    0x3000c044      0x8  led_flash.o [1]
  .rodata            const    0x3000c04c      0x8  led_flash.o [1]
  .rodata            const    0x3000c054      0x8  led_flash.o [1]
  .rodata            const    0x3000c05c      0x8  led_flash.o [1]
  .rodata            const    0x3000c064      0x8  led_flash.o [1]
  .rodata            const    0x3000c06c      0x8  tasks.o [1]
  .rodata            const    0x3000c074      0x8  timers.o [1]
  .rodata            const    0x3000c07c      0x8  timers.o [1]
  .rodata            const    0x3000c084      0x8  xprintffull_nomb.o [3]
  .rodata            const    0x3000c08c      0x4  heap_4.o [1]
  .rodata            const    0x3000c090      0x4  iarttio.o [6]
  .rodata            const    0x3000c094      0x0  zero_init3.o [5]
  .rodata            const    0x3000c094      0x0  copy_init3.o [5]
  P4-P6 s0                    0x3000c094    0x444  <Init block>
    .data            inited   0x3000c094    0x2ec  fmsh_gic_sinit.o [1]
    .data            inited   0x3000c380     0xb8  exception_handler.o [1]
    .data            inited   0x3000c438     0x38  exception_handler.o [1]
    .data            inited   0x3000c470     0x20  fmsh_gpio_g.o [1]
    .data            inited   0x3000c490     0x20  fmsh_uart_g.o [1]
    .data            inited   0x3000c4b0     0x10  fmsh_ttc_g.o [1]
    .data            inited   0x3000c4c0      0x8  fmsh_gtc_g.o [1]
    .data            inited   0x3000c4c8      0x8  XShttio.o [3]
    .data            inited   0x3000c4d0      0x4  FreeRTOS_tick_config.o [1]
    .data            inited   0x3000c4d4      0x4  port.o [1]
  Initializer bytes  const    0x3000c4d8    0x444  <for P4-P6 s0>
                            - 0x3000c91c   0x871c

"P4-P6", part 2 of 3:                     0x10fc0
  .bss               zero     0x3000c91c  0x10000  heap_4.o [1]
  .bss               zero     0x3001c91c    0x7d0  main.o [1]
  .bss               zero     0x3001d0ec    0x3e8  main.o [1]
  .bss               zero     0x3001d4d4     0x8c  tasks.o [1]
  .bss               zero     0x3001d560     0x74  platform.o [1]
  .bss               zero     0x3001d5d4     0x5c  main.o [1]
  .bss               zero     0x3001d630     0x5c  main.o [1]
  .bss               zero     0x3001d68c     0x54  timers.o [1]
  .bss               zero     0x3001d6e0     0x50  timers.o [1]
  .bss               zero     0x3001d730     0x40  queue.o [1]
  .bss               zero     0x3001d770     0x20  FreeRTOS_tick_config.o [1]
  .bss               zero     0x3001d790     0x14  ParTest.o [1]
  .bss               zero     0x3001d7a4     0x14  tasks.o [1]
  .bss               zero     0x3001d7b8     0x14  tasks.o [1]
  .bss               zero     0x3001d7cc     0x14  tasks.o [1]
  .bss               zero     0x3001d7e0     0x14  tasks.o [1]
  .bss               zero     0x3001d7f4     0x14  tasks.o [1]
  .bss               zero     0x3001d808     0x14  timers.o [1]
  .bss               zero     0x3001d81c     0x14  timers.o [1]
  .bss               zero     0x3001d830     0x10  led_flash.o [1]
  .bss               zero     0x3001d840     0x10  main.o [1]
  .bss               zero     0x3001d850      0xc  main.o [1]
  .bss               zero     0x3001d85c      0x8  heap_4.o [1]
  .bss               zero     0x3001d864      0x4  heap_4.o [1]
  .bss               zero     0x3001d868      0x4  heap_4.o [1]
  .bss               zero     0x3001d86c      0x4  heap_4.o [1]
  .bss               zero     0x3001d870      0x4  heap_4.o [1]
  .bss               zero     0x3001d874      0x4  port.o [1]
  .bss               zero     0x3001d878      0x4  port.o [1]
  .bss               zero     0x3001d87c      0x4  port.o [1]
  .bss               zero     0x3001d880      0x4  tasks.o [1]
  .bss               zero     0x3001d884      0x4  tasks.o [1]
  .bss               zero     0x3001d888      0x4  tasks.o [1]
  .bss               zero     0x3001d88c      0x4  tasks.o [1]
  .bss               zero     0x3001d890      0x4  tasks.o [1]
  .bss               zero     0x3001d894      0x4  tasks.o [1]
  .bss               zero     0x3001d898      0x4  tasks.o [1]
  .bss               zero     0x3001d89c      0x4  tasks.o [1]
  .bss               zero     0x3001d8a0      0x4  tasks.o [1]
  .bss               zero     0x3001d8a4      0x4  tasks.o [1]
  .bss               zero     0x3001d8a8      0x4  tasks.o [1]
  .bss               zero     0x3001d8ac      0x4  tasks.o [1]
  .bss               zero     0x3001d8b0      0x4  tasks.o [1]
  .bss               zero     0x3001d8b4      0x4  tasks.o [1]
  .bss               zero     0x3001d8b8      0x4  tasks.o [1]
  .bss               zero     0x3001d8bc      0x4  tasks.o [1]
  .bss               zero     0x3001d8c0      0x4  tasks.o [1]
  .bss               zero     0x3001d8c4      0x4  timers.o [1]
  .bss               zero     0x3001d8c8      0x4  timers.o [1]
  .bss               zero     0x3001d8cc      0x4  timers.o [1]
  .bss               zero     0x3001d8d0      0x4  timers.o [1]
  .bss               zero     0x3001d8d4      0x4  timers.o [1]
  .bss               zero     0x3001d8d8      0x4  xfail_s.o [3]
                            - 0x3001d8dc  0x10fc0

"P4-P6", part 3 of 3:                      0x4800
  IRQ_STACK                   0x3001d8e0    0x200  <Block>
    IRQ_STACK        uninit   0x3001d8e0    0x200  <Block tail>
  FIQ_STACK                   0x3001dae0    0x200  <Block>
    FIQ_STACK        uninit   0x3001dae0    0x200  <Block tail>
  ABT_STACK                   0x3001dce0    0x200  <Block>
    ABT_STACK        uninit   0x3001dce0    0x200  <Block tail>
  UND_STACK                   0x3001dee0    0x200  <Block>
    UND_STACK        uninit   0x3001dee0    0x200  <Block tail>
  CSTACK                      0x3001e0e0   0x4000  <Block>
    CSTACK           uninit   0x3001e0e0   0x4000  <Block tail>
                            - 0x300220e0   0x4800


*******************************************************************************
*** INIT TABLE
***

          Address     Size
          -------     ----
Zero (__iar_zero_init3)
    1 destination range, total size 0x10fc0:
          0x3000c91c  0x10fc0

Copy (__iar_copy_init3)
    1 source range, total size 0x444:
          0x3000c4d8    0x444
    1 destination range, total size 0x444:
          0x3000c094    0x444



*******************************************************************************
*** MODULE SUMMARY
***

    Module                  ro code  ro data  rw data
    ------                  -------  -------  -------
C:\Users\Administrator\Desktop\amp_freertos_test\fsbl-v1.0\SDK\fsbl_platform\FreeRTOS\Debug\Obj: [1]
    FreeRTOS_asm_vectors.o      116
    FreeRTOS_tick_config.o      316      128       36
    ParTest.o                    96      112       20
    cache.o                     664
    cstartup.o                  532
    exception_handler.o         344    1 156      240
    fmsh_common.o               232       36
    fmsh_gic.o                1 108      116
    fmsh_gic_sinit.o             60      748      748
    fmsh_gpio.o                 528      120
    fmsh_gpio_g.o                         32       32
    fmsh_gpio_sinit.o            84
    fmsh_gtc.o                   68
    fmsh_gtc_g.o                           8        8
    fmsh_gtc_sinit.o             84
    fmsh_print.o                160
    fmsh_ttc.o                  852      116
    fmsh_ttc_g.o                          16       16
    fmsh_ttc_sinit.o             84
    fmsh_uart.o               2 060      120
    fmsh_uart_g.o                         32       32
    fmsh_uart_sinit.o            84
    heap_4.o                  1 060      124   65 560
    led_flash.o               2 952      384       16
    list.o                      276
    main.o                      436      108    3 212
    mmu_table.o              16 384
    platform.o                  148               116
    port.o                      912      128       16
    portASM.o                   680
    queue.o                   3 028      104       64
    tasks.o                   4 340      112      308
    timers.o                  1 916      120      224
    -------------------------------------------------
    Total:                   39 604    3 820   70 648

command line: [2]
    -------------------------------------------------
    Total:

dl7Sx_tln.a: [3]
    XShttio.o                    10        8        8
    abort.o                       6
    exit.o                        4
    low_level_init.o              4
    printf.o                     42
    putchar.o                    32
    sprintf.o                    66
    vsnprint.o                   62
    xfail_s.o                    46       32        4
    xprintffull_nomb.o        3 616      102
    xprout.o                     22
    xsnprout.o                   26
    xsprout.o                    10
    -------------------------------------------------
    Total:                    3 946      142       12

m7Sx_tlv.a: [4]
    DblCmpGe.o                   46
    DblCmpLe.o                   46
    DblDiv.o                     18
    DblMul.o                     18
    DblSub.o                     18
    DblToS32.o                   14
    DblToU32.o                   14
    DblToU64.o                   82
    S32ToDbl.o                   14
    U32ToDbl.o                   14
    fpinit.o                     40
    frexp.o                     112
    ldexp.o                     260
    round.o                      98
    -------------------------------------------------
    Total:                      794

rt7Sx_tl.a: [5]
    ABImemclr4.o                  8
    ABImemcpy.o                 212
    ABImemset.o                 116
    ABImemset48.o                56
    I32DivMod.o                 424
    I64DivMod.o                 304
    I64DivZer.o                   4
    IntDivZer.o                   4
    cexit.o                      16
    cmain.o                      44
    copy_init3.o                 44
    data_init.o                  48
    memchr.o                    148
    strchr.o                     32
    strlen.o                     84
    zero_init3.o                 64
    -------------------------------------------------
    Total:                    1 608

sh7Sxi_l.a: [6]
    dwrite.o                     20
    exit.o                       22
    iar_semihosting.o             2
    iarttio.o                   118        4
    iarwrite.o                   36
    iarwstd.o                    34
    write.o                      12
    -------------------------------------------------
    Total:                      244        4

    Gaps                         10        4
    Linker created                8       36   18 432
-----------------------------------------------------
    Grand Total:             46 214    4 006   89 092


*******************************************************************************
*** ENTRY LIST
***

Entry                      Address     Size  Type      Object
-----                      -------     ----  ----      ------
.iar.init_table$$Base   0x3000bcc8            --   Gb  - Linker created -
.iar.init_table$$Limit  0x3000bcec            --   Gb  - Linker created -
?main                   0x3000bb74           Code  Gb  cmain.o [5]
ABT_STACK$$Base         0x3001dce0            --   Gb  - Linker created -
ABT_STACK$$Limit        0x3001dee0            --   Gb  - Linker created -
Abort_C_Handler         0x3000b100     0x70  Code  Gb  exception_handler.o [1]
Ad_Collect_test         0x300072fc     0x18  Code  Lc  led_flash.o [1]
CPUInitialize           0x30007498     0x30  Code  Lc  fmsh_gic.o [1]
CSTACK$$Base            0x3001e0e0            --   Gb  - Linker created -
CSTACK$$Limit           0x300220e0            --   Gb  - Linker created -
DistributorInit         0x30007494      0x4  Code  Lc  fmsh_gic.o [1]
FGicPs_CfgInitialize    0x300074c8     0xd0  Code  Gb  fmsh_gic.o [1]
FGicPs_ConfigTable      0x3000c094    0x2ec  Data  Gb  fmsh_gic_sinit.o [1]
FGicPs_Connect          0x30007598     0x98  Code  Gb  fmsh_gic.o [1]
FGicPs_Enable           0x30007630     0x84  Code  Gb  fmsh_gic.o [1]
FGicPs_InterruptMaptoCpu
                        0x30007854     0x7c  Code  Gb  fmsh_gic.o [1]
FGicPs_LookupConfig     0x30007458     0x3c  Code  Gb  fmsh_gic_sinit.o [1]
FGicPs_SetPriorityTriggerType
                        0x300076e0    0x174  Code  Gb  fmsh_gic.o [1]
FGpioPS_output_example  0x30006d3c     0xd0  Code  Gb  led_flash.o [1]
FGpioPs_ConfigTable     0x3000c470     0x20  Data  Gb  fmsh_gpio_g.o [1]
FGpioPs_LookupConfig    0x30009474     0x54  Code  Gb  fmsh_gpio_sinit.o [1]
FGpioPs_getIdCode       0x30009690     0x44  Code  Gb  fmsh_gpio.o [1]
FGpioPs_getVerIdCode    0x30009650     0x40  Code  Gb  fmsh_gpio.o [1]
FGpioPs_init            0x300094c8     0x34  Code  Gb  fmsh_gpio.o [1]
FGpioPs_setBitDirection
                        0x300095a8     0xa8  Code  Gb  fmsh_gpio.o [1]
FGpioPs_writeBit        0x300094fc     0xac  Code  Gb  fmsh_gpio.o [1]
FGtcPs_ConfigTable      0x3000c4c0      0x8  Data  Gb  fmsh_gtc_g.o [1]
FGtcPs_LookupConfig     0x30007948     0x54  Code  Gb  fmsh_gtc_sinit.o [1]
FGtcPs_enableCounter    0x30006574     0x1c  Code  Gb  fmsh_gtc.o [1]
FGtcPs_getConuterL      0x30006590     0x14  Code  Gb  fmsh_gtc.o [1]
FGtcPs_init             0x30006560     0x14  Code  Gb  fmsh_gtc.o [1]
FIQInterrupt            0x3000b208     0x1c  Code  Gb  exception_handler.o [1]
FIQ_Handler             0x30004078           Code  Gb  cstartup.o [1]
FIQ_STACK$$Base         0x3001dae0            --   Gb  - Linker created -
FIQ_STACK$$Limit        0x3001dce0            --   Gb  - Linker created -
FMSH_ExceptionNullHandler
                        0x3000b0fc      0x4  Code  Lc  exception_handler.o [1]
FMSH_In32               0x300078d8      0x8  Code  Gb  fmsh_gic.o [1]
FMSH_Out32              0x300078e0      0x8  Code  Gb  fmsh_gic.o [1]
FTtcPs_ClearTimerNInterrupt
                        0x300099ec     0x90  Code  Gb  fmsh_ttc.o [1]
FTtcPs_ConfigTable      0x3000c4b0     0x10  Data  Gb  fmsh_ttc_g.o [1]
FTtcPs_LookupConfig     0x300096d8     0x54  Code  Gb  fmsh_ttc_sinit.o [1]
FTtcPs_TimerNLoadCount  0x30009954     0x98  Code  Gb  fmsh_ttc.o [1]
FTtcPs_init             0x3000972c     0x1c  Code  Gb  fmsh_ttc.o [1]
FTtcPs_setTimerEnble    0x30009748    0x100  Code  Gb  fmsh_ttc.o [1]
FTtcPs_setTimerMode     0x30009848    0x10c  Code  Gb  fmsh_ttc.o [1]
FUartPs_ConfigTable     0x3000c490     0x20  Data  Gb  fmsh_uart_g.o [1]
FUartPs_LookupConfig    0x30008954     0x54  Code  Gb  fmsh_uart_sinit.o [1]
FUartPs_areFifosEnabled
                        0x30008db4     0x74  Code  Gb  fmsh_uart.o [1]
FUartPs_autoCompParams  0x300090f0     0xbc  Code  Gb  fmsh_uart.o [1]
FUartPs_disableIrq      0x30008f08     0x74  Code  Gb  fmsh_uart.o [1]
FUartPs_enableFifos     0x30008d38     0x7c  Code  Gb  fmsh_uart.o [1]
FUartPs_getLineStatus   0x30008e30     0x70  Code  Gb  fmsh_uart.o [1]
FUartPs_getTxTrigger    0x30008f7c     0x68  Code  Gb  fmsh_uart.o [1]
FUartPs_init            0x300089a8     0x5c  Code  Gb  fmsh_uart.o [1]
FUartPs_isBusy          0x30008a04     0x70  Code  Gb  fmsh_uart.o [1]
FUartPs_resetInstance   0x30008fec    0x104  Code  Gb  fmsh_uart.o [1]
FUartPs_resetRxFifo     0x30008ad8     0x64  Code  Gb  fmsh_uart.o [1]
FUartPs_resetTxFifo     0x30008a74     0x64  Code  Gb  fmsh_uart.o [1]
FUartPs_setBaudRate     0x30008c14     0x78  Code  Gb  fmsh_uart.o [1]
FUartPs_setClockDivisor
                        0x30008b3c     0xd8  Code  Gb  fmsh_uart.o [1]
FUartPs_setLineControl  0x30008c8c     0xac  Code  Gb  fmsh_uart.o [1]
FUartPs_write           0x30008ea0     0x68  Code  Gb  fmsh_uart.o [1]
FreeRTOS_IRQ_Handler    0x30007bd0           Code  Gb  portASM.o [1]
FreeRTOS_SWI_Handler    0x30007ad8           Code  Gb  portASM.o [1]
FreeRTOS_Tick_Handler   0x30005c94     0x5c  Code  Gb  port.o [1]
IRQInterrupt            0x3000b1ec     0x1c  Code  Gb  exception_handler.o [1]
IRQ_Handler             0x30004038           Code  Gb  cstartup.o [1]
IRQ_STACK$$Base         0x3001d8e0            --   Gb  - Linker created -
IRQ_STACK$$Limit        0x3001dae0            --   Gb  - Linker created -
LoadInt                 0x30009dd7     0x7a  Code  Lc  xprintffull_nomb.o [3]
MMUTable                0x30000000           Code  Gb  mmu_table.o [1]
Prefetch_C_Handler      0x3000b170     0x5c  Code  Gb  exception_handler.o [1]
Region$$Table$$Base     0x3000bcc8            --   Gb  - Linker created -
Region$$Table$$Limit    0x3000bcec            --   Gb  - Linker created -
SVCHandler              0x300040b8           Code  Gb  cstartup.o [1]
SWInterrupt             0x3000b1cc     0x10  Code  Gb  exception_handler.o [1]
SendData                0x30009204     0x50  Code  Lc  fmsh_print.o [1]
StubHandler             0x300076b4     0x2c  Code  Lc  fmsh_gic.o [1]
UND_STACK$$Base         0x3001dee0            --   Gb  - Linker created -
UND_STACK$$Limit        0x3001e0e0            --   Gb  - Linker created -
Undefined_C_Handler     0x3000b1dc     0x10  Code  Gb  exception_handler.o [1]
XExc_VectorTable        0x3000c438     0x38  Data  Gb  exception_handler.o [1]
_GenldFullNoMb          0x3000a7c3    0x268  Code  Lc  xprintffull_nomb.o [3]
_LdtobFullNoMb          0x3000a375    0x448  Code  Lc  xprintffull_nomb.o [3]
_LitobFullNoMb          0x3000a215    0x116  Code  Lc  xprintffull_nomb.o [3]
_PrintfFullNoMb         0x30009c39    0x198  Code  Gb  xprintffull_nomb.o [3]
_Prout                  0x3000becd     0x16  Code  Gb  xprout.o [3]
_PutcharsFullNoMb       0x3000aa2b     0x2e  Code  Lc  xprintffull_nomb.o [3]
_PutfldFullNoMb         0x30009e51    0x2b6  Code  Lc  xprintffull_nomb.o [3]
_PuttxtFullNoMb         0x3000a107    0x10e  Code  Lc  xprintffull_nomb.o [3]
_SNProut                0x3000945b     0x1a  Code  Gb  xsnprout.o [3]
_SProut                 0x30009bf7      0xa  Code  Gb  xsprout.o [3]
__ICFEDIT_region_RAM_end__ {Abs}
                        0x3fffffff           Data  Gb  command line/config [2]
__ICFEDIT_region_RAM_start__ {Abs}
                        0x30004000           Data  Gb  command line/config [2]
__ICFEDIT_size_cstack__ {Abs}
                        0x00004000           Data  Gb  command line/config [2]
__ICFEDIT_size_fiqstack__ {Abs}
                        0x00000200           Data  Gb  command line/config [2]
__ICFEDIT_size_heap__ {Abs}
                        0x00000400           Data  Gb  command line/config [2]
__ICFEDIT_size_irqstack__ {Abs}
                        0x00000200           Data  Gb  command line/config [2]
__ICFEDIT_size_vectors__ {Abs}
                        0x00000100           Data  Gb  command line/config [2]
__aeabi_cdcmple         0x3000ad09           Code  Gb  DblCmpLe.o [4]
__aeabi_cdrcmple        0x3000ad39           Code  Gb  DblCmpGe.o [4]
__aeabi_d2iz            0x3000ae6d      0xe  Code  Gb  DblToS32.o [4]
__aeabi_d2uiz           0x3000aead      0xe  Code  Gb  DblToU32.o [4]
__aeabi_d2ulz           0x30009ba5           Code  Gb  DblToU64.o [4]
__aeabi_ddiv            0x3000ae9b     0x12  Code  Gb  DblDiv.o [4]
__aeabi_dmul            0x3000ac85     0x12  Code  Gb  DblMul.o [4]
__aeabi_dsub            0x3000ae89     0x12  Code  Gb  DblSub.o [4]
__aeabi_i2d             0x3000ae7b      0xe  Code  Gb  S32ToDbl.o [4]
__aeabi_idiv            0x3000aec8           Code  Gb  I32DivMod.o [5]
__aeabi_idiv0           0x3000b0ec           Code  Gb  IntDivZer.o [5]
__aeabi_idivmod         0x3000aec8           Code  Gb  I32DivMod.o [5]
__aeabi_ldiv0           0x3000b0e8           Code  Gb  I64DivZer.o [5]
__aeabi_memclr4         0x3000933c           Code  Gb  ABImemclr4.o [5]
__aeabi_memcpy          0x30009344           Code  Gb  ABImemcpy.o [5]
__aeabi_memcpy4         0x30009368           Code  Gb  ABImemcpy.o [5]
__aeabi_memcpy8         0x30009368           Code  Gb  ABImemcpy.o [5]
__aeabi_memset          0x300058cc           Code  Gb  ABImemset.o [5]
__aeabi_ui2d            0x3000aebb      0xe  Code  Gb  U32ToDbl.o [4]
__aeabi_uidiv           0x3000aef4           Code  Gb  I32DivMod.o [5]
__aeabi_uidivmod        0x3000aef4           Code  Gb  I32DivMod.o [5]
__aeabi_uldivmod        0x3000ab54           Code  Gb  I64DivMod.o [5]
__cmain                 0x3000bb74           Code  Gb  cmain.o [5]
__dwrite                0x3000bd99     0x14  Code  Gb  dwrite.o [6]
__exit                  0x3000aa59     0x16  Code  Gb  exit.o [6]
__iar_Fail_s            0x3000aa91     0x2e  Code  Gb  xfail_s.o [3]
__iar_Memchr            0x3000aac0           Code  Gb  memchr.o [5]
__iar_Memset            0x300058cc           Code  Gb  ABImemset.o [5]
__iar_Memset4_word      0x30009c00           Code  Gb  ABImemset48.o [5]
__iar_Memset8_word      0x30009c00           Code  Gb  ABImemset48.o [5]
__iar_Memset_word       0x300058d4           Code  Gb  ABImemset.o [5]
__iar_Strchr            0x3000aa70           Code  Gb  strchr.o [5]
__iar_close_ttio        0x3000b071     0x32  Code  Gb  iarttio.o [6]
__iar_copy_init3        0x3000bbc1     0x2c  Code  Gb  copy_init3.o [5]
__iar_data_init3        0x3000ba69     0x30  Code  Gb  data_init.o [5]
__iar_frexp             0x3000aca5           Code  Gb  frexp.o [4]
__iar_frexpl            0x3000aca5           Code  Gb  frexp.o [4]
__iar_get_ttio          0x3000b0a3     0x44  Code  Gb  iarttio.o [6]
__iar_init_vfp          0x3000bc00           Code  Gb  fpinit.o [4]
__iar_init_vfp_v6       0x3000bbec           Code  Gb  fpinit.o [4]
__iar_ldexp64           0x3000ad7d           Code  Gb  ldexp.o [4]
__iar_lookup_ttioh      0x3000b0f1      0xa  Code  Gb  XShttio.o [3]
__iar_round64           0x30009a91           Code  Gb  round.o [4]
__iar_scalbln64         0x3000ad7d           Code  Gb  ldexp.o [4]
__iar_scalbn64          0x3000ad7d           Code  Gb  ldexp.o [4]
__iar_semihosting       0x3000b0e7      0x2  Code  Gb  iar_semihosting.o [6]
__iar_sh_stdout         0x3000bca5     0x22  Code  Gb  iarwstd.o [6]
__iar_sh_write          0x3000bc81     0x24  Code  Gb  iarwrite.o [6]
__iar_softfp___iar_frexp64
                        0x3000ac99           Code  Gb  frexp.o [4]
__iar_softfp___iar_ldexp64
                        0x3000ad69           Code  Gb  ldexp.o [4]
__iar_softfp___iar_scalbln64
                        0x3000ad69           Code  Gb  ldexp.o [4]
__iar_softfp___iar_scalbn64
                        0x3000ad69           Code  Gb  ldexp.o [4]
__iar_softfp_frexp      0x3000ac99           Code  Gb  frexp.o [4]
__iar_softfp_frexpl     0x3000ac99           Code  Gb  frexp.o [4]
__iar_softfp_ldexp      0x3000ad69           Code  Gb  ldexp.o [4]
__iar_softfp_ldexpl     0x3000ad69           Code  Gb  ldexp.o [4]
__iar_softfp_scalbln    0x3000ad69           Code  Gb  ldexp.o [4]
__iar_softfp_scalblnl   0x3000ad69           Code  Gb  ldexp.o [4]
__iar_softfp_scalbn     0x3000ad69           Code  Gb  ldexp.o [4]
__iar_softfp_scalbnl    0x3000ad69           Code  Gb  ldexp.o [4]
__iar_systems$$module {Abs}
                        0x00000001           Data  Gb  command line/config [2]
__iar_ttio_handles      0x3000c4c8      0x8  Data  Lc  XShttio.o [3]
__iar_vfp___iar_round64
                        0x30009a81           Code  Gb  round.o [4]
__iar_vfp_round         0x30009a81           Code  Gb  round.o [4]
__iar_vfp_roundl        0x30009a81           Code  Gb  round.o [4]
__iar_zero_init3        0x3000b97d     0x40  Code  Gb  zero_init3.o [5]
__low_level_init        0x3000bba1      0x4  Code  Gb  low_level_init.o [3]
__write                 0x3000bd8d      0xc  Code  Gb  write.o [6]
_call_main              0x3000bb88           Code  Gb  cmain.o [5]
_exit                   0x3000bbb0           Code  Gb  cexit.o [5]
_freertos_vector_table  0x30004100           Code  Gb  FreeRTOS_asm_vectors.o [1]
_main                   0x3000bb90           Code  Gb  cmain.o [5]
abort                   0x30009b9f      0x6  Code  Gb  abort.o [3]
abort_status            0x3000c380     0xb8  Data  Lc  exception_handler.o [1]
ad_init                 0x30006a34     0xb4  Code  Gb  led_flash.o [1]
ad_selfcheck            0x30006ae8     0xc4  Code  Gb  led_flash.o [1]
ads                     0x3001d830     0x10  Data  Gb  led_flash.o [1]
dcache_enable           0x3000680c     0x30  Code  Gb  cache.o [1]
delay_ms                0x300092cc     0x64  Code  Gb  fmsh_common.o [1]
exit                    0x3000bbad      0x4  Code  Gb  exit.o [3]
fmsh_print              0x300091b4     0x4c  Code  Gb  fmsh_print.o [1]
g_UART                  0x3001d560     0x74  Data  Gb  platform.o [1]
get_ad_value            0x30006e78    0x474  Code  Gb  led_flash.o [1]
get_ccsidr              0x300065c8      0x8  Code  Lc  cache.o [1]
get_clidr               0x300065d0      0x8  Code  Lc  cache.o [1]
get_cpsr                0x300065b8      0x8  Code  Lc  cache.o [1]
get_cr                  0x300065a4      0x8  Code  Lc  cache.o [1]
get_current_time        0x3000928c     0x40  Code  Gb  fmsh_common.o [1]
global_timer_enable     0x30009278     0x14  Code  Gb  fmsh_common.o [1]
gpio_init               0x300069c8     0x6c  Code  Gb  led_flash.o [1]
gpio_set_direction      0x30006908     0x60  Code  Gb  led_flash.o [1]
gpio_set_value          0x30006968     0x60  Code  Gb  led_flash.o [1]
icache_enable           0x300067cc     0x18  Code  Gb  cache.o [1]
init_platform           0x300068c4      0xc  Code  Gb  platform.o [1]
init_uart               0x3000683c     0x84  Code  Gb  platform.o [1]
invalidate_dcache_all   0x300067e4     0x28  Code  Gb  cache.o [1]
ldexp                   0x3000ad7d           Code  Gb  ldexp.o [4]
ldexpl                  0x3000ad7d           Code  Gb  ldexp.o [4]
led_flash               0x30007314     0xcc  Code  Gb  led_flash.o [1]
main                    0x300052f4     0x20  Code  Gb  main.o [1]
memchr                  0x3000aac0           Code  Gb  memchr.o [5]
mmu_enabled             0x30006768     0x10  Code  Lc  cache.o [1]
mmu_setup               0x30006778     0x50  Code  Gb  cache.o [1]
onAssert__              0x30009254     0x24  Code  Gb  fmsh_common.o [1]
printf                  0x30009b75     0x2a  Code  Gb  printf.o [3]
prvAddCurrentTaskToDelayedList
                        0x300051d0     0xf8  Code  Lc  tasks.o [1]
prvAddNewTaskToReadyList
                        0x300044cc    0x108  Code  Lc  tasks.o [1]
prvCheckForValidListAndQueue
                        0x300064a0     0x8c  Code  Lc  timers.o [1]
prvCheckForValidListAndQueue{1}{2}{3}{4}::ucStaticTimerQueueStorage
                        0x3001d6e0     0x50  Data  Lc  timers.o [1]
prvCheckForValidListAndQueue{1}{2}{3}{4}::xStaticTimerQueue
                        0x3001d68c     0x54  Data  Lc  timers.o [1]
prvCheckTasksWaitingTermination
                        0x30004f1c     0x6c  Code  Lc  tasks.o [1]
prvCopyDataFromQueue    0x3000864c     0x5c  Code  Lc  queue.o [1]
prvCopyDataToQueue      0x30008544    0x108  Code  Lc  queue.o [1]
prvDeleteTCB            0x30004f94     0x5c  Code  Lc  tasks.o [1]
prvGetNextExpireTime    0x300060d0     0x50  Code  Lc  timers.o [1]
prvHeapInit             0x30005740     0xb0  Code  Lc  heap_4.o [1]
prvIdleTask             0x30004e80     0x28  Code  Lc  tasks.o [1]
prvInitialiseNewQueue   0x30007f48     0x50  Code  Lc  queue.o [1]
prvInitialiseNewTask    0x3000439c    0x130  Code  Lc  tasks.o [1]
prvInitialiseTaskLists  0x30004eb0     0x6c  Code  Lc  tasks.o [1]
prvInsertBlockIntoFreeList
                        0x300057f0     0xbc  Code  Lc  heap_4.o [1]
prvInsertTimerInActiveList
                        0x30006168     0x8c  Code  Lc  timers.o [1]
prvIsQueueEmpty         0x3000877c     0x30  Code  Lc  queue.o [1]
prvIsQueueFull          0x300087ac     0x34  Code  Lc  queue.o [1]
prvNotifyQueueSetContainer
                        0x30008898     0xb4  Code  Lc  queue.o [1]
prvProcessExpiredTimer  0x30005f5c     0xa4  Code  Lc  timers.o [1]
prvProcessReceivedCommands
                        0x300061f4    0x1c0  Code  Lc  timers.o [1]
prvProcessTimerOrBlockTask
                        0x30006028     0xa8  Code  Lc  timers.o [1]
prvQueueReceiveTask     0x30006e0c     0x54  Code  Lc  led_flash.o [1]
prvResetNextTaskUnblockTime
                        0x30004ff0     0x48  Code  Lc  tasks.o [1]
prvSampleTimeNow        0x30006120     0x48  Code  Lc  timers.o [1]
prvSampleTimeNow::xLastTime
                        0x3001d8d4      0x4  Data  Lc  timers.o [1]
prvSetupHardware        0x30005314     0x94  Code  Lc  main.o [1]
prvSwitchTimerLists     0x300063b4     0xec  Code  Lc  timers.o [1]
prvTaskExitError        0x30005b5c     0x28  Code  Lc  port.o [1]
prvTimerTask            0x30006000     0x28  Code  Lc  timers.o [1]
prvUnlockQueue          0x300086a8     0xd4  Code  Lc  queue.o [1]
public_read_value_1byte
                        0x300068f0     0x18  Code  Gb  led_flash.o [1]
public_write_value_1byte
                        0x300068d0     0x20  Code  Gb  led_flash.o [1]
putchar                 0x3000bd6d     0x20  Code  Gb  putchar.o [3]
pvPortMalloc            0x300054a8    0x1c0  Code  Gb  heap_4.o [1]
pxCurrentTCB            0x3001d880      0x4  Data  Gb  tasks.o [1]
pxCurrentTimerList      0x3001d8c4      0x4  Data  Lc  timers.o [1]
pxDelayedTaskList       0x3001d884      0x4  Data  Lc  tasks.o [1]
pxEnd                   0x3001d864      0x4  Data  Lc  heap_4.o [1]
pxOverflowDelayedTaskList
                        0x3001d888      0x4  Data  Lc  tasks.o [1]
pxOverflowTimerList     0x3001d8c8      0x4  Data  Lc  timers.o [1]
pxPortInitialiseStack   0x30005a54    0x108  Code  Gb  port.o [1]
pxReadyTasksLists       0x3001d4d4     0x8c  Data  Lc  tasks.o [1]
resetHandler            0x3000b254           Code  Gb  cstartup.o [1]
resetVector             0x30004000           Code  Gb  cstartup.o [1]
round                   0x30009a91           Code  Gb  round.o [4]
roundl                  0x30009a91           Code  Gb  round.o [4]
scalbln                 0x3000ad7d           Code  Gb  ldexp.o [4]
scalblnl                0x3000ad7d           Code  Gb  ldexp.o [4]
scalbn                  0x3000ad7d           Code  Gb  ldexp.o [4]
scalbnl                 0x3000ad7d           Code  Gb  ldexp.o [4]
scale                   0x3000a32b     0x4a  Code  Lc  xprintffull_nomb.o [3]
sec_hand                0x3001d8d8      0x4  Data  Lc  xfail_s.o [3]
set_cpsr                0x300065c0      0x8  Code  Lc  cache.o [1]
set_cr                  0x300065ac      0xc  Code  Lc  cache.o [1]
set_csselr              0x300065d8      0x8  Code  Lc  cache.o [1]
sprintf                 0x30009419     0x42  Code  Gb  sprintf.o [3]
strchr                  0x3000aa70           Code  Gb  strchr.o [5]
strlen                  0x30009b20           Code  Gb  strlen.o [5]
tGpio                   0x3001d790     0x14  Data  Lc  ParTest.o [1]
ucHeap                  0x3000c91c  0x10000  Data  Lc  heap_4.o [1]
ulCriticalNesting       0x3000c4d4      0x4  Data  Gb  port.o [1]
ulPortInterruptNesting  0x3001d87c      0x4  Data  Gb  port.o [1]
ulPortSetInterruptMask  0x30005d18     0x3c  Code  Gb  port.o [1]
ulPortTaskHasFPUContext
                        0x3001d874      0x4  Data  Gb  port.o [1]
ulPortYieldRequired     0x3001d878      0x4  Data  Gb  port.o [1]
ulTaskSwitchedInTime    0x3001d8bc      0x4  Data  Lc  tasks.o [1]
ulTotalRunTime          0x3001d8c0      0x4  Data  Lc  tasks.o [1]
usart_enable            0x30006bfc     0x2c  Code  Gb  led_flash.o [1]
usart_init              0x30006bac     0x50  Code  Gb  led_flash.o [1]
usart_receive_n_data    0x30006cc8     0x74  Code  Gb  led_flash.o [1]
usart_send_datas        0x30006c28     0x64  Code  Gb  led_flash.o [1]
usart_send_msg_to_pl    0x30006c8c     0x3c  Code  Gb  led_flash.o [1]
uxCurrentNumberOfTasks  0x3001d890      0x4  Data  Lc  tasks.o [1]
uxDeletedTasksWaitingCleanUp
                        0x3001d88c      0x4  Data  Lc  tasks.o [1]
uxListRemove            0x30005a04     0x50  Code  Gb  list.o [1]
uxPendedTicks           0x3001d8a0      0x4  Data  Lc  tasks.o [1]
uxSchedulerSuspended    0x3001d8b8      0x4  Data  Lc  tasks.o [1]
uxTaskNumber            0x3001d8ac      0x4  Data  Lc  tasks.o [1]
uxTopReadyPriority      0x3001d898      0x4  Data  Lc  tasks.o [1]
v7_clean_invalidate_by_set_way
                        0x300065e0      0x8  Code  Lc  cache.o [1]
v7_dcache_entire_op     0x30006614    0x154  Code  Lc  cache.o [1]
v7_inval_tlb            0x300065f0     0x24  Code  Lc  cache.o [1]
v7_invalidate_by_set_way
                        0x300065e8      0x8  Code  Lc  cache.o [1]
vApplicationFPUSafeIRQHandler
                        0x30007a80     0x40  Code  Gb  FreeRTOS_tick_config.o [1]
vApplicationFPUSafeIRQHandler::pxVectorTable
                        0x3000c4d0      0x4  Data  Lc  FreeRTOS_tick_config.o [1]
vApplicationGetIdleTaskMemory
                        0x3000544c     0x1c  Code  Gb  main.o [1]
vApplicationGetIdleTaskMemory::uxIdleTaskStack
                        0x3001d0ec    0x3e8  Data  Lc  main.o [1]
vApplicationGetIdleTaskMemory::xIdleTaskTCB
                        0x3001d5d4     0x5c  Data  Lc  main.o [1]
vApplicationGetTimerTaskMemory
                        0x30005468     0x1c  Code  Gb  main.o [1]
vApplicationGetTimerTaskMemory::uxTimerTaskStack
                        0x3001c91c    0x7d0  Data  Lc  main.o [1]
vApplicationGetTimerTaskMemory::xTimerTaskTCB
                        0x3001d630     0x5c  Data  Lc  main.o [1]
vApplicationIRQHandler  0x30007d24           Code  Gb  portASM.o [1]
vApplicationIdleHook    0x300053c8     0x24  Code  Gb  main.o [1]
vApplicationMallocFailedHook
                        0x300053a8      0xc  Code  Gb  main.o [1]
vApplicationStackOverflowHook
                        0x300053b4     0x14  Code  Gb  main.o [1]
vApplicationTickHook    0x30005420      0x4  Code  Gb  main.o [1]
vAssertCalled           0x300053ec     0x34  Code  Gb  main.o [1]
vClearTickInterrupt     0x30007a6c     0x14  Code  Gb  FreeRTOS_tick_config.o [1]
vConfigureTickInterrupt
                        0x3000799c     0xd0  Code  Gb  FreeRTOS_tick_config.o [1]
vInitialiseTimerForRunTimeStats
                        0x30005424     0x28  Code  Gb  main.o [1]
vListInitialise         0x30005940     0x2c  Code  Gb  list.o [1]
vListInitialiseItem     0x3000596c      0xc  Code  Gb  list.o [1]
vListInsert             0x300059a8     0x5c  Code  Gb  list.o [1]
vListInsertEnd          0x30005978     0x30  Code  Gb  list.o [1]
vParTestInitialise      0x300078e8     0x58  Code  Gb  ParTest.o [1]
vPortClearInterruptMask
                        0x30005cf0     0x28  Code  Gb  port.o [1]
vPortEnterCritical      0x30005bf4     0x4c  Code  Gb  port.o [1]
vPortExitCritical       0x30005c40     0x54  Code  Gb  port.o [1]
vPortFree               0x30005668     0xc0  Code  Gb  heap_4.o [1]
vPortInstallFreeRTOSVectorTable
                        0x3000415c           Code  Gb  FreeRTOS_asm_vectors.o [1]
vPortRestoreTaskContext
                        0x30007b78           Code  Gb  portASM.o [1]
vPortValidateInterruptPriority
                        0x30005d54     0x44  Code  Gb  port.o [1]
vQueueAddToRegistry     0x300087e0     0x4c  Code  Gb  queue.o [1]
vQueueWaitForMessageRestricted
                        0x3000882c     0x6c  Code  Gb  queue.o [1]
vTaskDelay              0x300045d4     0x58  Code  Gb  tasks.o [1]
vTaskInternalSetTimeOutState
                        0x30004d54     0x1c  Code  Gb  tasks.o [1]
vTaskMissedYield        0x30004e64     0x10  Code  Gb  tasks.o [1]
vTaskPlaceOnEventList   0x30004bfc     0x44  Code  Gb  tasks.o [1]
vTaskPlaceOnEventListRestricted
                        0x30004c40     0x58  Code  Gb  tasks.o [1]
vTaskStartScheduler     0x3000462c     0xe0  Code  Gb  tasks.o [1]
vTaskSuspendAll         0x3000470c     0x18  Code  Gb  tasks.o [1]
vTaskSwitchContext      0x30004a9c    0x160  Code  Gb  tasks.o [1]
vsnprintf               0x30009ae3     0x3e  Code  Gb  vsnprint.o [3]
xActiveTimerList1       0x3001d808     0x14  Data  Lc  timers.o [1]
xActiveTimerList2       0x3001d81c     0x14  Data  Lc  timers.o [1]
xBlockAllocatedBit      0x3001d870      0x4  Data  Lc  heap_4.o [1]
xDelayedTaskList1       0x3001d7a4     0x14  Data  Lc  tasks.o [1]
xDelayedTaskList2       0x3001d7b8     0x14  Data  Lc  tasks.o [1]
xFreeBytesRemaining     0x3001d868      0x4  Data  Lc  heap_4.o [1]
xGtcInstance            0x3001d840     0x10  Data  Gb  main.o [1]
xHeapStructSize         0x3000c08c      0x4  Data  Lc  heap_4.o [1]
xIdleTaskHandle         0x3001d8b4      0x4  Data  Lc  tasks.o [1]
xInterruptController    0x3001d850      0xc  Data  Gb  main.o [1]
xMinimumEverFreeBytesRemaining
                        0x3001d86c      0x4  Data  Lc  heap_4.o [1]
xNextTaskUnblockTime    0x3001d8b0      0x4  Data  Lc  tasks.o [1]
xNumOfOverflows         0x3001d8a8      0x4  Data  Lc  tasks.o [1]
xPendingReadyList       0x3001d7cc     0x14  Data  Lc  tasks.o [1]
xPortGetFreeHeapSize    0x30005728      0xc  Code  Gb  heap_4.o [1]
xPortGetMinimumEverFreeHeapSize
                        0x30005734      0xc  Code  Gb  heap_4.o [1]
xPortStartScheduler     0x30005b84     0x70  Code  Gb  port.o [1]
xQueueGenericCreateStatic
                        0x30007e44    0x104  Code  Gb  queue.o [1]
xQueueGenericReset      0x30007d80     0xc4  Code  Gb  queue.o [1]
xQueueGenericSend       0x30007f98    0x260  Code  Gb  queue.o [1]
xQueueGenericSendFromISR
                        0x300081f8    0x16c  Code  Gb  queue.o [1]
xQueueReceive           0x30008364    0x1dc  Code  Gb  queue.o [1]
xQueueRegistry          0x3001d730     0x40  Data  Gb  queue.o [1]
xSchedulerRunning       0x3001d89c      0x4  Data  Lc  tasks.o [1]
xStart                  0x3001d85c      0x8  Data  Lc  heap_4.o [1]
xSuspendedTaskList      0x3001d7f4     0x14  Data  Lc  tasks.o [1]
xTaskCheckForTimeOut    0x30004d74     0xf0  Code  Gb  tasks.o [1]
xTaskCreate             0x300042dc     0xc0  Code  Gb  tasks.o [1]
xTaskCreateStatic       0x30004200     0xdc  Code  Gb  tasks.o [1]
xTaskGetSchedulerState  0x30005038     0x38  Code  Gb  tasks.o [1]
xTaskGetTickCount       0x30004884      0xc  Code  Gb  tasks.o [1]
xTaskIncrementTick      0x300048b4    0x1dc  Code  Gb  tasks.o [1]
xTaskPriorityDisinherit
                        0x30005080    0x114  Code  Gb  tasks.o [1]
xTaskRemoveFromEventList
                        0x30004c98     0xbc  Code  Gb  tasks.o [1]
xTaskResumeAll          0x30004724    0x160  Code  Gb  tasks.o [1]
xTasksWaitingTermination
                        0x3001d7e0     0x14  Data  Lc  tasks.o [1]
xTickCount              0x3001d894      0x4  Data  Lc  tasks.o [1]
xTimer                  0x3001d770     0x20  Data  Lc  FreeRTOS_tick_config.o [1]
xTimerCreateTimerTask   0x30005de4     0xac  Code  Gb  timers.o [1]
xTimerGenericCommand    0x30005e90     0xcc  Code  Gb  timers.o [1]
xTimerQueue             0x3001d8cc      0x4  Data  Lc  timers.o [1]
xTimerTaskHandle        0x3001d8d0      0x4  Data  Lc  timers.o [1]
xYieldPending           0x3001d8a4      0x4  Data  Lc  tasks.o [1]


[1] = C:\Users\Administrator\Desktop\amp_freertos_test\fsbl-v1.0\SDK\fsbl_platform\FreeRTOS\Debug\Obj
[2] = command line
[3] = dl7Sx_tln.a
[4] = m7Sx_tlv.a
[5] = rt7Sx_tl.a
[6] = sh7Sxi_l.a

  46 214 bytes of readonly  code memory
   4 006 bytes of readonly  data memory
  89 092 bytes of readwrite data memory

Errors: none
Warnings: none
